Archive member included to satisfy reference by file (symbol)

e:/ch32_ide/mounriver_studio2/resources/app/resources/win32/components/wch/toolchain/risc-v embedded gcc/bin/../lib/gcc/riscv-none-embed/8.2.0/../../../../riscv-none-embed/lib/rv32imafcxw/ilp32f\libm.a(lib_a-wf_atan2.o)
                              ./User/main.o (atan2f)
e:/ch32_ide/mounriver_studio2/resources/app/resources/win32/components/wch/toolchain/risc-v embedded gcc/bin/../lib/gcc/riscv-none-embed/8.2.0/../../../../riscv-none-embed/lib/rv32imafcxw/ilp32f\libm.a(lib_a-wf_sqrt.o)
                              ./User/main.o (sqrtf)
e:/ch32_ide/mounriver_studio2/resources/app/resources/win32/components/wch/toolchain/risc-v embedded gcc/bin/../lib/gcc/riscv-none-embed/8.2.0/../../../../riscv-none-embed/lib/rv32imafcxw/ilp32f\libm.a(lib_a-ef_atan2.o)
                              e:/ch32_ide/mounriver_studio2/resources/app/resources/win32/components/wch/toolchain/risc-v embedded gcc/bin/../lib/gcc/riscv-none-embed/8.2.0/../../../../riscv-none-embed/lib/rv32imafcxw/ilp32f\libm.a(lib_a-wf_atan2.o) (__ieee754_atan2f)
e:/ch32_ide/mounriver_studio2/resources/app/resources/win32/components/wch/toolchain/risc-v embedded gcc/bin/../lib/gcc/riscv-none-embed/8.2.0/../../../../riscv-none-embed/lib/rv32imafcxw/ilp32f\libm.a(lib_a-ef_sqrt.o)
                              e:/ch32_ide/mounriver_studio2/resources/app/resources/win32/components/wch/toolchain/risc-v embedded gcc/bin/../lib/gcc/riscv-none-embed/8.2.0/../../../../riscv-none-embed/lib/rv32imafcxw/ilp32f\libm.a(lib_a-wf_sqrt.o) (__ieee754_sqrtf)
e:/ch32_ide/mounriver_studio2/resources/app/resources/win32/components/wch/toolchain/risc-v embedded gcc/bin/../lib/gcc/riscv-none-embed/8.2.0/../../../../riscv-none-embed/lib/rv32imafcxw/ilp32f\libm.a(lib_a-s_lib_ver.o)
                              e:/ch32_ide/mounriver_studio2/resources/app/resources/win32/components/wch/toolchain/risc-v embedded gcc/bin/../lib/gcc/riscv-none-embed/8.2.0/../../../../riscv-none-embed/lib/rv32imafcxw/ilp32f\libm.a(lib_a-wf_sqrt.o) (__fdlib_version)
e:/ch32_ide/mounriver_studio2/resources/app/resources/win32/components/wch/toolchain/risc-v embedded gcc/bin/../lib/gcc/riscv-none-embed/8.2.0/../../../../riscv-none-embed/lib/rv32imafcxw/ilp32f\libm.a(lib_a-s_matherr.o)
                              e:/ch32_ide/mounriver_studio2/resources/app/resources/win32/components/wch/toolchain/risc-v embedded gcc/bin/../lib/gcc/riscv-none-embed/8.2.0/../../../../riscv-none-embed/lib/rv32imafcxw/ilp32f\libm.a(lib_a-wf_sqrt.o) (matherr)
e:/ch32_ide/mounriver_studio2/resources/app/resources/win32/components/wch/toolchain/risc-v embedded gcc/bin/../lib/gcc/riscv-none-embed/8.2.0/../../../../riscv-none-embed/lib/rv32imafcxw/ilp32f\libm.a(lib_a-sf_atan.o)
                              e:/ch32_ide/mounriver_studio2/resources/app/resources/win32/components/wch/toolchain/risc-v embedded gcc/bin/../lib/gcc/riscv-none-embed/8.2.0/../../../../riscv-none-embed/lib/rv32imafcxw/ilp32f\libm.a(lib_a-ef_atan2.o) (atanf)
e:/ch32_ide/mounriver_studio2/resources/app/resources/win32/components/wch/toolchain/risc-v embedded gcc/bin/../lib/gcc/riscv-none-embed/8.2.0/../../../../riscv-none-embed/lib/rv32imafcxw/ilp32f\libm.a(lib_a-sf_fabs.o)
                              e:/ch32_ide/mounriver_studio2/resources/app/resources/win32/components/wch/toolchain/risc-v embedded gcc/bin/../lib/gcc/riscv-none-embed/8.2.0/../../../../riscv-none-embed/lib/rv32imafcxw/ilp32f\libm.a(lib_a-ef_atan2.o) (fabsf)
e:/ch32_ide/mounriver_studio2/resources/app/resources/win32/components/wch/toolchain/risc-v embedded gcc/bin/../lib/gcc/riscv-none-embed/8.2.0/../../../../riscv-none-embed/lib/rv32imafcxw/ilp32f\libprintfloat.a(printfloat.o)
                              ./User/main.o (printf)
e:/ch32_ide/mounriver_studio2/resources/app/resources/win32/components/wch/toolchain/risc-v embedded gcc/bin/../lib/gcc/riscv-none-embed/8.2.0/rv32imafcxw/ilp32f\libgcc.a(_udivdi3.o)
                              e:/ch32_ide/mounriver_studio2/resources/app/resources/win32/components/wch/toolchain/risc-v embedded gcc/bin/../lib/gcc/riscv-none-embed/8.2.0/../../../../riscv-none-embed/lib/rv32imafcxw/ilp32f\libprintfloat.a(printfloat.o) (__udivdi3)
e:/ch32_ide/mounriver_studio2/resources/app/resources/win32/components/wch/toolchain/risc-v embedded gcc/bin/../lib/gcc/riscv-none-embed/8.2.0/rv32imafcxw/ilp32f\libgcc.a(_umoddi3.o)
                              e:/ch32_ide/mounriver_studio2/resources/app/resources/win32/components/wch/toolchain/risc-v embedded gcc/bin/../lib/gcc/riscv-none-embed/8.2.0/../../../../riscv-none-embed/lib/rv32imafcxw/ilp32f\libprintfloat.a(printfloat.o) (__umoddi3)
e:/ch32_ide/mounriver_studio2/resources/app/resources/win32/components/wch/toolchain/risc-v embedded gcc/bin/../lib/gcc/riscv-none-embed/8.2.0/rv32imafcxw/ilp32f\libgcc.a(divdf3.o)
[...]
Memory Configuration

Name             Origin             Length             Attributes
FLASH            0x0000000000000000 0x0000000000048000 xr
RAM              0x0000000020000000 0x0000000000008000 xrw
*default*        0x0000000000000000 0xffffffffffffffff

Linker script and memory map

LOAD ./User/ch32v30x_it.o
LOAD ./User/main.o
LOAD ./User/system_ch32v30x.o
LOAD ./User/table.o
LOAD ./Startup/startup_ch32v30x_D8C.o
LOAD ./Peripheral/src/ch32v30x_adc.o
LOAD ./Peripheral/src/ch32v30x_bkp.o
LOAD ./Peripheral/src/ch32v30x_can.o
LOAD ./Peripheral/src/ch32v30x_crc.o
LOAD ./Peripheral/src/ch32v30x_dac.o
LOAD ./Peripheral/src/ch32v30x_dbgmcu.o
LOAD ./Peripheral/src/ch32v30x_dma.o
LOAD ./Peripheral/src/ch32v30x_dvp.o
LOAD ./Peripheral/src/ch32v30x_eth.o
LOAD ./Peripheral/src/ch32v30x_exti.o
LOAD ./Peripheral/src/ch32v30x_flash.o
LOAD ./Peripheral/src/ch32v30x_fsmc.o
LOAD ./Peripheral/src/ch32v30x_gpio.o
LOAD ./Peripheral/src/ch32v30x_i2c.o
LOAD ./Peripheral/src/ch32v30x_iwdg.o
LOAD ./Peripheral/src/ch32v30x_misc.o
LOAD ./Peripheral/src/ch32v30x_opa.o
LOAD ./Peripheral/src/ch32v30x_pwr.o
LOAD ./Peripheral/src/ch32v30x_rcc.o
LOAD ./Peripheral/src/ch32v30x_rng.o
LOAD ./Peripheral/src/ch32v30x_rtc.o
LOAD ./Peripheral/src/ch32v30x_sdio.o
LOAD ./Peripheral/src/ch32v30x_spi.o
LOAD ./Peripheral/src/ch32v30x_tim.o
LOAD ./Peripheral/src/ch32v30x_usart.o
LOAD ./Peripheral/src/ch32v30x_wwdg.o
LOAD ./Debug/debug.o
LOAD ./Core/core_riscv.o
LOAD e:/ch32_ide/mounriver_studio2/resources/app/resources/win32/components/wch/toolchain/risc-v embedded gcc/bin/../lib/gcc/riscv-none-embed/8.2.0/../../../../riscv-none-embed/lib/rv32imafcxw/ilp32f\libm.a
LOAD e:/ch32_ide/mounriver_studio2/resources/app/resources/win32/components/wch/toolchain/risc-v embedded gcc/bin/../lib/gcc/riscv-none-embed/8.2.0/../../../../riscv-none-embed/lib/rv32imafcxw/ilp32f\libprintfloat.a
LOAD e:/ch32_ide/mounriver_studio2/resources/app/resources/win32/components/wch/toolchain/risc-v embedded gcc/bin/../lib/gcc/riscv-none-embed/8.2.0/rv32imafcxw/ilp32f\libgcc.a
LOAD e:/ch32_ide/mounriver_studio2/resources/app/resources/win32/components/wch/toolchain/risc-v embedded gcc/bin/../lib/gcc/riscv-none-embed/8.2.0/../../../../riscv-none-embed/lib/rv32imafcxw/ilp32f\libg_nano.a
LOAD e:/ch32_ide/mounriver_studio2/resources/app/resources/win32/components/wch/toolchain/risc-v embedded gcc/bin/../lib/gcc/riscv-none-embed/8.2.0/../../../../riscv-none-embed/lib/rv32imafcxw/ilp32f\libc_nano.a
LOAD e:/ch32_ide/mounriver_studio2/resources/app/resources/win32/components/wch/toolchain/risc-v embedded gcc/bin/../lib/gcc/riscv-none-embed/8.2.0/rv32imafcxw/ilp32f\libgcc.a
START GROUP
LOAD e:/ch32_ide/mounriver_studio2/resources/app/resources/win32/components/wch/toolchain/risc-v embedded gcc/bin/../lib/gcc/riscv-none-embed/8.2.0/rv32imafcxw/ilp32f\libgcc.a
LOAD e:/ch32_ide/mounriver_studio2/resources/app/resources/win32/components/wch/toolchain/risc-v embedded gcc/bin/../lib/gcc/riscv-none-embed/8.2.0/../../../../riscv-none-embed/lib/rv32imafcxw/ilp32f\libc_nano.a
LOAD e:/ch32_ide/mounriver_studio2/resources/app/resources/win32/components/wch/toolchain/risc-v embedded gcc/bin/../lib/gcc/riscv-none-embed/8.2.0/../../../../riscv-none-embed/lib/rv32imafcxw/ilp32f\libnosys.a
END GROUP
START GROUP
LOAD e:/ch32_ide/mounriver_studio2/resources/app/resources/win32/components/wch/toolchain/risc-v embedded gcc/bin/../lib/gcc/riscv-none-embed/8.2.0/rv32imafcxw/ilp32f\libgcc.a
LOAD e:/ch32_ide/mounriver_studio2/resources/app/resources/win32/components/wch/toolchain/risc-v embedded gcc/bin/../lib/gcc/riscv-none-embed/8.2.0/../../../../riscv-none-embed/lib/rv32imafcxw/ilp32f\libc_nano.a
LOAD e:/ch32_ide/mounriver_studio2/resources/app/resources/win32/components/wch/toolchain/risc-v embedded gcc/bin/../lib/gcc/riscv-none-embed/8.2.0/../../../../riscv-none-embed/lib/rv32imafcxw/ilp32f\libnosys.a
END GROUP
                0x0000000000000800                __stack_size = 0x800
                [!provide]                        PROVIDE (_stack_size = __stack_size)

.init           0x0000000000000000        0x4
                0x0000000000000000                _sinit = .
                0x0000000000000000                . = ALIGN (0x4)
 *(SORT_NONE(.init))
 .init          0x0000000000000000        0x4 ./Startup/startup_ch32v30x_D8C.o
                0x0000000000000000                _start
                0x0000000000000004                . = ALIGN (0x4)
                0x0000000000000004                _einit = .

.vector         0x0000000000000004      0x1bc
 *(.vector)
 .vector        0x0000000000000004      0x1a0 ./Startup/startup_ch32v30x_D8C.o
                0x00000000000001c0                . = ALIGN (0x40)
 *fill*         0x00000000000001a4       0x1c 

.text           0x00000000000001c0     0x4584
                0x00000000000001c0                . = ALIGN (0x4)
 *(.text)
 .text          0x00000000000001c0       0x60 e:/ch32_ide/mounriver_studio2/resources/app/resources/win32/components/wch/toolchain/risc-v embedded gcc/bin/../lib/gcc/riscv-none-embed/8.2.0/rv32imafcxw/ilp32f\libgcc.a(save-restore.o)
                0x00000000000001c0                __riscv_save_12
                0x00000000000001c8                __riscv_save_9
                0x00000000000001c8                __riscv_save_11
                0x00000000000001c8                __riscv_save_10
                0x00000000000001c8                __riscv_save_8
                0x00000000000001d6                __riscv_save_4
                0x00000000000001d6                __riscv_save_6
                0x00000000000001d6                __riscv_save_5
                0x00000000000001d6                __riscv_save_7
                0x00000000000001f0                __riscv_save_3
                0x00000000000001f0                __riscv_save_2
                0x00000000000001f0                __riscv_save_1
                0x00000000000001f0                __riscv_save_0
                0x00000000000001fc                __riscv_restore_12
                0x0000000000000200                __riscv_restore_11
                0x0000000000000200                __riscv_restore_9
                0x0000000000000200                __riscv_restore_10
                0x0000000000000200                __riscv_restore_8
                0x000000000000020a                __riscv_restore_5
                0x000000000000020a                __riscv_restore_7
                0x000000000000020a                __riscv_restore_6
                0x000000000000020a                __riscv_restore_4
                0x0000000000000214                __riscv_restore_3
                0x0000000000000214                __riscv_restore_0
                0x0000000000000214                __riscv_restore_2
                0x0000000000000214                __riscv_restore_1
 *(.text.*)
 .text.NMI_Handler
                0x0000000000000220        0x2 ./User/ch32v30x_it.o
                0x0000000000000220                NMI_Handler
 .text.HardFault_Handler
                0x0000000000000222       0x10 ./User/ch32v30x_it.o
                0x0000000000000222                HardFault_Handler
 .text.robot_arm_4dof_method2
                0x0000000000000232      0x1e8 ./User/main.o
                0x0000000000000232                robot_arm_4dof_method2
 .text.startup.main
                0x000000000000041a       0xa2 ./User/main.o
                0x000000000000041a                main
 .text.SystemInit
                0x00000000000004bc       0xfa ./User/system_ch32v30x.o
                0x00000000000004bc                SystemInit
 .text.SystemCoreClockUpdate
                0x00000000000005b6      0x12a ./User/system_ch32v30x.o
                0x00000000000005b6                SystemCoreClockUpdate
 .text.lookup_sin
                0x00000000000006e0       0x7c ./User/table.o
                0x00000000000006e0                lookup_sin
 .text.lookup_cos
                0x000000000000075c       0x7c ./User/table.o
                0x000000000000075c                lookup_cos
 .text.lookup_sin_any
                0x00000000000007d8       0x40 ./User/table.o
                0x00000000000007d8                lookup_sin_any
 .text.lookup_cos_any
                0x0000000000000818       0x40 ./User/table.o
                0x0000000000000818                lookup_cos_any
 .text.vector_handler
                0x0000000000000858        0x2 ./Startup/startup_ch32v30x_D8C.o
                0x0000000000000858                EXTI2_IRQHandler
                0x0000000000000858                TIM8_TRG_COM_IRQHandler
                0x0000000000000858                TIM8_CC_IRQHandler
                0x0000000000000858                UART8_IRQHandler
                0x0000000000000858                TIM1_CC_IRQHandler
                0x0000000000000858                TIM6_IRQHandler
                0x0000000000000858                SysTick_Handler
                0x0000000000000858                PVD_IRQHandler
                0x0000000000000858                SDIO_IRQHandler
                0x0000000000000858                TIM9_BRK_IRQHandler
                0x0000000000000858                DMA2_Channel8_IRQHandler
                0x0000000000000858                CAN2_RX1_IRQHandler
                0x0000000000000858                EXTI3_IRQHandler
                0x0000000000000858                USBHS_IRQHandler
                0x0000000000000858                DMA2_Channel9_IRQHandler
                0x0000000000000858                TIM10_CC_IRQHandler
                0x0000000000000858                USBFS_IRQHandler
                0x0000000000000858                EXTI0_IRQHandler
                0x0000000000000858                I2C2_EV_IRQHandler
                0x0000000000000858                TIM10_TRG_COM_IRQHandler
                0x0000000000000858                CAN2_SCE_IRQHandler
                0x0000000000000858                ADC1_2_IRQHandler
                0x0000000000000858                Break_Point_Handler
                0x0000000000000858                SPI1_IRQHandler
                0x0000000000000858                TAMPER_IRQHandler
                0x0000000000000858                CAN2_RX0_IRQHandler
                0x0000000000000858                TIM8_UP_IRQHandler
                0x0000000000000858                Ecall_M_Mode_Handler
                0x0000000000000858                DMA2_Channel2_IRQHandler
                0x0000000000000858                DMA1_Channel4_IRQHandler
                0x0000000000000858                TIM9_UP_IRQHandler
                0x0000000000000858                USART3_IRQHandler
                0x0000000000000858                RTC_IRQHandler
                0x0000000000000858                DMA1_Channel7_IRQHandler
                0x0000000000000858                CAN1_RX1_IRQHandler
                0x0000000000000858                DVP_IRQHandler
                0x0000000000000858                UART5_IRQHandler
                0x0000000000000858                TIM4_IRQHandler
                0x0000000000000858                DMA2_Channel1_IRQHandler
                0x0000000000000858                I2C1_EV_IRQHandler
                0x0000000000000858                DMA1_Channel6_IRQHandler
                0x0000000000000858                UART4_IRQHandler
                0x0000000000000858                DMA2_Channel4_IRQHandler
                0x0000000000000858                TIM3_IRQHandler
                0x0000000000000858                RCC_IRQHandler
                0x0000000000000858                TIM1_TRG_COM_IRQHandler
                0x0000000000000858                DMA1_Channel1_IRQHandler
                0x0000000000000858                DMA2_Channel7_IRQHandler
                0x0000000000000858                EXTI15_10_IRQHandler
                0x0000000000000858                TIM7_IRQHandler
                0x0000000000000858                CAN2_TX_IRQHandler
                0x0000000000000858                TIM5_IRQHandler
                0x0000000000000858                EXTI9_5_IRQHandler
                0x0000000000000858                ETH_WKUP_IRQHandler
                0x0000000000000858                SPI2_IRQHandler
                0x0000000000000858                TIM10_BRK_IRQHandler
                0x0000000000000858                TIM9_CC_IRQHandler
                0x0000000000000858                DMA2_Channel5_IRQHandler
                0x0000000000000858                DMA1_Channel5_IRQHandler
                0x0000000000000858                EXTI4_IRQHandler
                0x0000000000000858                USB_LP_CAN1_RX0_IRQHandler
                0x0000000000000858                RNG_IRQHandler
                0x0000000000000858                USB_HP_CAN1_TX_IRQHandler
                0x0000000000000858                DMA1_Channel3_IRQHandler
                0x0000000000000858                ETH_IRQHandler
                0x0000000000000858                TIM1_UP_IRQHandler
                0x0000000000000858                WWDG_IRQHandler
                0x0000000000000858                USBHSWakeup_IRQHandler
                0x0000000000000858                DMA2_Channel11_IRQHandler
                0x0000000000000858                Ecall_U_Mode_Handler
                0x0000000000000858                DMA2_Channel6_IRQHandler
                0x0000000000000858                TIM2_IRQHandler
                0x0000000000000858                SW_Handler
                0x0000000000000858                TIM1_BRK_IRQHandler
                0x0000000000000858                DMA2_Channel10_IRQHandler
                0x0000000000000858                EXTI1_IRQHandler
                0x0000000000000858                RTCAlarm_IRQHandler
                0x0000000000000858                TIM10_UP_IRQHandler
                0x0000000000000858                TIM9_TRG_COM_IRQHandler
                0x0000000000000858                UART7_IRQHandler
                0x0000000000000858                USART2_IRQHandler
                0x0000000000000858                UART6_IRQHandler
                0x0000000000000858                I2C2_ER_IRQHandler
                0x0000000000000858                DMA1_Channel2_IRQHandler
                0x0000000000000858                TIM8_BRK_IRQHandler
                0x0000000000000858                CAN1_SCE_IRQHandler
                0x0000000000000858                FLASH_IRQHandler
                0x0000000000000858                USART1_IRQHandler
                0x0000000000000858                SPI3_IRQHandler
                0x0000000000000858                I2C1_ER_IRQHandler
                0x0000000000000858                USBWakeUp_IRQHandler
                0x0000000000000858                DMA2_Channel3_IRQHandler
 .text.handle_reset
                0x000000000000085a       0x8a ./Startup/startup_ch32v30x_D8C.o
                0x000000000000085a                handle_reset
 .text.DBGMCU_GetCHIPID
                0x00000000000008e4        0xa ./Peripheral/src/ch32v30x_dbgmcu.o
                0x00000000000008e4                DBGMCU_GetCHIPID
 .text.GPIO_Init
                0x00000000000008ee       0xc0 ./Peripheral/src/ch32v30x_gpio.o
                0x00000000000008ee                GPIO_Init
 .text.NVIC_PriorityGroupConfig
                0x00000000000009ae        0x6 ./Peripheral/src/ch32v30x_misc.o
                0x00000000000009ae                NVIC_PriorityGroupConfig
 .text.RCC_GetClocksFreq
                0x00000000000009b4      0x176 ./Peripheral/src/ch32v30x_rcc.o
                0x00000000000009b4                RCC_GetClocksFreq
 .text.RCC_APB2PeriphClockCmd
                0x0000000000000b2a       0x1e ./Peripheral/src/ch32v30x_rcc.o
                0x0000000000000b2a                RCC_APB2PeriphClockCmd
 .text.RCC_APB1PeriphClockCmd
                0x0000000000000b48       0x1e ./Peripheral/src/ch32v30x_rcc.o
                0x0000000000000b48                RCC_APB1PeriphClockCmd
 .text.USART_Init
                0x0000000000000b66       0x8e ./Peripheral/src/ch32v30x_usart.o
                0x0000000000000b66                USART_Init
 .text.USART_Cmd
                0x0000000000000bf4       0x16 ./Peripheral/src/ch32v30x_usart.o
                0x0000000000000bf4                USART_Cmd
 .text.USART_SendData
                0x0000000000000c0a        0x8 ./Peripheral/src/ch32v30x_usart.o
                0x0000000000000c0a                USART_SendData
 .text.USART_GetFlagStatus
                0x0000000000000c12        0xa ./Peripheral/src/ch32v30x_usart.o
                0x0000000000000c12                USART_GetFlagStatus
 .text.USART_Printf_Init
                0x0000000000000c1c       0x56 ./Debug/debug.o
                0x0000000000000c1c                USART_Printf_Init
 .text._write   0x0000000000000c72       0x3a ./Debug/debug.o
                0x0000000000000c72                _write
 .text.atan2f   0x0000000000000cac        0x2 e:/ch32_ide/mounriver_studio2/resources/app/resources/win32/components/wch/toolchain/risc-v embedded gcc/bin/../lib/gcc/riscv-none-embed/8.2.0/../../../../riscv-none-embed/lib/rv32imafcxw/ilp32f\libm.a(lib_a-wf_atan2.o)
                0x0000000000000cac                atan2f
 .text.sqrtf    0x0000000000000cae       0xa4 e:/ch32_ide/mounriver_studio2/resources/app/resources/win32/components/wch/toolchain/risc-v embedded gcc/bin/../lib/gcc/riscv-none-embed/8.2.0/../../../../riscv-none-embed/lib/rv32imafcxw/ilp32f\libm.a(lib_a-wf_sqrt.o)
                0x0000000000000cae                sqrtf
 .text.__ieee754_atan2f
                0x0000000000000d52      0x1be e:/ch32_ide/mounriver_studio2/resources/app/resources/win32/components/wch/toolchain/risc-v embedded gcc/bin/../lib/gcc/riscv-none-embed/8.2.0/../../../../riscv-none-embed/lib/rv32imafcxw/ilp32f\libm.a(lib_a-ef_atan2.o)
                0x0000000000000d52                __ieee754_atan2f
 .text.__ieee754_sqrtf
                0x0000000000000f10       0xcc e:/ch32_ide/mounriver_studio2/resources/app/resources/win32/components/wch/toolchain/risc-v embedded gcc/bin/../lib/gcc/riscv-none-embed/8.2.0/../../../../riscv-none-embed/lib/rv32imafcxw/ilp32f\libm.a(lib_a-ef_sqrt.o)
                0x0000000000000f10                __ieee754_sqrtf
 .text.matherr  0x0000000000000fdc        0x4 e:/ch32_ide/mounriver_studio2/resources/app/resources/win32/components/wch/toolchain/risc-v embedded gcc/bin/../lib/gcc/riscv-none-embed/8.2.0/../../../../riscv-none-embed/lib/rv32imafcxw/ilp32f\libm.a(lib_a-s_matherr.o)
                0x0000000000000fdc                matherr
 .text.atanf    0x0000000000000fe0      0x204 e:/ch32_ide/mounriver_studio2/resources/app/resources/win32/components/wch/toolchain/risc-v embedded gcc/bin/../lib/gcc/riscv-none-embed/8.2.0/../../../../riscv-none-embed/lib/rv32imafcxw/ilp32f\libm.a(lib_a-sf_atan.o)
                0x0000000000000fe0                atanf
 .text.fabsf    0x00000000000011e4        0xe e:/ch32_ide/mounriver_studio2/resources/app/resources/win32/components/wch/toolchain/risc-v embedded gcc/bin/../lib/gcc/riscv-none-embed/8.2.0/../../../../riscv-none-embed/lib/rv32imafcxw/ilp32f\libm.a(lib_a-sf_fabs.o)
                0x00000000000011e4                fabsf
 .text.printchar
                0x00000000000011f2       0x48 e:/ch32_ide/mounriver_studio2/resources/app/resources/win32/components/wch/toolchain/risc-v embedded gcc/bin/../lib/gcc/riscv-none-embed/8.2.0/../../../../riscv-none-embed/lib/rv32imafcxw/ilp32f\libprintfloat.a(printfloat.o)
                0x00000000000011f2                printchar
 .text.prints   0x000000000000123a       0xd8 e:/ch32_ide/mounriver_studio2/resources/app/resources/win32/components/wch/toolchain/risc-v embedded gcc/bin/../lib/gcc/riscv-none-embed/8.2.0/../../../../riscv-none-embed/lib/rv32imafcxw/ilp32f\libprintfloat.a(printfloat.o)
                0x000000000000123a                prints
 .text.printInt
                0x0000000000001312       0xe6 e:/ch32_ide/mounriver_studio2/resources/app/resources/win32/components/wch/toolchain/risc-v embedded gcc/bin/../lib/gcc/riscv-none-embed/8.2.0/../../../../riscv-none-embed/lib/rv32imafcxw/ilp32f\libprintfloat.a(printfloat.o)
                0x0000000000001312                printInt
 .text.printLongLongInt
                0x00000000000013f8      0x11a e:/ch32_ide/mounriver_studio2/resources/app/resources/win32/components/wch/toolchain/risc-v embedded gcc/bin/../lib/gcc/riscv-none-embed/8.2.0/../../../../riscv-none-embed/lib/rv32imafcxw/ilp32f\libprintfloat.a(printfloat.o)
                0x00000000000013f8                printLongLongInt
 .text.printDouble
                0x0000000000001512       0xfa e:/ch32_ide/mounriver_studio2/resources/app/resources/win32/components/wch/toolchain/risc-v embedded gcc/bin/../lib/gcc/riscv-none-embed/8.2.0/../../../../riscv-none-embed/lib/rv32imafcxw/ilp32f\libprintfloat.a(printfloat.o)
                0x0000000000001512                printDouble
 .text.print    0x000000000000160c      0x34c e:/ch32_ide/mounriver_studio2/resources/app/resources/win32/components/wch/toolchain/risc-v embedded gcc/bin/../lib/gcc/riscv-none-embed/8.2.0/../../../../riscv-none-embed/lib/rv32imafcxw/ilp32f\libprintfloat.a(printfloat.o)
                0x000000000000160c                print
 .text.printf   0x0000000000001958       0x22 e:/ch32_ide/mounriver_studio2/resources/app/resources/win32/components/wch/toolchain/risc-v embedded gcc/bin/../lib/gcc/riscv-none-embed/8.2.0/../../../../riscv-none-embed/lib/rv32imafcxw/ilp32f\libprintfloat.a(printfloat.o)
                0x0000000000001958                printf
 .text.puts     0x000000000000197a       0x4a e:/ch32_ide/mounriver_studio2/resources/app/resources/win32/components/wch/toolchain/risc-v embedded gcc/bin/../lib/gcc/riscv-none-embed/8.2.0/../../../../riscv-none-embed/lib/rv32imafcxw/ilp32f\libprintfloat.a(printfloat.o)
                0x000000000000197a                puts
 .text.__udivdi3
                0x00000000000019c4      0x392 e:/ch32_ide/mounriver_studio2/resources/app/resources/win32/components/wch/toolchain/risc-v embedded gcc/bin/../lib/gcc/riscv-none-embed/8.2.0/rv32imafcxw/ilp32f\libgcc.a(_udivdi3.o)
                0x00000000000019c4                __udivdi3
 .text.__umoddi3
                0x0000000000001d56      0x38a e:/ch32_ide/mounriver_studio2/resources/app/resources/win32/components/wch/toolchain/risc-v embedded gcc/bin/../lib/gcc/riscv-none-embed/8.2.0/rv32imafcxw/ilp32f\libgcc.a(_umoddi3.o)
                0x0000000000001d56                __umoddi3
 .text.__divdf3
                0x00000000000020e0      0x7ea e:/ch32_ide/mounriver_studio2/resources/app/resources/win32/components/wch/toolchain/risc-v embedded gcc/bin/../lib/gcc/riscv-none-embed/8.2.0/rv32imafcxw/ilp32f\libgcc.a(divdf3.o)
                0x00000000000020e0                __divdf3
 .text.__ledf2  0x00000000000028ca       0xb6 e:/ch32_ide/mounriver_studio2/resources/app/resources/win32/components/wch/toolchain/risc-v embedded gcc/bin/../lib/gcc/riscv-none-embed/8.2.0/rv32imafcxw/ilp32f\libgcc.a(ledf2.o)
                0x00000000000028ca                __ledf2
                0x00000000000028ca                __ltdf2
 .text.__muldf3
                0x0000000000002980      0x656 e:/ch32_ide/mounriver_studio2/resources/app/resources/win32/components/wch/toolchain/risc-v embedded gcc/bin/../lib/gcc/riscv-none-embed/8.2.0/rv32imafcxw/ilp32f\libgcc.a(muldf3.o)
                0x0000000000002980                __muldf3
 .text.__subdf3
                0x0000000000002fd6      0xa8c e:/ch32_ide/mounriver_studio2/resources/app/resources/win32/components/wch/toolchain/risc-v embedded gcc/bin/../lib/gcc/riscv-none-embed/8.2.0/rv32imafcxw/ilp32f\libgcc.a(subdf3.o)
                0x0000000000002fd6                __subdf3
 .text.__fixdfdi
                0x0000000000003a62      0x130 e:/ch32_ide/mounriver_studio2/resources/app/resources/win32/components/wch/toolchain/risc-v embedded gcc/bin/../lib/gcc/riscv-none-embed/8.2.0/rv32imafcxw/ilp32f\libgcc.a(fixdfdi.o)
                0x0000000000003a62                __fixdfdi
 .text.__floatdidf
                0x0000000000003b92      0x21c e:/ch32_ide/mounriver_studio2/resources/app/resources/win32/components/wch/toolchain/risc-v embedded gcc/bin/../lib/gcc/riscv-none-embed/8.2.0/rv32imafcxw/ilp32f\libgcc.a(floatdidf.o)
                0x0000000000003b92                __floatdidf
 .text.__extendsfdf2
                0x0000000000003dae       0xe8 e:/ch32_ide/mounriver_studio2/resources/app/resources/win32/components/wch/toolchain/risc-v embedded gcc/bin/../lib/gcc/riscv-none-embed/8.2.0/rv32imafcxw/ilp32f\libgcc.a(extendsfdf2.o)
                0x0000000000003dae                __extendsfdf2
 .text.__truncdfsf2
                0x0000000000003e96      0x31e e:/ch32_ide/mounriver_studio2/resources/app/resources/win32/components/wch/toolchain/risc-v embedded gcc/bin/../lib/gcc/riscv-none-embed/8.2.0/rv32imafcxw/ilp32f\libgcc.a(truncdfsf2.o)
                0x0000000000003e96                __truncdfsf2
 .text.__clzsi2
                0x00000000000041b4       0x6e e:/ch32_ide/mounriver_studio2/resources/app/resources/win32/components/wch/toolchain/risc-v embedded gcc/bin/../lib/gcc/riscv-none-embed/8.2.0/rv32imafcxw/ilp32f\libgcc.a(_clzsi2.o)
                0x00000000000041b4                __clzsi2
 .text.__errno  0x0000000000004222        0x8 e:/ch32_ide/mounriver_studio2/resources/app/resources/win32/components/wch/toolchain/risc-v embedded gcc/bin/../lib/gcc/riscv-none-embed/8.2.0/../../../../riscv-none-embed/lib/rv32imafcxw/ilp32f\libg_nano.a(lib_a-errno.o)
                0x0000000000004222                __errno
 *(.rodata)
 *(.rodata*)
 *fill*         0x000000000000422a        0x2 
 .rodata.main.cst4
                0x000000000000422c       0x14 ./User/main.o
 .rodata.main.str1.4
                0x0000000000004240       0x29 ./User/main.o
 *fill*         0x0000000000004269        0x3 
 .rodata.robot_arm_4dof_method2.cst4
                0x000000000000426c        0x8 ./User/main.o
 *fill*         0x0000000000004274        0x4 
 .rodata.robot_arm_4dof_method2.cst8
                0x0000000000004278        0x8 ./User/main.o
 .rodata.robot_arm_4dof_method2.str1.4
                0x0000000000004280       0x98 ./User/main.o
 .rodata.cos_table
                0x0000000000004318       0xfc ./User/table.o
                0x0000000000004318                cos_table
 .rodata.lookup_cos.cst4
                0x0000000000004414        0x4 ./User/table.o
 .rodata.lookup_sin.cst4
                0x0000000000004418       0x14 ./User/table.o
                                         0x18 (size before relaxing)
 .rodata.lookup_sin_any.cst4
                0x000000000000442c        0xc ./User/table.o
 .rodata.sin_table
                0x0000000000004438       0xfc ./User/table.o
                0x0000000000004438                sin_table
 .rodata.sqrtf.str1.4
                0x0000000000004534        0x6 e:/ch32_ide/mounriver_studio2/resources/app/resources/win32/components/wch/toolchain/risc-v embedded gcc/bin/../lib/gcc/riscv-none-embed/8.2.0/../../../../riscv-none-embed/lib/rv32imafcxw/ilp32f\libm.a(lib_a-wf_sqrt.o)
 *fill*         0x000000000000453a        0x2 
 .rodata.__ieee754_atan2f.cst4
                0x000000000000453c       0x20 e:/ch32_ide/mounriver_studio2/resources/app/resources/win32/components/wch/toolchain/risc-v embedded gcc/bin/../lib/gcc/riscv-none-embed/8.2.0/../../../../riscv-none-embed/lib/rv32imafcxw/ilp32f\libm.a(lib_a-ef_atan2.o)
                                         0x28 (size before relaxing)
 .rodata.atanf.cst4
                0x000000000000455c       0x40 e:/ch32_ide/mounriver_studio2/resources/app/resources/win32/components/wch/toolchain/risc-v embedded gcc/bin/../lib/gcc/riscv-none-embed/8.2.0/../../../../riscv-none-embed/lib/rv32imafcxw/ilp32f\libm.a(lib_a-sf_atan.o)
                                         0x48 (size before relaxing)
 .rodata.atanhi
                0x000000000000459c       0x10 e:/ch32_ide/mounriver_studio2/resources/app/resources/win32/components/wch/toolchain/risc-v embedded gcc/bin/../lib/gcc/riscv-none-embed/8.2.0/../../../../riscv-none-embed/lib/rv32imafcxw/ilp32f\libm.a(lib_a-sf_atan.o)
 .rodata.atanlo
                0x00000000000045ac       0x10 e:/ch32_ide/mounriver_studio2/resources/app/resources/win32/components/wch/toolchain/risc-v embedded gcc/bin/../lib/gcc/riscv-none-embed/8.2.0/../../../../riscv-none-embed/lib/rv32imafcxw/ilp32f\libm.a(lib_a-sf_atan.o)
 .rodata.print.str1.4
                0x00000000000045bc        0x8 e:/ch32_ide/mounriver_studio2/resources/app/resources/win32/components/wch/toolchain/risc-v embedded gcc/bin/../lib/gcc/riscv-none-embed/8.2.0/../../../../riscv-none-embed/lib/rv32imafcxw/ilp32f\libprintfloat.a(printfloat.o)
                                          0x7 (size before relaxing)
 .rodata.__divdf3
                0x00000000000045c4       0x40 e:/ch32_ide/mounriver_studio2/resources/app/resources/win32/components/wch/toolchain/risc-v embedded gcc/bin/../lib/gcc/riscv-none-embed/8.2.0/rv32imafcxw/ilp32f\libgcc.a(divdf3.o)
 .rodata.__muldf3
                0x0000000000004604       0x40 e:/ch32_ide/mounriver_studio2/resources/app/resources/win32/components/wch/toolchain/risc-v embedded gcc/bin/../lib/gcc/riscv-none-embed/8.2.0/rv32imafcxw/ilp32f\libgcc.a(muldf3.o)
 .rodata.__clz_tab
                0x0000000000004644      0x100 e:/ch32_ide/mounriver_studio2/resources/app/resources/win32/components/wch/toolchain/risc-v embedded gcc/bin/../lib/gcc/riscv-none-embed/8.2.0/rv32imafcxw/ilp32f\libgcc.a(_clz.o)
                0x0000000000004644                __clz_tab
 *(.gnu.linkonce.t.*)
                0x0000000000004744                . = ALIGN (0x4)

.rela.dyn       0x0000000000004744        0x0
 .rela.text.robot_arm_4dof_method2
                0x0000000000004744        0x0 ./User/ch32v30x_it.o
 .rela.text.startup.main
                0x0000000000004744        0x0 ./User/ch32v30x_it.o
 .rela.init     0x0000000000004744        0x0 ./User/ch32v30x_it.o
 .rela.vector   0x0000000000004744        0x0 ./User/ch32v30x_it.o
 .rela.text.handle_reset
                0x0000000000004744        0x0 ./User/ch32v30x_it.o
 .rela.text.prints
                0x0000000000004744        0x0 ./User/ch32v30x_it.o
 .rela.text.printInt
                0x0000000000004744        0x0 ./User/ch32v30x_it.o
 .rela.text.printLongLongInt
                0x0000000000004744        0x0 ./User/ch32v30x_it.o
 .rela.text.printDouble
                0x0000000000004744        0x0 ./User/ch32v30x_it.o
 .rela.text.print
                0x0000000000004744        0x0 ./User/ch32v30x_it.o
 .rela.text.printf
                0x0000000000004744        0x0 ./User/ch32v30x_it.o
 .rela.data.impure_data
                0x0000000000004744        0x0 ./User/ch32v30x_it.o

.fini           0x0000000000004744        0x0
 *(SORT_NONE(.fini))
                0x0000000000004744                . = ALIGN (0x4)
                [!provide]                        PROVIDE (_etext = .)
                [!provide]                        PROVIDE (_eitcm = .)

.preinit_array  0x0000000000004744        0x0
                [!provide]                        PROVIDE (__preinit_array_start = .)
 *(.preinit_array)
                [!provide]                        PROVIDE (__preinit_array_end = .)

.init_array     0x0000000000004744        0x0
                [!provide]                        PROVIDE (__init_array_start = .)
 *(SORT_BY_INIT_PRIORITY(.init_array.*) SORT_BY_INIT_PRIORITY(.ctors.*))
 *(.init_array EXCLUDE_FILE(*crtend?.o *crtend.o *crtbegin?.o *crtbegin.o) .ctors)
                [!provide]                        PROVIDE (__init_array_end = .)

.fini_array     0x0000000000004744        0x0
                [!provide]                        PROVIDE (__fini_array_start = .)
 *(SORT_BY_INIT_PRIORITY(.fini_array.*) SORT_BY_INIT_PRIORITY(.dtors.*))
 *(.fini_array EXCLUDE_FILE(*crtend?.o *crtend.o *crtbegin?.o *crtbegin.o) .dtors)
                [!provide]                        PROVIDE (__fini_array_end = .)

.ctors
 *crtbegin.o(.ctors)
 *crtbegin?.o(.ctors)
 *(EXCLUDE_FILE(*crtend?.o *crtend.o) .ctors)
 *(SORT_BY_NAME(.ctors.*))
 *(.ctors)

.dtors
 *crtbegin.o(.dtors)
 *crtbegin?.o(.dtors)
 *(EXCLUDE_FILE(*crtend?.o *crtend.o) .dtors)
 *(SORT_BY_NAME(.dtors.*))
 *(.dtors)

.dalign         0x0000000020000000        0x0 load address 0x0000000000004744
                0x0000000020000000                . = ALIGN (0x4)
                0x0000000020000000                PROVIDE (_data_vma = .)

.dlalign        0x0000000000004744        0x0
                0x0000000000004744                . = ALIGN (0x4)
                0x0000000000004744                PROVIDE (_data_lma = .)

.data           0x0000000020000000       0xb0 load address 0x0000000000004744
 *(.gnu.linkonce.r.*)
 *(.data .data.*)
 .data.AHBPrescTable
                0x0000000020000000       0x10 ./User/system_ch32v30x.o
                0x0000000020000000                AHBPrescTable
 .data.APBAHBPrescTable
                0x0000000020000010       0x10 ./Peripheral/src/ch32v30x_rcc.o
 .data.impure_data
                0x0000000020000020       0x60 e:/ch32_ide/mounriver_studio2/resources/app/resources/win32/components/wch/toolchain/risc-v embedded gcc/bin/../lib/gcc/riscv-none-embed/8.2.0/../../../../riscv-none-embed/lib/rv32imafcxw/ilp32f\libg_nano.a(lib_a-impure.o)
 *(.gnu.linkonce.d.*)
                0x0000000020000080                . = ALIGN (0x8)
                0x0000000020000880                PROVIDE (__global_pointer$ = (. + 0x800))
 *(.sdata .sdata.*)
 .sdata.A1      0x0000000020000080        0x4 ./User/main.o
                0x0000000020000080                A1
 .sdata.A2      0x0000000020000084        0x4 ./User/main.o
                0x0000000020000084                A2
 .sdata.A3      0x0000000020000088        0x4 ./User/main.o
                0x0000000020000088                A3
 .sdata.A4      0x000000002000008c        0x4 ./User/main.o
                0x000000002000008c                A4
 .sdata.P       0x0000000020000090        0x4 ./User/main.o
                0x0000000020000090                P
 .sdata.bu_chang
                0x0000000020000094        0x4 ./User/main.o
                0x0000000020000094                bu_chang
 .sdata.tolerance
                0x0000000020000098        0x4 ./User/main.o
                0x0000000020000098                tolerance
 .sdata.val1    0x000000002000009c        0x4 ./User/main.o
                0x000000002000009c                val1
 .sdata.SystemCoreClock
                0x00000000200000a0        0x4 ./User/system_ch32v30x.o
                0x00000000200000a0                SystemCoreClock
 .sdata.ADCPrescTable
                0x00000000200000a4        0x4 ./Peripheral/src/ch32v30x_rcc.o
 .sdata.__fdlib_version
                0x00000000200000a8        0x4 e:/ch32_ide/mounriver_studio2/resources/app/resources/win32/components/wch/toolchain/risc-v embedded gcc/bin/../lib/gcc/riscv-none-embed/8.2.0/../../../../riscv-none-embed/lib/rv32imafcxw/ilp32f\libm.a(lib_a-s_lib_ver.o)
                0x00000000200000a8                __fdlib_version
 .sdata._impure_ptr
                0x00000000200000ac        0x4 e:/ch32_ide/mounriver_studio2/resources/app/resources/win32/components/wch/toolchain/risc-v embedded gcc/bin/../lib/gcc/riscv-none-embed/8.2.0/../../../../riscv-none-embed/lib/rv32imafcxw/ilp32f\libg_nano.a(lib_a-impure.o)
                0x00000000200000ac                _impure_ptr
 *(.sdata2.*)
 *(.gnu.linkonce.s.*)
                0x00000000200000b0                . = ALIGN (0x8)
 *(.srodata.cst16)
 *(.srodata.cst8)
 *(.srodata.cst4)
 *(.srodata.cst2)
 *(.srodata .srodata.*)
                0x00000000200000b0                . = ALIGN (0x4)
                0x00000000200000b0                PROVIDE (_edata = .)

.bss            0x00000000200000b0       0x10 load address 0x00000000000047f4
                0x00000000200000b0                . = ALIGN (0x4)
                0x00000000200000b0                PROVIDE (_sbss = .)
 *(.sbss*)
 .sbss.J2       0x00000000200000b0        0x4 ./User/main.o
                0x00000000200000b0                J2
 .sbss.J3       0x00000000200000b4        0x4 ./User/main.o
                0x00000000200000b4                J3
 .sbss.J4       0x00000000200000b8        0x4 ./User/main.o
                0x00000000200000b8                J4
 .sbss.NVIC_Priority_Group
                0x00000000200000bc        0x4 ./Peripheral/src/ch32v30x_misc.o
                0x00000000200000bc                NVIC_Priority_Group
 *(.gnu.linkonce.sb.*)
 *(.bss*)
 *(.gnu.linkonce.b.*)
 *(COMMON*)
                0x00000000200000c0                . = ALIGN (0x4)
                0x00000000200000c0                PROVIDE (_ebss = .)
                0x00000000200000c0                PROVIDE (_end = _ebss)
                [!provide]                        PROVIDE (end = .)

.stack          0x0000000020007800      0x800
                0x0000000020007800                PROVIDE (_heap_end = .)
                0x0000000020007800                . = ALIGN (0x4)
                [!provide]                        PROVIDE (_susrstack = .)
                0x0000000020008000                . = (. + __stack_size)
 *fill*         0x0000000020007800      0x800 
                0x0000000020008000                PROVIDE (_eusrstack = .)
OUTPUT(FPU.elf elf32-littleriscv)

.debug_info     0x0000000000000000     0x961f
 .debug_info    0x0000000000000000      0xbc0 ./User/ch32v30x_it.o
 .debug_info    0x0000000000000bc0      0xe8c ./User/main.o
 .debug_info    0x0000000000001a4c      0xbb5 ./User/system_ch32v30x.o
 .debug_info    0x0000000000002601      0xa9d ./User/table.o
 .debug_info    0x000000000000309e       0x22 ./Startup/startup_ch32v30x_D8C.o
 .debug_info    0x00000000000030c0      0xa94 ./Peripheral/src/ch32v30x_dbgmcu.o
 .debug_info    0x0000000000003b54     0x12aa ./Peripheral/src/ch32v30x_gpio.o
 .debug_info    0x0000000000004dfe      0xf5b ./Peripheral/src/ch32v30x_misc.o
 .debug_info    0x0000000000005d59     0x158a ./Peripheral/src/ch32v30x_rcc.o
 .debug_info    0x00000000000072e3     0x13cd ./Peripheral/src/ch32v30x_usart.o
 .debug_info    0x00000000000086b0      0xf6f ./Debug/debug.o

.debug_abbrev   0x0000000000000000     0x1cbc
 .debug_abbrev  0x0000000000000000      0x22c ./User/ch32v30x_it.o
 .debug_abbrev  0x000000000000022c      0x325 ./User/main.o
 .debug_abbrev  0x0000000000000551      0x2c0 ./User/system_ch32v30x.o
 .debug_abbrev  0x0000000000000811      0x256 ./User/table.o
 .debug_abbrev  0x0000000000000a67       0x12 ./Startup/startup_ch32v30x_D8C.o
 .debug_abbrev  0x0000000000000a79      0x2f7 ./Peripheral/src/ch32v30x_dbgmcu.o
 .debug_abbrev  0x0000000000000d70      0x31a ./Peripheral/src/ch32v30x_gpio.o
 .debug_abbrev  0x000000000000108a      0x2da ./Peripheral/src/ch32v30x_misc.o
 .debug_abbrev  0x0000000000001364      0x351 ./Peripheral/src/ch32v30x_rcc.o
 .debug_abbrev  0x00000000000016b5      0x312 ./Peripheral/src/ch32v30x_usart.o
 .debug_abbrev  0x00000000000019c7      0x2f5 ./Debug/debug.o

.debug_aranges  0x0000000000000000      0x4e8
 .debug_aranges
                0x0000000000000000       0x28 ./User/ch32v30x_it.o
 .debug_aranges
                0x0000000000000028       0x28 ./User/main.o
 .debug_aranges
                0x0000000000000050       0x28 ./User/system_ch32v30x.o
 .debug_aranges
                0x0000000000000078       0x38 ./User/table.o
 .debug_aranges
                0x00000000000000b0       0x30 ./Startup/startup_ch32v30x_D8C.o
 .debug_aranges
                0x00000000000000e0       0x48 ./Peripheral/src/ch32v30x_dbgmcu.o
 .debug_aranges
                0x0000000000000128       0xb0 ./Peripheral/src/ch32v30x_gpio.o
 .debug_aranges
                0x00000000000001d8       0x28 ./Peripheral/src/ch32v30x_misc.o
 .debug_aranges
                0x0000000000000200      0x1a8 ./Peripheral/src/ch32v30x_rcc.o
 .debug_aranges
                0x00000000000003a8       0xf0 ./Peripheral/src/ch32v30x_usart.o
 .debug_aranges
                0x0000000000000498       0x50 ./Debug/debug.o

.debug_ranges   0x0000000000000000      0x548
 .debug_ranges  0x0000000000000000       0x18 ./User/ch32v30x_it.o
 .debug_ranges  0x0000000000000018       0xd0 ./User/main.o
 .debug_ranges  0x00000000000000e8       0x38 ./User/system_ch32v30x.o
 .debug_ranges  0x0000000000000120       0x28 ./User/table.o
 .debug_ranges  0x0000000000000148       0x28 ./Startup/startup_ch32v30x_D8C.o
 .debug_ranges  0x0000000000000170       0x50 ./Peripheral/src/ch32v30x_dbgmcu.o
 .debug_ranges  0x00000000000001c0       0xa0 ./Peripheral/src/ch32v30x_gpio.o
 .debug_ranges  0x0000000000000260       0x30 ./Peripheral/src/ch32v30x_misc.o
 .debug_ranges  0x0000000000000290      0x198 ./Peripheral/src/ch32v30x_rcc.o
 .debug_ranges  0x0000000000000428       0xe0 ./Peripheral/src/ch32v30x_usart.o
 .debug_ranges  0x0000000000000508       0x40 ./Debug/debug.o

.debug_line     0x0000000000000000     0x6ac6
 .debug_line    0x0000000000000000      0x33b ./User/ch32v30x_it.o
 .debug_line    0x000000000000033b      0x87c ./User/main.o
 .debug_line    0x0000000000000bb7      0x98c ./User/system_ch32v30x.o
 .debug_line    0x0000000000001543      0x5c7 ./User/table.o
 .debug_line    0x0000000000001b0a      0x15a ./Startup/startup_ch32v30x_D8C.o
 .debug_line    0x0000000000001c64      0x44e ./Peripheral/src/ch32v30x_dbgmcu.o
 .debug_line    0x00000000000020b2     0x132d ./Peripheral/src/ch32v30x_gpio.o
 .debug_line    0x00000000000033df      0x4ab ./Peripheral/src/ch32v30x_misc.o
 .debug_line    0x000000000000388a     0x1a5f ./Peripheral/src/ch32v30x_rcc.o
 .debug_line    0x00000000000052e9      0xfcc ./Peripheral/src/ch32v30x_usart.o
 .debug_line    0x00000000000062b5      0x811 ./Debug/debug.o

.debug_str      0x0000000000000000     0x2069
 .debug_str     0x0000000000000000      0x651 ./User/ch32v30x_it.o
                                        0x6ba (size before relaxing)
 .debug_str     0x0000000000000651      0x1e8 ./User/main.o
                                        0x7a4 (size before relaxing)
 .debug_str     0x0000000000000839      0x114 ./User/system_ch32v30x.o
                                        0x71f (size before relaxing)
 .debug_str     0x000000000000094d       0x46 ./User/table.o
                                        0x683 (size before relaxing)
 .debug_str     0x0000000000000993       0x66 ./Startup/startup_ch32v30x_D8C.o
                                         0xa9 (size before relaxing)
 .debug_str     0x00000000000009f9       0xde ./Peripheral/src/ch32v30x_dbgmcu.o
                                        0x6b3 (size before relaxing)
 .debug_str     0x0000000000000ad7      0x40e ./Peripheral/src/ch32v30x_gpio.o
                                        0xa1d (size before relaxing)
 .debug_str     0x0000000000000ee5      0x674 ./Peripheral/src/ch32v30x_misc.o
                                        0xd26 (size before relaxing)
 .debug_str     0x0000000000001559      0x5fa ./Peripheral/src/ch32v30x_rcc.o
                                        0xd4c (size before relaxing)
 .debug_str     0x0000000000001b53      0x439 ./Peripheral/src/ch32v30x_usart.o
                                        0xb67 (size before relaxing)
 .debug_str     0x0000000000001f8c       0xdd ./Debug/debug.o
                                        0x9a5 (size before relaxing)

.comment        0x0000000000000000       0x33
 .comment       0x0000000000000000       0x33 ./User/ch32v30x_it.o
                                         0x34 (size before relaxing)
 .comment       0x0000000000000033       0x34 ./User/main.o
 .comment       0x0000000000000033       0x34 ./User/system_ch32v30x.o
 .comment       0x0000000000000033       0x34 ./User/table.o
 .comment       0x0000000000000033       0x34 ./Peripheral/src/ch32v30x_dbgmcu.o
 .comment       0x0000000000000033       0x34 ./Peripheral/src/ch32v30x_gpio.o
 .comment       0x0000000000000033       0x34 ./Peripheral/src/ch32v30x_misc.o
 .comment       0x0000000000000033       0x34 ./Peripheral/src/ch32v30x_rcc.o
 .comment       0x0000000000000033       0x34 ./Peripheral/src/ch32v30x_usart.o
 .comment       0x0000000000000033       0x34 ./Debug/debug.o
 .comment       0x0000000000000033       0x34 e:/ch32_ide/mounriver_studio2/resources/app/resources/win32/components/wch/toolchain/risc-v embedded gcc/bin/../lib/gcc/riscv-none-embed/8.2.0/../../../../riscv-none-embed/lib/rv32imafcxw/ilp32f\libprintfloat.a(printfloat.o)

.debug_frame    0x0000000000000000      0xce0
 .debug_frame   0x0000000000000000       0x30 ./User/ch32v30x_it.o
 .debug_frame   0x0000000000000030       0x94 ./User/main.o
 .debug_frame   0x00000000000000c4       0x3c ./User/system_ch32v30x.o
 .debug_frame   0x0000000000000100       0x68 ./User/table.o
 .debug_frame   0x0000000000000168       0x70 ./Peripheral/src/ch32v30x_dbgmcu.o
 .debug_frame   0x00000000000001d8      0x174 ./Peripheral/src/ch32v30x_gpio.o
 .debug_frame   0x000000000000034c       0x30 ./Peripheral/src/ch32v30x_misc.o
 .debug_frame   0x000000000000037c      0x344 ./Peripheral/src/ch32v30x_rcc.o
 .debug_frame   0x00000000000006c0      0x1e4 ./Peripheral/src/ch32v30x_usart.o
 .debug_frame   0x00000000000008a4       0xb8 ./Debug/debug.o
 .debug_frame   0x000000000000095c       0x20 e:/ch32_ide/mounriver_studio2/resources/app/resources/win32/components/wch/toolchain/risc-v embedded gcc/bin/../lib/gcc/riscv-none-embed/8.2.0/../../../../riscv-none-embed/lib/rv32imafcxw/ilp32f\libm.a(lib_a-wf_atan2.o)
 .debug_frame   0x000000000000097c       0x44 e:/ch32_ide/mounriver_studio2/resources/app/resources/win32/components/wch/toolchain/risc-v embedded gcc/bin/../lib/gcc/riscv-none-embed/8.2.0/../../../../riscv-none-embed/lib/rv32imafcxw/ilp32f\libm.a(lib_a-wf_sqrt.o)
 .debug_frame   0x00000000000009c0       0x44 e:/ch32_ide/mounriver_studio2/resources/app/resources/win32/components/wch/toolchain/risc-v embedded gcc/bin/../lib/gcc/riscv-none-embed/8.2.0/../../../../riscv-none-embed/lib/rv32imafcxw/ilp32f\libm.a(lib_a-ef_atan2.o)
 .debug_frame   0x0000000000000a04       0x20 e:/ch32_ide/mounriver_studio2/resources/app/resources/win32/components/wch/toolchain/risc-v embedded gcc/bin/../lib/gcc/riscv-none-embed/8.2.0/../../../../riscv-none-embed/lib/rv32imafcxw/ilp32f\libm.a(lib_a-ef_sqrt.o)
 .debug_frame   0x0000000000000a24       0x20 e:/ch32_ide/mounriver_studio2/resources/app/resources/win32/components/wch/toolchain/risc-v embedded gcc/bin/../lib/gcc/riscv-none-embed/8.2.0/../../../../riscv-none-embed/lib/rv32imafcxw/ilp32f\libm.a(lib_a-s_matherr.o)
 .debug_frame   0x0000000000000a44       0x68 e:/ch32_ide/mounriver_studio2/resources/app/resources/win32/components/wch/toolchain/risc-v embedded gcc/bin/../lib/gcc/riscv-none-embed/8.2.0/../../../../riscv-none-embed/lib/rv32imafcxw/ilp32f\libm.a(lib_a-sf_atan.o)
 .debug_frame   0x0000000000000aac       0x20 e:/ch32_ide/mounriver_studio2/resources/app/resources/win32/components/wch/toolchain/risc-v embedded gcc/bin/../lib/gcc/riscv-none-embed/8.2.0/../../../../riscv-none-embed/lib/rv32imafcxw/ilp32f\libm.a(lib_a-sf_fabs.o)
 .debug_frame   0x0000000000000acc       0x58 e:/ch32_ide/mounriver_studio2/resources/app/resources/win32/components/wch/toolchain/risc-v embedded gcc/bin/../lib/gcc/riscv-none-embed/8.2.0/rv32imafcxw/ilp32f\libgcc.a(divdf3.o)
 .debug_frame   0x0000000000000b24       0x20 e:/ch32_ide/mounriver_studio2/resources/app/resources/win32/components/wch/toolchain/risc-v embedded gcc/bin/../lib/gcc/riscv-none-embed/8.2.0/rv32imafcxw/ilp32f\libgcc.a(ledf2.o)
 .debug_frame   0x0000000000000b44       0x58 e:/ch32_ide/mounriver_studio2/resources/app/resources/win32/components/wch/toolchain/risc-v embedded gcc/bin/../lib/gcc/riscv-none-embed/8.2.0/rv32imafcxw/ilp32f\libgcc.a(muldf3.o)
 .debug_frame   0x0000000000000b9c       0x44 e:/ch32_ide/mounriver_studio2/resources/app/resources/win32/components/wch/toolchain/risc-v embedded gcc/bin/../lib/gcc/riscv-none-embed/8.2.0/rv32imafcxw/ilp32f\libgcc.a(subdf3.o)
 .debug_frame   0x0000000000000be0       0x20 e:/ch32_ide/mounriver_studio2/resources/app/resources/win32/components/wch/toolchain/risc-v embedded gcc/bin/../lib/gcc/riscv-none-embed/8.2.0/rv32imafcxw/ilp32f\libgcc.a(fixdfdi.o)
 .debug_frame   0x0000000000000c00       0x48 e:/ch32_ide/mounriver_studio2/resources/app/resources/win32/components/wch/toolchain/risc-v embedded gcc/bin/../lib/gcc/riscv-none-embed/8.2.0/rv32imafcxw/ilp32f\libgcc.a(floatdidf.o)
 .debug_frame   0x0000000000000c48       0x38 e:/ch32_ide/mounriver_studio2/resources/app/resources/win32/components/wch/toolchain/risc-v embedded gcc/bin/../lib/gcc/riscv-none-embed/8.2.0/rv32imafcxw/ilp32f\libgcc.a(extendsfdf2.o)
 .debug_frame   0x0000000000000c80       0x20 e:/ch32_ide/mounriver_studio2/resources/app/resources/win32/components/wch/toolchain/risc-v embedded gcc/bin/../lib/gcc/riscv-none-embed/8.2.0/rv32imafcxw/ilp32f\libgcc.a(truncdfsf2.o)
 .debug_frame   0x0000000000000ca0       0x20 e:/ch32_ide/mounriver_studio2/resources/app/resources/win32/components/wch/toolchain/risc-v embedded gcc/bin/../lib/gcc/riscv-none-embed/8.2.0/rv32imafcxw/ilp32f\libgcc.a(_clzsi2.o)
 .debug_frame   0x0000000000000cc0       0x20 e:/ch32_ide/mounriver_studio2/resources/app/resources/win32/components/wch/toolchain/risc-v embedded gcc/bin/../lib/gcc/riscv-none-embed/8.2.0/../../../../riscv-none-embed/lib/rv32imafcxw/ilp32f\libg_nano.a(lib_a-errno.o)

.debug_loc      0x0000000000000000     0x21c7
 .debug_loc     0x0000000000000000      0x32f ./User/main.o
 .debug_loc     0x000000000000032f      0x163 ./User/system_ch32v30x.o
 .debug_loc     0x0000000000000492      0x162 ./User/table.o
 .debug_loc     0x00000000000005f4       0x7c ./Peripheral/src/ch32v30x_dbgmcu.o
 .debug_loc     0x0000000000000670      0x72b ./Peripheral/src/ch32v30x_gpio.o
 .debug_loc     0x0000000000000d9b       0x61 ./Peripheral/src/ch32v30x_misc.o
 .debug_loc     0x0000000000000dfc      0xadb ./Peripheral/src/ch32v30x_rcc.o
 .debug_loc     0x00000000000018d7      0x779 ./Peripheral/src/ch32v30x_usart.o
 .debug_loc     0x0000000000002050      0x177 ./Debug/debug.o
