Archive member included to satisfy reference by file (symbol)

e:/ch32_ide/mounriver_studio2/resources/app/resources/win32/components/wch/toolchain/risc-v embedded gcc/bin/../lib/gcc/riscv-none-embed/8.2.0/../../../../riscv-none-embed/lib/rv32imafcxw/ilp32f\libm.a(lib_a-wf_atan2.o)
                              ./Architecture/module/arm/arm.o (atan2f)
e:/ch32_ide/mounriver_studio2/resources/app/resources/win32/components/wch/toolchain/risc-v embedded gcc/bin/../lib/gcc/riscv-none-embed/8.2.0/../../../../riscv-none-embed/lib/rv32imafcxw/ilp32f\libm.a(lib_a-wf_sqrt.o)
                              ./Architecture/module/arm/arm.o (sqrtf)
e:/ch32_ide/mounriver_studio2/resources/app/resources/win32/components/wch/toolchain/risc-v embedded gcc/bin/../lib/gcc/riscv-none-embed/8.2.0/../../../../riscv-none-embed/lib/rv32imafcxw/ilp32f\libm.a(lib_a-ef_atan2.o)
                              e:/ch32_ide/mounriver_studio2/resources/app/resources/win32/components/wch/toolchain/risc-v embedded gcc/bin/../lib/gcc/riscv-none-embed/8.2.0/../../../../riscv-none-embed/lib/rv32imafcxw/ilp32f\libm.a(lib_a-wf_atan2.o) (__ieee754_atan2f)
e:/ch32_ide/mounriver_studio2/resources/app/resources/win32/components/wch/toolchain/risc-v embedded gcc/bin/../lib/gcc/riscv-none-embed/8.2.0/../../../../riscv-none-embed/lib/rv32imafcxw/ilp32f\libm.a(lib_a-ef_sqrt.o)
                              e:/ch32_ide/mounriver_studio2/resources/app/resources/win32/components/wch/toolchain/risc-v embedded gcc/bin/../lib/gcc/riscv-none-embed/8.2.0/../../../../riscv-none-embed/lib/rv32imafcxw/ilp32f\libm.a(lib_a-wf_sqrt.o) (__ieee754_sqrtf)
e:/ch32_ide/mounriver_studio2/resources/app/resources/win32/components/wch/toolchain/risc-v embedded gcc/bin/../lib/gcc/riscv-none-embed/8.2.0/../../../../riscv-none-embed/lib/rv32imafcxw/ilp32f\libm.a(lib_a-s_lib_ver.o)
                              e:/ch32_ide/mounriver_studio2/resources/app/resources/win32/components/wch/toolchain/risc-v embedded gcc/bin/../lib/gcc/riscv-none-embed/8.2.0/../../../../riscv-none-embed/lib/rv32imafcxw/ilp32f\libm.a(lib_a-wf_sqrt.o) (__fdlib_version)
e:/ch32_ide/mounriver_studio2/resources/app/resources/win32/components/wch/toolchain/risc-v embedded gcc/bin/../lib/gcc/riscv-none-embed/8.2.0/../../../../riscv-none-embed/lib/rv32imafcxw/ilp32f\libm.a(lib_a-s_matherr.o)
                              e:/ch32_ide/mounriver_studio2/resources/app/resources/win32/components/wch/toolchain/risc-v embedded gcc/bin/../lib/gcc/riscv-none-embed/8.2.0/../../../../riscv-none-embed/lib/rv32imafcxw/ilp32f\libm.a(lib_a-wf_sqrt.o) (matherr)
e:/ch32_ide/mounriver_studio2/resources/app/resources/win32/components/wch/toolchain/risc-v embedded gcc/bin/../lib/gcc/riscv-none-embed/8.2.0/../../../../riscv-none-embed/lib/rv32imafcxw/ilp32f\libm.a(lib_a-sf_atan.o)
                              e:/ch32_ide/mounriver_studio2/resources/app/resources/win32/components/wch/toolchain/risc-v embedded gcc/bin/../lib/gcc/riscv-none-embed/8.2.0/../../../../riscv-none-embed/lib/rv32imafcxw/ilp32f\libm.a(lib_a-ef_atan2.o) (atanf)
e:/ch32_ide/mounriver_studio2/resources/app/resources/win32/components/wch/toolchain/risc-v embedded gcc/bin/../lib/gcc/riscv-none-embed/8.2.0/../../../../riscv-none-embed/lib/rv32imafcxw/ilp32f\libm.a(lib_a-sf_fabs.o)
                              e:/ch32_ide/mounriver_studio2/resources/app/resources/win32/components/wch/toolchain/risc-v embedded gcc/bin/../lib/gcc/riscv-none-embed/8.2.0/../../../../riscv-none-embed/lib/rv32imafcxw/ilp32f\libm.a(lib_a-ef_atan2.o) (fabsf)
e:/ch32_ide/mounriver_studio2/resources/app/resources/win32/components/wch/toolchain/risc-v embedded gcc/bin/../lib/gcc/riscv-none-embed/8.2.0/../../../../riscv-none-embed/lib/rv32imafcxw/ilp32f\libprintfloat.a(printfloat.o)
                              ./User/main.o (printf)
e:/ch32_ide/mounriver_studio2/resources/app/resources/win32/components/wch/toolchain/risc-v embedded gcc/bin/../lib/gcc/riscv-none-embed/8.2.0/rv32imafcxw/ilp32f\libgcc.a(_udivdi3.o)
                              e:/ch32_ide/mounriver_studio2/resources/app/resources/win32/components/wch/toolchain/risc-v embedded gcc/bin/../lib/gcc/riscv-none-embed/8.2.0/../../../../riscv-none-embed/lib/rv32imafcxw/ilp32f\libprintfloat.a(printfloat.o) (__udivdi3)
e:/ch32_ide/mounriver_studio2/resources/app/resources/win32/components/wch/toolchain/risc-v embedded gcc/bin/../lib/gcc/riscv-none-embed/8.2.0/rv32imafcxw/ilp32f\libgcc.a(_umoddi3.o)
                              e:/ch32_ide/mounriver_studio2/resources/app/resources/win32/components/wch/toolchain/risc-v embedded gcc/bin/../lib/gcc/riscv-none-embed/8.2.0/../../../../riscv-none-embed/lib/rv32imafcxw/ilp32f\libprintfloat.a(printfloat.o) (__umoddi3)
e:/ch32_ide/mounriver_studio2/resources/app/resources/win32/components/wch/toolchain/risc-v embedded gcc/bin/../lib/gcc/riscv-none-embed/8.2.0/rv32imafcxw/ilp32f\libgcc.a(divdf3.o)
[...]
Memory Configuration

Name             Origin             Length             Attributes
FLASH            0x0000000000000000 0x0000000000048000 xr
RAM              0x0000000020000000 0x0000000000008000 xrw
*default*        0x0000000000000000 0xffffffffffffffff

Linker script and memory map

LOAD ./User/ch32v30x_it.o
LOAD ./User/main.o
LOAD ./User/system_ch32v30x.o
LOAD ./Startup/startup_ch32v30x_D8C.o
LOAD ./Peripheral/src/ch32v30x_adc.o
LOAD ./Peripheral/src/ch32v30x_bkp.o
LOAD ./Peripheral/src/ch32v30x_can.o
LOAD ./Peripheral/src/ch32v30x_crc.o
LOAD ./Peripheral/src/ch32v30x_dac.o
LOAD ./Peripheral/src/ch32v30x_dbgmcu.o
LOAD ./Peripheral/src/ch32v30x_dma.o
LOAD ./Peripheral/src/ch32v30x_dvp.o
LOAD ./Peripheral/src/ch32v30x_eth.o
LOAD ./Peripheral/src/ch32v30x_exti.o
LOAD ./Peripheral/src/ch32v30x_flash.o
LOAD ./Peripheral/src/ch32v30x_fsmc.o
LOAD ./Peripheral/src/ch32v30x_gpio.o
LOAD ./Peripheral/src/ch32v30x_i2c.o
LOAD ./Peripheral/src/ch32v30x_iwdg.o
LOAD ./Peripheral/src/ch32v30x_misc.o
LOAD ./Peripheral/src/ch32v30x_opa.o
LOAD ./Peripheral/src/ch32v30x_pwr.o
LOAD ./Peripheral/src/ch32v30x_rcc.o
LOAD ./Peripheral/src/ch32v30x_rng.o
LOAD ./Peripheral/src/ch32v30x_rtc.o
LOAD ./Peripheral/src/ch32v30x_sdio.o
LOAD ./Peripheral/src/ch32v30x_spi.o
LOAD ./Peripheral/src/ch32v30x_tim.o
LOAD ./Peripheral/src/ch32v30x_usart.o
LOAD ./Peripheral/src/ch32v30x_wwdg.o
LOAD ./Debug/debug.o
LOAD ./Core/core_riscv.o
LOAD ./Architecture/module/table/table.o
LOAD ./Architecture/module/arm/arm.o
LOAD ./Architecture/module/WT61/wt61.o
LOAD ./Architecture/module/TOF/tof.o
LOAD ./Architecture/module/SW/sw.o
LOAD ./Architecture/module/STEP/step.o
LOAD ./Architecture/module/LCD/lcd.o
LOAD ./Architecture/module/IR/ir.o
LOAD ./Architecture/module/BLDC/bldc.o
LOAD ./Architecture/bsp/uart/uart.o
LOAD ./Architecture/bsp/uart/uart_dma.o
LOAD ./Architecture/bsp/tim/tim.o
LOAD ./Architecture/bsp/gpio/sw_gpio.o
LOAD ./Architecture/bsp/exti/exti.o
LOAD ./Architecture/bsp/can/can.o
LOAD ./Architecture/application/RB/rb.o
LOAD e:/ch32_ide/mounriver_studio2/resources/app/resources/win32/components/wch/toolchain/risc-v embedded gcc/bin/../lib/gcc/riscv-none-embed/8.2.0/../../../../riscv-none-embed/lib/rv32imafcxw/ilp32f\libm.a
LOAD e:/ch32_ide/mounriver_studio2/resources/app/resources/win32/components/wch/toolchain/risc-v embedded gcc/bin/../lib/gcc/riscv-none-embed/8.2.0/../../../../riscv-none-embed/lib/rv32imafcxw/ilp32f\libprintfloat.a
LOAD e:/ch32_ide/mounriver_studio2/resources/app/resources/win32/components/wch/toolchain/risc-v embedded gcc/bin/../lib/gcc/riscv-none-embed/8.2.0/rv32imafcxw/ilp32f\libgcc.a
LOAD e:/ch32_ide/mounriver_studio2/resources/app/resources/win32/components/wch/toolchain/risc-v embedded gcc/bin/../lib/gcc/riscv-none-embed/8.2.0/../../../../riscv-none-embed/lib/rv32imafcxw/ilp32f\libg_nano.a
LOAD e:/ch32_ide/mounriver_studio2/resources/app/resources/win32/components/wch/toolchain/risc-v embedded gcc/bin/../lib/gcc/riscv-none-embed/8.2.0/../../../../riscv-none-embed/lib/rv32imafcxw/ilp32f\libc_nano.a
LOAD e:/ch32_ide/mounriver_studio2/resources/app/resources/win32/components/wch/toolchain/risc-v embedded gcc/bin/../lib/gcc/riscv-none-embed/8.2.0/rv32imafcxw/ilp32f\libgcc.a
START GROUP
LOAD e:/ch32_ide/mounriver_studio2/resources/app/resources/win32/components/wch/toolchain/risc-v embedded gcc/bin/../lib/gcc/riscv-none-embed/8.2.0/rv32imafcxw/ilp32f\libgcc.a
LOAD e:/ch32_ide/mounriver_studio2/resources/app/resources/win32/components/wch/toolchain/risc-v embedded gcc/bin/../lib/gcc/riscv-none-embed/8.2.0/../../../../riscv-none-embed/lib/rv32imafcxw/ilp32f\libc_nano.a
LOAD e:/ch32_ide/mounriver_studio2/resources/app/resources/win32/components/wch/toolchain/risc-v embedded gcc/bin/../lib/gcc/riscv-none-embed/8.2.0/../../../../riscv-none-embed/lib/rv32imafcxw/ilp32f\libnosys.a
END GROUP
START GROUP
LOAD e:/ch32_ide/mounriver_studio2/resources/app/resources/win32/components/wch/toolchain/risc-v embedded gcc/bin/../lib/gcc/riscv-none-embed/8.2.0/rv32imafcxw/ilp32f\libgcc.a
LOAD e:/ch32_ide/mounriver_studio2/resources/app/resources/win32/components/wch/toolchain/risc-v embedded gcc/bin/../lib/gcc/riscv-none-embed/8.2.0/../../../../riscv-none-embed/lib/rv32imafcxw/ilp32f\libc_nano.a
LOAD e:/ch32_ide/mounriver_studio2/resources/app/resources/win32/components/wch/toolchain/risc-v embedded gcc/bin/../lib/gcc/riscv-none-embed/8.2.0/../../../../riscv-none-embed/lib/rv32imafcxw/ilp32f\libnosys.a
END GROUP
                0x0000000000000800                __stack_size = 0x800
                [!provide]                        PROVIDE (_stack_size = __stack_size)

.init           0x0000000000000000        0x4
                0x0000000000000000                _sinit = .
                0x0000000000000000                . = ALIGN (0x4)
 *(SORT_NONE(.init))
 .init          0x0000000000000000        0x4 ./Startup/startup_ch32v30x_D8C.o
                0x0000000000000000                _start
                0x0000000000000004                . = ALIGN (0x4)
                0x0000000000000004                _einit = .

.vector         0x0000000000000004      0x1bc
 *(.vector)
 .vector        0x0000000000000004      0x1a0 ./Startup/startup_ch32v30x_D8C.o
                0x00000000000001c0                . = ALIGN (0x40)
 *fill*         0x00000000000001a4       0x1c 

.text           0x00000000000001c0     0x6b84
                0x00000000000001c0                . = ALIGN (0x4)
 *(.text)
 .text          0x00000000000001c0       0x60 e:/ch32_ide/mounriver_studio2/resources/app/resources/win32/components/wch/toolchain/risc-v embedded gcc/bin/../lib/gcc/riscv-none-embed/8.2.0/rv32imafcxw/ilp32f\libgcc.a(save-restore.o)
                0x00000000000001c0                __riscv_save_12
                0x00000000000001c8                __riscv_save_9
                0x00000000000001c8                __riscv_save_11
                0x00000000000001c8                __riscv_save_10
                0x00000000000001c8                __riscv_save_8
                0x00000000000001d6                __riscv_save_4
                0x00000000000001d6                __riscv_save_6
                0x00000000000001d6                __riscv_save_5
                0x00000000000001d6                __riscv_save_7
                0x00000000000001f0                __riscv_save_3
                0x00000000000001f0                __riscv_save_2
                0x00000000000001f0                __riscv_save_1
                0x00000000000001f0                __riscv_save_0
                0x00000000000001fc                __riscv_restore_12
                0x0000000000000200                __riscv_restore_11
                0x0000000000000200                __riscv_restore_9
                0x0000000000000200                __riscv_restore_10
                0x0000000000000200                __riscv_restore_8
                0x000000000000020a                __riscv_restore_5
                0x000000000000020a                __riscv_restore_7
                0x000000000000020a                __riscv_restore_6
                0x000000000000020a                __riscv_restore_4
                0x0000000000000214                __riscv_restore_3
                0x0000000000000214                __riscv_restore_0
                0x0000000000000214                __riscv_restore_2
                0x0000000000000214                __riscv_restore_1
 .text          0x0000000000000220       0xa8 e:/ch32_ide/mounriver_studio2/resources/app/resources/win32/components/wch/toolchain/risc-v embedded gcc/bin/../lib/gcc/riscv-none-embed/8.2.0/../../../../riscv-none-embed/lib/rv32imafcxw/ilp32f\libg_nano.a(lib_a-memset.o)
                0x0000000000000220                memset
 *(.text.*)
 .text.NMI_Handler
                0x00000000000002c8        0x2 ./User/ch32v30x_it.o
                0x00000000000002c8                NMI_Handler
 .text.HardFault_Handler
                0x00000000000002ca       0x10 ./User/ch32v30x_it.o
                0x00000000000002ca                HardFault_Handler
 .text.startup.main
                0x00000000000002da       0x7a ./User/main.o
                0x00000000000002da                main
 .text.SystemInit
                0x0000000000000354       0xfa ./User/system_ch32v30x.o
                0x0000000000000354                SystemInit
 .text.SystemCoreClockUpdate
                0x000000000000044e      0x12e ./User/system_ch32v30x.o
                0x000000000000044e                SystemCoreClockUpdate
 .text.vector_handler
                0x000000000000057c        0x2 ./Startup/startup_ch32v30x_D8C.o
                0x000000000000057c                EXTI2_IRQHandler
                0x000000000000057c                TIM8_TRG_COM_IRQHandler
                0x000000000000057c                TIM8_CC_IRQHandler
                0x000000000000057c                UART8_IRQHandler
                0x000000000000057c                TIM1_CC_IRQHandler
                0x000000000000057c                TIM6_IRQHandler
                0x000000000000057c                SysTick_Handler
                0x000000000000057c                PVD_IRQHandler
                0x000000000000057c                SDIO_IRQHandler
                0x000000000000057c                TIM9_BRK_IRQHandler
                0x000000000000057c                DMA2_Channel8_IRQHandler
                0x000000000000057c                CAN2_RX1_IRQHandler
                0x000000000000057c                EXTI3_IRQHandler
                0x000000000000057c                USBHS_IRQHandler
                0x000000000000057c                DMA2_Channel9_IRQHandler
                0x000000000000057c                TIM10_CC_IRQHandler
                0x000000000000057c                USBFS_IRQHandler
                0x000000000000057c                EXTI0_IRQHandler
                0x000000000000057c                I2C2_EV_IRQHandler
                0x000000000000057c                TIM10_TRG_COM_IRQHandler
                0x000000000000057c                CAN2_SCE_IRQHandler
                0x000000000000057c                ADC1_2_IRQHandler
                0x000000000000057c                Break_Point_Handler
                0x000000000000057c                SPI1_IRQHandler
                0x000000000000057c                TAMPER_IRQHandler
                0x000000000000057c                CAN2_RX0_IRQHandler
                0x000000000000057c                TIM8_UP_IRQHandler
                0x000000000000057c                Ecall_M_Mode_Handler
                0x000000000000057c                DMA2_Channel2_IRQHandler
                0x000000000000057c                DMA1_Channel4_IRQHandler
                0x000000000000057c                TIM9_UP_IRQHandler
                0x000000000000057c                RTC_IRQHandler
                0x000000000000057c                DMA1_Channel7_IRQHandler
                0x000000000000057c                CAN1_RX1_IRQHandler
                0x000000000000057c                DVP_IRQHandler
                0x000000000000057c                UART5_IRQHandler
                0x000000000000057c                TIM4_IRQHandler
                0x000000000000057c                DMA2_Channel1_IRQHandler
                0x000000000000057c                I2C1_EV_IRQHandler
                0x000000000000057c                DMA1_Channel6_IRQHandler
                0x000000000000057c                UART4_IRQHandler
                0x000000000000057c                DMA2_Channel4_IRQHandler
                0x000000000000057c                TIM3_IRQHandler
                0x000000000000057c                RCC_IRQHandler
                0x000000000000057c                TIM1_TRG_COM_IRQHandler
                0x000000000000057c                DMA1_Channel1_IRQHandler
                0x000000000000057c                DMA2_Channel7_IRQHandler
                0x000000000000057c                TIM7_IRQHandler
                0x000000000000057c                CAN2_TX_IRQHandler
                0x000000000000057c                TIM5_IRQHandler
                0x000000000000057c                EXTI9_5_IRQHandler
                0x000000000000057c                ETH_WKUP_IRQHandler
                0x000000000000057c                SPI2_IRQHandler
                0x000000000000057c                TIM10_BRK_IRQHandler
                0x000000000000057c                TIM9_CC_IRQHandler
                0x000000000000057c                DMA2_Channel5_IRQHandler
                0x000000000000057c                EXTI4_IRQHandler
                0x000000000000057c                RNG_IRQHandler
                0x000000000000057c                USB_HP_CAN1_TX_IRQHandler
                0x000000000000057c                DMA1_Channel3_IRQHandler
                0x000000000000057c                ETH_IRQHandler
                0x000000000000057c                WWDG_IRQHandler
                0x000000000000057c                USBHSWakeup_IRQHandler
                0x000000000000057c                DMA2_Channel11_IRQHandler
                0x000000000000057c                Ecall_U_Mode_Handler
                0x000000000000057c                DMA2_Channel6_IRQHandler
                0x000000000000057c                TIM2_IRQHandler
                0x000000000000057c                SW_Handler
                0x000000000000057c                TIM1_BRK_IRQHandler
                0x000000000000057c                DMA2_Channel10_IRQHandler
                0x000000000000057c                EXTI1_IRQHandler
                0x000000000000057c                RTCAlarm_IRQHandler
                0x000000000000057c                TIM10_UP_IRQHandler
                0x000000000000057c                TIM9_TRG_COM_IRQHandler
                0x000000000000057c                UART7_IRQHandler
                0x000000000000057c                UART6_IRQHandler
                0x000000000000057c                I2C2_ER_IRQHandler
                0x000000000000057c                DMA1_Channel2_IRQHandler
                0x000000000000057c                TIM8_BRK_IRQHandler
                0x000000000000057c                CAN1_SCE_IRQHandler
                0x000000000000057c                FLASH_IRQHandler
                0x000000000000057c                SPI3_IRQHandler
                0x000000000000057c                I2C1_ER_IRQHandler
                0x000000000000057c                USBWakeUp_IRQHandler
                0x000000000000057c                DMA2_Channel3_IRQHandler
 .text.handle_reset
                0x000000000000057e       0x8a ./Startup/startup_ch32v30x_D8C.o
                0x000000000000057e                handle_reset
 .text.CAN_SlaveStartBank
                0x0000000000000608       0x38 ./Peripheral/src/ch32v30x_can.o
                0x0000000000000608                CAN_SlaveStartBank
 .text.CAN_Init
                0x0000000000000640      0x2c8 ./Peripheral/src/ch32v30x_can.o
                0x0000000000000640                CAN_Init
 .text.CAN_Transmit
                0x0000000000000908       0xbc ./Peripheral/src/ch32v30x_can.o
                0x0000000000000908                CAN_Transmit
 .text.CAN_TransmitStatus
                0x00000000000009c4       0x62 ./Peripheral/src/ch32v30x_can.o
                0x00000000000009c4                CAN_TransmitStatus
 .text.CAN_Receive
                0x0000000000000a26       0x8c ./Peripheral/src/ch32v30x_can.o
                0x0000000000000a26                CAN_Receive
 .text.CAN_FIFORelease
                0x0000000000000ab2       0x16 ./Peripheral/src/ch32v30x_can.o
                0x0000000000000ab2                CAN_FIFORelease
 .text.CAN_MessagePending
                0x0000000000000ac8       0x16 ./Peripheral/src/ch32v30x_can.o
                0x0000000000000ac8                CAN_MessagePending
 .text.CAN_ITConfig
                0x0000000000000ade       0x12 ./Peripheral/src/ch32v30x_can.o
                0x0000000000000ade                CAN_ITConfig
 .text.CAN_GetITStatus
                0x0000000000000af0       0xd0 ./Peripheral/src/ch32v30x_can.o
                0x0000000000000af0                CAN_GetITStatus
 .text.CAN_ClearITPendingBit
                0x0000000000000bc0       0x94 ./Peripheral/src/ch32v30x_can.o
                0x0000000000000bc0                CAN_ClearITPendingBit
 .text.DBGMCU_GetCHIPID
                0x0000000000000c54        0xa ./Peripheral/src/ch32v30x_dbgmcu.o
                0x0000000000000c54                DBGMCU_GetCHIPID
 .text.DMA_DeInit
                0x0000000000000c5e      0x16c ./Peripheral/src/ch32v30x_dma.o
                0x0000000000000c5e                DMA_DeInit
 .text.DMA_Init
                0x0000000000000dca       0x38 ./Peripheral/src/ch32v30x_dma.o
                0x0000000000000dca                DMA_Init
 .text.DMA_Cmd  0x0000000000000e02       0x14 ./Peripheral/src/ch32v30x_dma.o
                0x0000000000000e02                DMA_Cmd
 .text.DMA_ITConfig
                0x0000000000000e16       0x12 ./Peripheral/src/ch32v30x_dma.o
                0x0000000000000e16                DMA_ITConfig
 .text.DMA_SetCurrDataCounter
                0x0000000000000e28        0x4 ./Peripheral/src/ch32v30x_dma.o
                0x0000000000000e28                DMA_SetCurrDataCounter
 .text.DMA_ClearFlag
                0x0000000000000e2c       0x2c ./Peripheral/src/ch32v30x_dma.o
                0x0000000000000e2c                DMA_ClearFlag
 .text.DMA_ClearITPendingBit
                0x0000000000000e58        0xa ./Peripheral/src/ch32v30x_dma.o
                0x0000000000000e58                DMA_ClearITPendingBit
 .text.EXTI_Init
                0x0000000000000e62       0x6a ./Peripheral/src/ch32v30x_exti.o
                0x0000000000000e62                EXTI_Init
 .text.EXTI_GetITStatus
                0x0000000000000ecc       0x1e ./Peripheral/src/ch32v30x_exti.o
                0x0000000000000ecc                EXTI_GetITStatus
 .text.EXTI_ClearITPendingBit
                0x0000000000000eea        0xa ./Peripheral/src/ch32v30x_exti.o
                0x0000000000000eea                EXTI_ClearITPendingBit
 .text.GPIO_Init
                0x0000000000000ef4       0xc0 ./Peripheral/src/ch32v30x_gpio.o
                0x0000000000000ef4                GPIO_Init
 .text.GPIO_ReadInputDataBit
                0x0000000000000fb4        0xa ./Peripheral/src/ch32v30x_gpio.o
                0x0000000000000fb4                GPIO_ReadInputDataBit
 .text.GPIO_PinRemapConfig
                0x0000000000000fbe       0xd6 ./Peripheral/src/ch32v30x_gpio.o
                0x0000000000000fbe                GPIO_PinRemapConfig
 .text.GPIO_EXTILineConfig
                0x0000000000001094       0x2c ./Peripheral/src/ch32v30x_gpio.o
                0x0000000000001094                GPIO_EXTILineConfig
 .text.NVIC_Init
                0x00000000000010c0       0x5c ./Peripheral/src/ch32v30x_misc.o
                0x00000000000010c0                NVIC_Init
 .text.RCC_GetClocksFreq
                0x000000000000111c      0x176 ./Peripheral/src/ch32v30x_rcc.o
                0x000000000000111c                RCC_GetClocksFreq
 .text.RCC_AHBPeriphClockCmd
                0x0000000000001292       0x1e ./Peripheral/src/ch32v30x_rcc.o
                0x0000000000001292                RCC_AHBPeriphClockCmd
 .text.RCC_APB2PeriphClockCmd
                0x00000000000012b0       0x1e ./Peripheral/src/ch32v30x_rcc.o
                0x00000000000012b0                RCC_APB2PeriphClockCmd
 .text.RCC_APB1PeriphClockCmd
                0x00000000000012ce       0x1e ./Peripheral/src/ch32v30x_rcc.o
                0x00000000000012ce                RCC_APB1PeriphClockCmd
 .text.TIM_TimeBaseInit
                0x00000000000012ec       0xee ./Peripheral/src/ch32v30x_tim.o
                0x00000000000012ec                TIM_TimeBaseInit
 .text.TIM_Cmd  0x00000000000013da       0x18 ./Peripheral/src/ch32v30x_tim.o
                0x00000000000013da                TIM_Cmd
 .text.TIM_ITConfig
                0x00000000000013f2       0x12 ./Peripheral/src/ch32v30x_tim.o
                0x00000000000013f2                TIM_ITConfig
 .text.TIM_GetITStatus
                0x0000000000001404       0x18 ./Peripheral/src/ch32v30x_tim.o
                0x0000000000001404                TIM_GetITStatus
 .text.TIM_ClearITPendingBit
                0x000000000000141c        0xc ./Peripheral/src/ch32v30x_tim.o
                0x000000000000141c                TIM_ClearITPendingBit
 .text.USART_Init
                0x0000000000001428       0x8e ./Peripheral/src/ch32v30x_usart.o
                0x0000000000001428                USART_Init
 .text.USART_Cmd
                0x00000000000014b6       0x16 ./Peripheral/src/ch32v30x_usart.o
                0x00000000000014b6                USART_Cmd
 .text.USART_ITConfig
                0x00000000000014cc       0x36 ./Peripheral/src/ch32v30x_usart.o
                0x00000000000014cc                USART_ITConfig
 .text.USART_DMACmd
                0x0000000000001502       0x12 ./Peripheral/src/ch32v30x_usart.o
                0x0000000000001502                USART_DMACmd
 .text.USART_SendData
                0x0000000000001514        0x8 ./Peripheral/src/ch32v30x_usart.o
                0x0000000000001514                USART_SendData
 .text.USART_ReceiveData
                0x000000000000151c        0x8 ./Peripheral/src/ch32v30x_usart.o
                0x000000000000151c                USART_ReceiveData
 .text.USART_GetFlagStatus
                0x0000000000001524        0xa ./Peripheral/src/ch32v30x_usart.o
                0x0000000000001524                USART_GetFlagStatus
 .text.USART_GetITStatus
                0x000000000000152e       0x3c ./Peripheral/src/ch32v30x_usart.o
                0x000000000000152e                USART_GetITStatus
 .text.Delay_Init
                0x000000000000156a       0x2a ./Debug/debug.o
                0x000000000000156a                Delay_Init
 .text.Delay_Ms
                0x0000000000001594       0x36 ./Debug/debug.o
                0x0000000000001594                Delay_Ms
 .text.USART_Printf_Init
                0x00000000000015ca       0x56 ./Debug/debug.o
                0x00000000000015ca                USART_Printf_Init
 .text._write   0x0000000000001620       0x3a ./Debug/debug.o
                0x0000000000001620                _write
 .text.fast_sin_cos
                0x000000000000165a       0xde ./Architecture/module/arm/arm.o
 .text.robot_arm_5dof_method2
                0x0000000000001738      0x346 ./Architecture/module/arm/arm.o
                0x0000000000001738                robot_arm_5dof_method2
 .text.parse_wt_protocol
                0x0000000000001a7e       0xc4 ./Architecture/module/WT61/wt61.o
                0x0000000000001a7e                parse_wt_protocol
 .text.get_angle
                0x0000000000001b42       0xb4 ./Architecture/module/WT61/wt61.o
                0x0000000000001b42                get_angle
 .text.extract_distance
                0x0000000000001bf6       0x4c ./Architecture/module/TOF/tof.o
                0x0000000000001bf6                extract_distance
 .text.filter_distance_data
                0x0000000000001c42       0xa4 ./Architecture/module/TOF/tof.o
                0x0000000000001c42                filter_distance_data
 .text.tof_run  0x0000000000001ce6       0x9e ./Architecture/module/TOF/tof.o
                0x0000000000001ce6                tof_run
 .text.CAN_Send_Position_Mode
                0x0000000000001d84       0xb2 ./Architecture/module/STEP/step.o
                0x0000000000001d84                CAN_Send_Position_Mode
 .text.Control_Motor
                0x0000000000001e36       0xf4 ./Architecture/module/STEP/step.o
                0x0000000000001e36                Control_Motor
 .text.LCD_SendTask
                0x0000000000001f2a       0x92 ./Architecture/module/LCD/lcd.o
                0x0000000000001f2a                LCD_SendTask
 .text.LCD_ReceiveTask
                0x0000000000001fbc       0x7c ./Architecture/module/LCD/lcd.o
                0x0000000000001fbc                LCD_ReceiveTask
 .text.IR_EXTI_Callback
                0x0000000000002038      0x154 ./Architecture/module/IR/ir.o
                0x0000000000002038                IR_EXTI_Callback
 .text.float_to_bytes
                0x000000000000218c       0x1a ./Architecture/module/BLDC/bldc.o
                0x000000000000218c                float_to_bytes
 .text.CAN_MOTOR_MODE_SET
                0x00000000000021a6       0x50 ./Architecture/module/BLDC/bldc.o
                0x00000000000021a6                CAN_MOTOR_MODE_SET
 .text.CAN_BLDC_POS_CONTROL
                0x00000000000021f6       0x9c ./Architecture/module/BLDC/bldc.o
                0x00000000000021f6                CAN_BLDC_POS_CONTROL
 .text.USART23_CFG
                0x0000000000002292      0x10a ./Architecture/bsp/uart/uart.o
                0x0000000000002292                USART23_CFG
 .text.USART3_IRQHandler
                0x000000000000239c       0x7e ./Architecture/bsp/uart/uart.o
                0x000000000000239c                USART3_IRQHandler
 .text.USART2_IRQHandler
                0x000000000000241a       0xa4 ./Architecture/bsp/uart/uart.o
                0x000000000000241a                USART2_IRQHandler
 .text.USARTx_CFG
                0x00000000000024be       0xa2 ./Architecture/bsp/uart/uart_dma.o
                0x00000000000024be                USARTx_CFG
 .text.DMA_INIT
                0x0000000000002560       0x9a ./Architecture/bsp/uart/uart_dma.o
                0x0000000000002560                DMA_INIT
 .text.ring_buffer_push_huge
                0x00000000000025fa       0x9c ./Architecture/bsp/uart/uart_dma.o
                0x00000000000025fa                ring_buffer_push_huge
 .text.ring_buffer_pop
                0x0000000000002696       0x3e ./Architecture/bsp/uart/uart_dma.o
                0x0000000000002696                ring_buffer_pop
 .text.USART1_IRQHandler
                0x00000000000026d4       0xde ./Architecture/bsp/uart/uart_dma.o
                0x00000000000026d4                USART1_IRQHandler
 .text.DMA1_Channel5_IRQHandler
                0x00000000000027b2       0xb8 ./Architecture/bsp/uart/uart_dma.o
                0x00000000000027b2                DMA1_Channel5_IRQHandler
 .text.UART_SendBytes
                0x000000000000286a       0x46 ./Architecture/bsp/uart/uart_dma.o
                0x000000000000286a                UART_SendBytes
 .text.TIM1_UP_IRQHandler
                0x00000000000028b0       0x84 ./Architecture/bsp/tim/tim.o
                0x00000000000028b0                TIM1_UP_IRQHandler
 .text.TIM1_INT_Init
                0x0000000000002934       0x74 ./Architecture/bsp/tim/tim.o
                0x0000000000002934                TIM1_INT_Init
 .text.EXTI15_10_IRQHandler
                0x00000000000029a8       0xaa ./Architecture/bsp/exti/exti.o
                0x00000000000029a8                EXTI15_10_IRQHandler
 .text.EXTI0_INT_INIT
                0x0000000000002a52       0x6c ./Architecture/bsp/exti/exti.o
                0x0000000000002a52                EXTI0_INT_INIT
 .text.CAN_SoftFilterInit
                0x0000000000002abe       0x62 ./Architecture/bsp/can/can.o
                0x0000000000002abe                CAN_SoftFilterInit
 .text.CAN_ReceiveViaSoftFilter
                0x0000000000002b20       0x94 ./Architecture/bsp/can/can.o
                0x0000000000002b20                CAN_ReceiveViaSoftFilter
 .text.CAN_Mode_Init
                0x0000000000002bb4      0x112 ./Architecture/bsp/can/can.o
                0x0000000000002bb4                CAN_Mode_Init
 .text.CAN_Send_Msg
                0x0000000000002cc6       0x8e ./Architecture/bsp/can/can.o
                0x0000000000002cc6                CAN_Send_Msg
 .text.CAN_Receive_Msg
                0x0000000000002d54       0x46 ./Architecture/bsp/can/can.o
                0x0000000000002d54                CAN_Receive_Msg
 .text.USB_LP_CAN1_RX0_IRQHandler
                0x0000000000002d9a       0x9c ./Architecture/bsp/can/can.o
                0x0000000000002d9a                USB_LP_CAN1_RX0_IRQHandler
 .text.rb_test05
                0x0000000000002e36      0x350 ./Architecture/application/RB/rb.o
                0x0000000000002e36                rb_test05
 .text.atan2f   0x0000000000003186        0x2 e:/ch32_ide/mounriver_studio2/resources/app/resources/win32/components/wch/toolchain/risc-v embedded gcc/bin/../lib/gcc/riscv-none-embed/8.2.0/../../../../riscv-none-embed/lib/rv32imafcxw/ilp32f\libm.a(lib_a-wf_atan2.o)
                0x0000000000003186                atan2f
 .text.sqrtf    0x0000000000003188       0xa4 e:/ch32_ide/mounriver_studio2/resources/app/resources/win32/components/wch/toolchain/risc-v embedded gcc/bin/../lib/gcc/riscv-none-embed/8.2.0/../../../../riscv-none-embed/lib/rv32imafcxw/ilp32f\libm.a(lib_a-wf_sqrt.o)
                0x0000000000003188                sqrtf
 .text.__ieee754_atan2f
                0x000000000000322c      0x1be e:/ch32_ide/mounriver_studio2/resources/app/resources/win32/components/wch/toolchain/risc-v embedded gcc/bin/../lib/gcc/riscv-none-embed/8.2.0/../../../../riscv-none-embed/lib/rv32imafcxw/ilp32f\libm.a(lib_a-ef_atan2.o)
                0x000000000000322c                __ieee754_atan2f
 .text.__ieee754_sqrtf
                0x00000000000033ea       0xcc e:/ch32_ide/mounriver_studio2/resources/app/resources/win32/components/wch/toolchain/risc-v embedded gcc/bin/../lib/gcc/riscv-none-embed/8.2.0/../../../../riscv-none-embed/lib/rv32imafcxw/ilp32f\libm.a(lib_a-ef_sqrt.o)
                0x00000000000033ea                __ieee754_sqrtf
 .text.matherr  0x00000000000034b6        0x4 e:/ch32_ide/mounriver_studio2/resources/app/resources/win32/components/wch/toolchain/risc-v embedded gcc/bin/../lib/gcc/riscv-none-embed/8.2.0/../../../../riscv-none-embed/lib/rv32imafcxw/ilp32f\libm.a(lib_a-s_matherr.o)
                0x00000000000034b6                matherr
 .text.atanf    0x00000000000034ba      0x204 e:/ch32_ide/mounriver_studio2/resources/app/resources/win32/components/wch/toolchain/risc-v embedded gcc/bin/../lib/gcc/riscv-none-embed/8.2.0/../../../../riscv-none-embed/lib/rv32imafcxw/ilp32f\libm.a(lib_a-sf_atan.o)
                0x00000000000034ba                atanf
 .text.fabsf    0x00000000000036be        0xe e:/ch32_ide/mounriver_studio2/resources/app/resources/win32/components/wch/toolchain/risc-v embedded gcc/bin/../lib/gcc/riscv-none-embed/8.2.0/../../../../riscv-none-embed/lib/rv32imafcxw/ilp32f\libm.a(lib_a-sf_fabs.o)
                0x00000000000036be                fabsf
 .text.printchar
                0x00000000000036cc       0x4a e:/ch32_ide/mounriver_studio2/resources/app/resources/win32/components/wch/toolchain/risc-v embedded gcc/bin/../lib/gcc/riscv-none-embed/8.2.0/../../../../riscv-none-embed/lib/rv32imafcxw/ilp32f\libprintfloat.a(printfloat.o)
                0x00000000000036cc                printchar
 .text.prints   0x0000000000003716       0xd8 e:/ch32_ide/mounriver_studio2/resources/app/resources/win32/components/wch/toolchain/risc-v embedded gcc/bin/../lib/gcc/riscv-none-embed/8.2.0/../../../../riscv-none-embed/lib/rv32imafcxw/ilp32f\libprintfloat.a(printfloat.o)
                0x0000000000003716                prints
 .text.printInt
                0x00000000000037ee       0xe8 e:/ch32_ide/mounriver_studio2/resources/app/resources/win32/components/wch/toolchain/risc-v embedded gcc/bin/../lib/gcc/riscv-none-embed/8.2.0/../../../../riscv-none-embed/lib/rv32imafcxw/ilp32f\libprintfloat.a(printfloat.o)
                0x00000000000037ee                printInt
 .text.printLongLongInt
                0x00000000000038d6      0x120 e:/ch32_ide/mounriver_studio2/resources/app/resources/win32/components/wch/toolchain/risc-v embedded gcc/bin/../lib/gcc/riscv-none-embed/8.2.0/../../../../riscv-none-embed/lib/rv32imafcxw/ilp32f\libprintfloat.a(printfloat.o)
                0x00000000000038d6                printLongLongInt
 .text.printDouble
                0x00000000000039f6       0xfe e:/ch32_ide/mounriver_studio2/resources/app/resources/win32/components/wch/toolchain/risc-v embedded gcc/bin/../lib/gcc/riscv-none-embed/8.2.0/../../../../riscv-none-embed/lib/rv32imafcxw/ilp32f\libprintfloat.a(printfloat.o)
                0x00000000000039f6                printDouble
 .text.print    0x0000000000003af4      0x358 e:/ch32_ide/mounriver_studio2/resources/app/resources/win32/components/wch/toolchain/risc-v embedded gcc/bin/../lib/gcc/riscv-none-embed/8.2.0/../../../../riscv-none-embed/lib/rv32imafcxw/ilp32f\libprintfloat.a(printfloat.o)
                0x0000000000003af4                print
 .text.printf   0x0000000000003e4c       0x24 e:/ch32_ide/mounriver_studio2/resources/app/resources/win32/components/wch/toolchain/risc-v embedded gcc/bin/../lib/gcc/riscv-none-embed/8.2.0/../../../../riscv-none-embed/lib/rv32imafcxw/ilp32f\libprintfloat.a(printfloat.o)
                0x0000000000003e4c                printf
 .text.snprintf
                0x0000000000003e70       0x2a e:/ch32_ide/mounriver_studio2/resources/app/resources/win32/components/wch/toolchain/risc-v embedded gcc/bin/../lib/gcc/riscv-none-embed/8.2.0/../../../../riscv-none-embed/lib/rv32imafcxw/ilp32f\libprintfloat.a(printfloat.o)
                0x0000000000003e70                snprintf
 .text.puts     0x0000000000003e9a       0x4a e:/ch32_ide/mounriver_studio2/resources/app/resources/win32/components/wch/toolchain/risc-v embedded gcc/bin/../lib/gcc/riscv-none-embed/8.2.0/../../../../riscv-none-embed/lib/rv32imafcxw/ilp32f\libprintfloat.a(printfloat.o)
                0x0000000000003e9a                puts
 .text.__udivdi3
                0x0000000000003ee4      0x392 e:/ch32_ide/mounriver_studio2/resources/app/resources/win32/components/wch/toolchain/risc-v embedded gcc/bin/../lib/gcc/riscv-none-embed/8.2.0/rv32imafcxw/ilp32f\libgcc.a(_udivdi3.o)
                0x0000000000003ee4                __udivdi3
 .text.__umoddi3
                0x0000000000004276      0x38a e:/ch32_ide/mounriver_studio2/resources/app/resources/win32/components/wch/toolchain/risc-v embedded gcc/bin/../lib/gcc/riscv-none-embed/8.2.0/rv32imafcxw/ilp32f\libgcc.a(_umoddi3.o)
                0x0000000000004276                __umoddi3
 .text.__divdf3
                0x0000000000004600      0x7ea e:/ch32_ide/mounriver_studio2/resources/app/resources/win32/components/wch/toolchain/risc-v embedded gcc/bin/../lib/gcc/riscv-none-embed/8.2.0/rv32imafcxw/ilp32f\libgcc.a(divdf3.o)
                0x0000000000004600                __divdf3
 .text.__ledf2  0x0000000000004dea       0xb6 e:/ch32_ide/mounriver_studio2/resources/app/resources/win32/components/wch/toolchain/risc-v embedded gcc/bin/../lib/gcc/riscv-none-embed/8.2.0/rv32imafcxw/ilp32f\libgcc.a(ledf2.o)
                0x0000000000004dea                __ledf2
                0x0000000000004dea                __ltdf2
 .text.__muldf3
                0x0000000000004ea0      0x656 e:/ch32_ide/mounriver_studio2/resources/app/resources/win32/components/wch/toolchain/risc-v embedded gcc/bin/../lib/gcc/riscv-none-embed/8.2.0/rv32imafcxw/ilp32f\libgcc.a(muldf3.o)
                0x0000000000004ea0                __muldf3
 .text.__subdf3
                0x00000000000054f6      0xa8c e:/ch32_ide/mounriver_studio2/resources/app/resources/win32/components/wch/toolchain/risc-v embedded gcc/bin/../lib/gcc/riscv-none-embed/8.2.0/rv32imafcxw/ilp32f\libgcc.a(subdf3.o)
                0x00000000000054f6                __subdf3
 .text.__fixdfdi
                0x0000000000005f82      0x130 e:/ch32_ide/mounriver_studio2/resources/app/resources/win32/components/wch/toolchain/risc-v embedded gcc/bin/../lib/gcc/riscv-none-embed/8.2.0/rv32imafcxw/ilp32f\libgcc.a(fixdfdi.o)
                0x0000000000005f82                __fixdfdi
 .text.__floatdidf
                0x00000000000060b2      0x21c e:/ch32_ide/mounriver_studio2/resources/app/resources/win32/components/wch/toolchain/risc-v embedded gcc/bin/../lib/gcc/riscv-none-embed/8.2.0/rv32imafcxw/ilp32f\libgcc.a(floatdidf.o)
                0x00000000000060b2                __floatdidf
 .text.__extendsfdf2
                0x00000000000062ce       0xe8 e:/ch32_ide/mounriver_studio2/resources/app/resources/win32/components/wch/toolchain/risc-v embedded gcc/bin/../lib/gcc/riscv-none-embed/8.2.0/rv32imafcxw/ilp32f\libgcc.a(extendsfdf2.o)
                0x00000000000062ce                __extendsfdf2
 .text.__truncdfsf2
                0x00000000000063b6      0x31e e:/ch32_ide/mounriver_studio2/resources/app/resources/win32/components/wch/toolchain/risc-v embedded gcc/bin/../lib/gcc/riscv-none-embed/8.2.0/rv32imafcxw/ilp32f\libgcc.a(truncdfsf2.o)
                0x00000000000063b6                __truncdfsf2
 .text.__clzsi2
                0x00000000000066d4       0x6e e:/ch32_ide/mounriver_studio2/resources/app/resources/win32/components/wch/toolchain/risc-v embedded gcc/bin/../lib/gcc/riscv-none-embed/8.2.0/rv32imafcxw/ilp32f\libgcc.a(_clzsi2.o)
                0x00000000000066d4                __clzsi2
 .text.__errno  0x0000000000006742        0x8 e:/ch32_ide/mounriver_studio2/resources/app/resources/win32/components/wch/toolchain/risc-v embedded gcc/bin/../lib/gcc/riscv-none-embed/8.2.0/../../../../riscv-none-embed/lib/rv32imafcxw/ilp32f\libg_nano.a(lib_a-errno.o)
                0x0000000000006742                __errno
 .text.memcpy   0x000000000000674a       0xb2 e:/ch32_ide/mounriver_studio2/resources/app/resources/win32/components/wch/toolchain/risc-v embedded gcc/bin/../lib/gcc/riscv-none-embed/8.2.0/../../../../riscv-none-embed/lib/rv32imafcxw/ilp32f\libg_nano.a(lib_a-memcpy.o)
                0x000000000000674a                memcpy
 .text.strlen   0x00000000000067fc       0x12 e:/ch32_ide/mounriver_studio2/resources/app/resources/win32/components/wch/toolchain/risc-v embedded gcc/bin/../lib/gcc/riscv-none-embed/8.2.0/../../../../riscv-none-embed/lib/rv32imafcxw/ilp32f\libg_nano.a(lib_a-strlen.o)
                0x00000000000067fc                strlen
 .text.strstr   0x000000000000680e       0x34 e:/ch32_ide/mounriver_studio2/resources/app/resources/win32/components/wch/toolchain/risc-v embedded gcc/bin/../lib/gcc/riscv-none-embed/8.2.0/../../../../riscv-none-embed/lib/rv32imafcxw/ilp32f\libg_nano.a(lib_a-strstr.o)
                0x000000000000680e                strstr
 *(.rodata)
 *fill*         0x0000000000006842        0x2 
 .rodata        0x0000000000006844       0x30 ./Architecture/module/LCD/lcd.o
 *(.rodata*)
 .rodata.main.str1.4
                0x0000000000006874       0x1e ./User/main.o
 *fill*         0x0000000000006892        0x2 
 .rodata.fast_sin_cos.cst4
                0x0000000000006894       0x3c ./Architecture/module/arm/arm.o
 .rodata.robot_arm_5dof_method2.cst4
                0x00000000000068d0       0x18 ./Architecture/module/arm/arm.o
 .rodata.robot_arm_5dof_method2.str1.4
                0x00000000000068e8      0x108 ./Architecture/module/arm/arm.o
 .rodata.get_angle.str1.4
                0x00000000000069f0       0x2a ./Architecture/module/WT61/wt61.o
 *fill*         0x0000000000006a1a        0x2 
 .rodata.parse_wt_protocol.cst4
                0x0000000000006a1c        0x4 ./Architecture/module/WT61/wt61.o
                                          0x8 (size before relaxing)
 .rodata.extract_distance.str1.4
                0x0000000000006a20       0x18 ./Architecture/module/TOF/tof.o
 .rodata.tof_run.str1.4
                0x0000000000006a38       0x11 ./Architecture/module/TOF/tof.o
 *fill*         0x0000000000006a49        0x3 
 .rodata.Control_Motor.cst4
                0x0000000000006a4c        0x4 ./Architecture/module/STEP/step.o
 .rodata.LCD_ReceiveTask
                0x0000000000006a50       0x18 ./Architecture/module/LCD/lcd.o
 .rodata.LCD_ReceiveTask.str1.4
                0x0000000000006a68       0x47 ./Architecture/module/LCD/lcd.o
 *fill*         0x0000000000006aaf        0x1 
 .rodata.LCD_SendTask.str1.4
                0x0000000000006ab0       0x2b ./Architecture/module/LCD/lcd.o
 *fill*         0x0000000000006adb        0x1 
 .rodata.IR_EXTI_Callback.str1.4
                0x0000000000006adc       0x10 ./Architecture/module/IR/ir.o
 .rodata.CAN_BLDC_POS_CONTROL.cst4
                0x0000000000006aec       0x14 ./Architecture/module/BLDC/bldc.o
 .rodata.rb_test05
                0x0000000000006b00       0x28 ./Architecture/application/RB/rb.o
 .rodata.rb_test01.cst4
                0x0000000000006b28        0x8 ./Architecture/application/RB/rb.o
 .rodata.rb_test02.cst4
                0x0000000000006b30        0x4 ./Architecture/application/RB/rb.o
 .rodata.rb_test03.cst4
                0x0000000000006b34        0x8 ./Architecture/application/RB/rb.o
                                          0xc (size before relaxing)
 .rodata.rb_test04.cst4
                0x0000000000006b3c        0x4 ./Architecture/application/RB/rb.o
                                          0x8 (size before relaxing)
 .rodata.rb_test05.cst4
                0x0000000000006b40        0x4 ./Architecture/application/RB/rb.o
 .rodata.sqrtf.str1.4
                0x0000000000006b40        0x6 e:/ch32_ide/mounriver_studio2/resources/app/resources/win32/components/wch/toolchain/risc-v embedded gcc/bin/../lib/gcc/riscv-none-embed/8.2.0/../../../../riscv-none-embed/lib/rv32imafcxw/ilp32f\libm.a(lib_a-wf_sqrt.o)
 *fill*         0x0000000000006b46        0x2 
 .rodata.__ieee754_atan2f.cst4
                0x0000000000006b48       0x18 e:/ch32_ide/mounriver_studio2/resources/app/resources/win32/components/wch/toolchain/risc-v embedded gcc/bin/../lib/gcc/riscv-none-embed/8.2.0/../../../../riscv-none-embed/lib/rv32imafcxw/ilp32f\libm.a(lib_a-ef_atan2.o)
                                         0x28 (size before relaxing)
 .rodata.atanf.cst4
                0x0000000000006b60       0x3c e:/ch32_ide/mounriver_studio2/resources/app/resources/win32/components/wch/toolchain/risc-v embedded gcc/bin/../lib/gcc/riscv-none-embed/8.2.0/../../../../riscv-none-embed/lib/rv32imafcxw/ilp32f\libm.a(lib_a-sf_atan.o)
                                         0x48 (size before relaxing)
 .rodata.atanhi
                0x0000000000006b9c       0x10 e:/ch32_ide/mounriver_studio2/resources/app/resources/win32/components/wch/toolchain/risc-v embedded gcc/bin/../lib/gcc/riscv-none-embed/8.2.0/../../../../riscv-none-embed/lib/rv32imafcxw/ilp32f\libm.a(lib_a-sf_atan.o)
 .rodata.atanlo
                0x0000000000006bac       0x10 e:/ch32_ide/mounriver_studio2/resources/app/resources/win32/components/wch/toolchain/risc-v embedded gcc/bin/../lib/gcc/riscv-none-embed/8.2.0/../../../../riscv-none-embed/lib/rv32imafcxw/ilp32f\libm.a(lib_a-sf_atan.o)
 .rodata.print.str1.4
                0x0000000000006bbc        0x8 e:/ch32_ide/mounriver_studio2/resources/app/resources/win32/components/wch/toolchain/risc-v embedded gcc/bin/../lib/gcc/riscv-none-embed/8.2.0/../../../../riscv-none-embed/lib/rv32imafcxw/ilp32f\libprintfloat.a(printfloat.o)
                                          0x7 (size before relaxing)
 .rodata.__divdf3
                0x0000000000006bc4       0x40 e:/ch32_ide/mounriver_studio2/resources/app/resources/win32/components/wch/toolchain/risc-v embedded gcc/bin/../lib/gcc/riscv-none-embed/8.2.0/rv32imafcxw/ilp32f\libgcc.a(divdf3.o)
 .rodata.__muldf3
                0x0000000000006c04       0x40 e:/ch32_ide/mounriver_studio2/resources/app/resources/win32/components/wch/toolchain/risc-v embedded gcc/bin/../lib/gcc/riscv-none-embed/8.2.0/rv32imafcxw/ilp32f\libgcc.a(muldf3.o)
 .rodata.__clz_tab
                0x0000000000006c44      0x100 e:/ch32_ide/mounriver_studio2/resources/app/resources/win32/components/wch/toolchain/risc-v embedded gcc/bin/../lib/gcc/riscv-none-embed/8.2.0/rv32imafcxw/ilp32f\libgcc.a(_clz.o)
                0x0000000000006c44                __clz_tab
 *(.gnu.linkonce.t.*)
                0x0000000000006d44                . = ALIGN (0x4)

.rela.dyn       0x0000000000006d44        0x0
 .rela.text.startup.main
                0x0000000000006d44        0x0 ./User/ch32v30x_it.o
 .rela.init     0x0000000000006d44        0x0 ./User/ch32v30x_it.o
 .rela.vector   0x0000000000006d44        0x0 ./User/ch32v30x_it.o
 .rela.text.handle_reset
                0x0000000000006d44        0x0 ./User/ch32v30x_it.o
 .rela.text.robot_arm_5dof_method2
                0x0000000000006d44        0x0 ./User/ch32v30x_it.o
 .rela.text.get_angle
                0x0000000000006d44        0x0 ./User/ch32v30x_it.o
 .rela.text.tof_run
                0x0000000000006d44        0x0 ./User/ch32v30x_it.o
 .rela.text.LCD_SendTask
                0x0000000000006d44        0x0 ./User/ch32v30x_it.o
 .rela.text.LCD_ReceiveTask
                0x0000000000006d44        0x0 ./User/ch32v30x_it.o
 .rela.text.IR_EXTI_Callback
                0x0000000000006d44        0x0 ./User/ch32v30x_it.o
 .rela.text.prints
                0x0000000000006d44        0x0 ./User/ch32v30x_it.o
 .rela.text.printInt
                0x0000000000006d44        0x0 ./User/ch32v30x_it.o
 .rela.text.printLongLongInt
                0x0000000000006d44        0x0 ./User/ch32v30x_it.o
 .rela.text.printDouble
                0x0000000000006d44        0x0 ./User/ch32v30x_it.o
 .rela.text.print
                0x0000000000006d44        0x0 ./User/ch32v30x_it.o
 .rela.text.printf
                0x0000000000006d44        0x0 ./User/ch32v30x_it.o
 .rela.text.snprintf
                0x0000000000006d44        0x0 ./User/ch32v30x_it.o
 .rela.data.impure_data
                0x0000000000006d44        0x0 ./User/ch32v30x_it.o

.fini           0x0000000000006d44        0x0
 *(SORT_NONE(.fini))
                0x0000000000006d44                . = ALIGN (0x4)
                [!provide]                        PROVIDE (_etext = .)
                [!provide]                        PROVIDE (_eitcm = .)

.preinit_array  0x0000000000006d44        0x0
                [!provide]                        PROVIDE (__preinit_array_start = .)
 *(.preinit_array)
                [!provide]                        PROVIDE (__preinit_array_end = .)

.init_array     0x0000000000006d44        0x0
                [!provide]                        PROVIDE (__init_array_start = .)
 *(SORT_BY_INIT_PRIORITY(.init_array.*) SORT_BY_INIT_PRIORITY(.ctors.*))
 *(.init_array EXCLUDE_FILE(*crtend?.o *crtend.o *crtbegin?.o *crtbegin.o) .ctors)
                [!provide]                        PROVIDE (__init_array_end = .)

.fini_array     0x0000000000006d44        0x0
                [!provide]                        PROVIDE (__fini_array_start = .)
 *(SORT_BY_INIT_PRIORITY(.fini_array.*) SORT_BY_INIT_PRIORITY(.dtors.*))
 *(.fini_array EXCLUDE_FILE(*crtend?.o *crtend.o *crtbegin?.o *crtbegin.o) .dtors)
                [!provide]                        PROVIDE (__fini_array_end = .)

.ctors
 *crtbegin.o(.ctors)
 *crtbegin?.o(.ctors)
 *(EXCLUDE_FILE(*crtend?.o *crtend.o) .ctors)
 *(SORT_BY_NAME(.ctors.*))
 *(.ctors)

.dtors
 *crtbegin.o(.dtors)
 *crtbegin?.o(.dtors)
 *(EXCLUDE_FILE(*crtend?.o *crtend.o) .dtors)
 *(SORT_BY_NAME(.dtors.*))
 *(.dtors)

.dalign         0x0000000020000000        0x0 load address 0x0000000000006d44
                0x0000000020000000                . = ALIGN (0x4)
                0x0000000020000000                PROVIDE (_data_vma = .)

.dlalign        0x0000000000006d44        0x0
                0x0000000000006d44                . = ALIGN (0x4)
                0x0000000000006d44                PROVIDE (_data_lma = .)

.data           0x0000000020000000       0xd8 load address 0x0000000000006d44
 *(.gnu.linkonce.r.*)
 *(.data .data.*)
 .data.AHBPrescTable
                0x0000000020000000       0x10 ./User/system_ch32v30x.o
                0x0000000020000000                AHBPrescTable
 .data.APBAHBPrescTable
                0x0000000020000010       0x10 ./Peripheral/src/ch32v30x_rcc.o
 .data.impure_data
                0x0000000020000020       0x60 e:/ch32_ide/mounriver_studio2/resources/app/resources/win32/components/wch/toolchain/risc-v embedded gcc/bin/../lib/gcc/riscv-none-embed/8.2.0/../../../../riscv-none-embed/lib/rv32imafcxw/ilp32f\libg_nano.a(lib_a-impure.o)
 *(.gnu.linkonce.d.*)
                0x0000000020000080                . = ALIGN (0x8)
                0x0000000020000880                PROVIDE (__global_pointer$ = (. + 0x800))
 *(.sdata .sdata.*)
 .sdata.SystemCoreClock
                0x0000000020000080        0x4 ./User/system_ch32v30x.o
                0x0000000020000080                SystemCoreClock
 .sdata.ADCPrescTable
                0x0000000020000084        0x4 ./Peripheral/src/ch32v30x_rcc.o
 .sdata.A1      0x0000000020000088        0x4 ./Architecture/module/arm/arm.o
                0x0000000020000088                A1
 .sdata.A2      0x000000002000008c        0x4 ./Architecture/module/arm/arm.o
                0x000000002000008c                A2
 .sdata.A3      0x0000000020000090        0x4 ./Architecture/module/arm/arm.o
                0x0000000020000090                A3
 .sdata.A4      0x0000000020000094        0x4 ./Architecture/module/arm/arm.o
                0x0000000020000094                A4
 .sdata.A5      0x0000000020000098        0x4 ./Architecture/module/arm/arm.o
                0x0000000020000098                A5
 .sdata.P       0x000000002000009c        0x4 ./Architecture/module/arm/arm.o
                0x000000002000009c                P
 .sdata.bu_chang
                0x00000000200000a0        0x4 ./Architecture/module/arm/arm.o
                0x00000000200000a0                bu_chang
 .sdata.tolerance
                0x00000000200000a4        0x4 ./Architecture/module/arm/arm.o
                0x00000000200000a4                tolerance
 .sdata.acceleration_1
                0x00000000200000a8        0x1 ./Architecture/module/STEP/step.o
                0x00000000200000a8                acceleration_1
 .sdata.acceleration_4
                0x00000000200000a9        0x1 ./Architecture/module/STEP/step.o
                0x00000000200000a9                acceleration_4
 .sdata.acceleration_5
                0x00000000200000aa        0x1 ./Architecture/module/STEP/step.o
                0x00000000200000aa                acceleration_5
 .sdata.acceleration_6
                0x00000000200000ab        0x1 ./Architecture/module/STEP/step.o
                0x00000000200000ab                acceleration_6
 .sdata.angle_to_pulse_1
                0x00000000200000ac        0x4 ./Architecture/module/STEP/step.o
                0x00000000200000ac                angle_to_pulse_1
 .sdata.angle_to_pulse_4
                0x00000000200000b0        0x4 ./Architecture/module/STEP/step.o
                0x00000000200000b0                angle_to_pulse_4
 .sdata.angle_to_pulse_5
                0x00000000200000b4        0x4 ./Architecture/module/STEP/step.o
                0x00000000200000b4                angle_to_pulse_5
 .sdata.angle_to_pulse_6
                0x00000000200000b8        0x4 ./Architecture/module/STEP/step.o
                0x00000000200000b8                angle_to_pulse_6
 .sdata.direction_1
                0x00000000200000bc        0x1 ./Architecture/module/STEP/step.o
                0x00000000200000bc                direction_1
 .sdata.direction_4
                0x00000000200000bd        0x1 ./Architecture/module/STEP/step.o
                0x00000000200000bd                direction_4
 .sdata.direction_5
                0x00000000200000be        0x1 ./Architecture/module/STEP/step.o
                0x00000000200000be                direction_5
 .sdata.direction_6
                0x00000000200000bf        0x1 ./Architecture/module/STEP/step.o
                0x00000000200000bf                direction_6
 .sdata.speed_1
                0x00000000200000c0        0x2 ./Architecture/module/STEP/step.o
                0x00000000200000c0                speed_1
 .sdata.speed_4
                0x00000000200000c2        0x2 ./Architecture/module/STEP/step.o
                0x00000000200000c2                speed_4
 .sdata.speed_5
                0x00000000200000c4        0x2 ./Architecture/module/STEP/step.o
                0x00000000200000c4                speed_5
 .sdata.speed_6
                0x00000000200000c6        0x2 ./Architecture/module/STEP/step.o
                0x00000000200000c6                speed_6
 .sdata.CAN2FilterStartBank
                0x00000000200000c8        0x4 ./Architecture/bsp/can/can.o
                0x00000000200000c8                CAN2FilterStartBank
 .sdata.__fdlib_version
                0x00000000200000cc        0x4 e:/ch32_ide/mounriver_studio2/resources/app/resources/win32/components/wch/toolchain/risc-v embedded gcc/bin/../lib/gcc/riscv-none-embed/8.2.0/../../../../riscv-none-embed/lib/rv32imafcxw/ilp32f\libm.a(lib_a-s_lib_ver.o)
                0x00000000200000cc                __fdlib_version
 .sdata._impure_ptr
                0x00000000200000d0        0x4 e:/ch32_ide/mounriver_studio2/resources/app/resources/win32/components/wch/toolchain/risc-v embedded gcc/bin/../lib/gcc/riscv-none-embed/8.2.0/../../../../riscv-none-embed/lib/rv32imafcxw/ilp32f\libg_nano.a(lib_a-impure.o)
                0x00000000200000d0                _impure_ptr
 *(.sdata2.*)
 *(.gnu.linkonce.s.*)
                0x00000000200000d8                . = ALIGN (0x8)
 *fill*         0x00000000200000d4        0x4 
 *(.srodata.cst16)
 *(.srodata.cst8)
 *(.srodata.cst4)
 *(.srodata.cst2)
 *(.srodata .srodata.*)
                0x00000000200000d8                . = ALIGN (0x4)
                0x00000000200000d8                PROVIDE (_edata = .)

.bss            0x00000000200000d8      0x6a0 load address 0x0000000000006e1c
                0x00000000200000d8                . = ALIGN (0x4)
                0x00000000200000d8                PROVIDE (_sbss = .)
 *(.sbss*)
 .sbss.NVIC_Priority_Group
                0x00000000200000d8        0x4 ./Peripheral/src/ch32v30x_misc.o
                0x00000000200000d8                NVIC_Priority_Group
 .sbss.p_ms     0x00000000200000dc        0x2 ./Debug/debug.o
 .sbss.p_us     0x00000000200000de        0x1 ./Debug/debug.o
 *fill*         0x00000000200000df        0x1 
 .sbss.J1_global
                0x00000000200000e0        0x4 ./Architecture/module/arm/arm.o
                0x00000000200000e0                J1_global
 .sbss.J2_global
                0x00000000200000e4        0x4 ./Architecture/module/arm/arm.o
                0x00000000200000e4                J2_global
 .sbss.J3_global
                0x00000000200000e8        0x4 ./Architecture/module/arm/arm.o
                0x00000000200000e8                J3_global
 .sbss.J4_global
                0x00000000200000ec        0x4 ./Architecture/module/arm/arm.o
                0x00000000200000ec                J4_global
 .sbss.J5_global
                0x00000000200000f0        0x4 ./Architecture/module/arm/arm.o
                0x00000000200000f0                J5_global
 .sbss.X_IN     0x00000000200000f4        0x4 ./Architecture/module/arm/arm.o
                0x00000000200000f4                X_IN
 .sbss.Y_IN     0x00000000200000f8        0x4 ./Architecture/module/arm/arm.o
                0x00000000200000f8                Y_IN
 .sbss.Z_IN     0x00000000200000fc        0x4 ./Architecture/module/arm/arm.o
                0x00000000200000fc                Z_IN
 .sbss.Pitch_angle
                0x0000000020000100        0x4 ./Architecture/module/WT61/wt61.o
                0x0000000020000100                Pitch_angle
 .sbss.Roll_angle
                0x0000000020000104        0x4 ./Architecture/module/WT61/wt61.o
                0x0000000020000104                Roll_angle
 .sbss.Yaw_angle
                0x0000000020000108        0x4 ./Architecture/module/WT61/wt61.o
                0x0000000020000108                Yaw_angle
 .sbss.count.5680
                0x000000002000010c        0x1 ./Architecture/module/WT61/wt61.o
 .sbss.buffer_count
                0x000000002000010d        0x1 ./Architecture/module/TOF/tof.o
                0x000000002000010d                buffer_count
 *fill*         0x000000002000010e        0x2 
 .sbss.filter_result
                0x0000000020000110        0x4 ./Architecture/module/TOF/tof.o
                0x0000000020000110                filter_result
 .sbss.n0       0x0000000020000114        0x4 ./Architecture/module/LCD/lcd.o
                0x0000000020000114                n0
 .sbss.n1       0x0000000020000118        0x4 ./Architecture/module/LCD/lcd.o
                0x0000000020000118                n1
 .sbss.n10      0x000000002000011c        0x4 ./Architecture/module/LCD/lcd.o
                0x000000002000011c                n10
 .sbss.n11      0x0000000020000120        0x4 ./Architecture/module/LCD/lcd.o
                0x0000000020000120                n11
 .sbss.n2       0x0000000020000124        0x4 ./Architecture/module/LCD/lcd.o
                0x0000000020000124                n2
 .sbss.n3       0x0000000020000128        0x4 ./Architecture/module/LCD/lcd.o
                0x0000000020000128                n3
 .sbss.n4       0x000000002000012c        0x4 ./Architecture/module/LCD/lcd.o
                0x000000002000012c                n4
 .sbss.n5       0x0000000020000130        0x4 ./Architecture/module/LCD/lcd.o
                0x0000000020000130                n5
 .sbss.n6       0x0000000020000134        0x4 ./Architecture/module/LCD/lcd.o
                0x0000000020000134                n6
 .sbss.n7       0x0000000020000138        0x4 ./Architecture/module/LCD/lcd.o
                0x0000000020000138                n7
 .sbss.n8       0x000000002000013c        0x4 ./Architecture/module/LCD/lcd.o
                0x000000002000013c                n8
 .sbss.n9       0x0000000020000140        0x4 ./Architecture/module/LCD/lcd.o
                0x0000000020000140                n9
 .sbss.bitCount
                0x0000000020000144        0x1 ./Architecture/module/IR/ir.o
                0x0000000020000144                bitCount
 .sbss.ir_address
                0x0000000020000145        0x1 ./Architecture/module/IR/ir.o
                0x0000000020000145                ir_address
 .sbss.ir_address_inv
                0x0000000020000146        0x1 ./Architecture/module/IR/ir.o
                0x0000000020000146                ir_address_inv
 .sbss.ir_command
                0x0000000020000147        0x1 ./Architecture/module/IR/ir.o
                0x0000000020000147                ir_command
 .sbss.ir_command_inv
                0x0000000020000148        0x1 ./Architecture/module/IR/ir.o
                0x0000000020000148                ir_command_inv
 .sbss.ir_frame_ready
                0x0000000020000149        0x1 ./Architecture/module/IR/ir.o
                0x0000000020000149                ir_frame_ready
 .sbss.state.5256
                0x000000002000014a        0x1 ./Architecture/module/IR/ir.o
 *fill*         0x000000002000014b        0x1 
 .sbss.frame_ready
                0x000000002000014c        0x4 ./Architecture/bsp/uart/uart.o
                0x000000002000014c                frame_ready
 .sbss.lcd_cmd  0x0000000020000150        0x1 ./Architecture/bsp/uart/uart.o
                0x0000000020000150                lcd_cmd
 *fill*         0x0000000020000151        0x3 
 .sbss.rx_len_uart2
                0x0000000020000154        0x4 ./Architecture/bsp/uart/uart.o
                0x0000000020000154                rx_len_uart2
 .sbss.g_rx_data_len
                0x0000000020000158        0x2 ./Architecture/bsp/uart/uart_dma.o
                0x0000000020000158                g_rx_data_len
 *fill*         0x000000002000015a        0x2 
 .sbss.time_125us
                0x000000002000015c        0x4 ./Architecture/bsp/tim/tim.o
                0x000000002000015c                time_125us
 .sbss.canexbuf_interrupt
                0x0000000020000160        0x8 ./Architecture/bsp/can/can.o
                0x0000000020000160                canexbuf_interrupt
 .sbss.interrupt_rx_flag
                0x0000000020000168        0x1 ./Architecture/bsp/can/can.o
                0x0000000020000168                interrupt_rx_flag
 *(.gnu.linkonce.sb.*)
 *(.bss*)
 *fill*         0x0000000020000169        0x3 
 .bss.distance_buffer
                0x000000002000016c        0xa ./Architecture/module/TOF/tof.o
                0x000000002000016c                distance_buffer
 *fill*         0x0000000020000176        0x2 
 .bss.bits      0x0000000020000178       0x20 ./Architecture/module/IR/ir.o
                0x0000000020000178                bits
 .bss.rx_buffer_uart2
                0x0000000020000198       0x3c ./Architecture/bsp/uart/uart.o
                0x0000000020000198                rx_buffer_uart2
 .bss.USART_DMA_CTRL
                0x00000000200001d4      0x101 ./Architecture/bsp/uart/uart_dma.o
                0x00000000200001d4                USART_DMA_CTRL
 *fill*         0x00000000200002d5        0x3 
 .bss.g_rx_data_buffer
                0x00000000200002d8       0x80 ./Architecture/bsp/uart/uart_dma.o
                0x00000000200002d8                g_rx_data_buffer
 .bss.ring_buffer
                0x0000000020000358      0x406 ./Architecture/bsp/uart/uart_dma.o
                0x0000000020000358                ring_buffer
 *fill*         0x000000002000075e        0x2 
 .bss.CANFilterStruct
                0x0000000020000760       0x18 ./Architecture/bsp/can/can.o
                0x0000000020000760                CANFilterStruct
 *(.gnu.linkonce.b.*)
 *(COMMON*)
                0x0000000020000778                . = ALIGN (0x4)
                0x0000000020000778                PROVIDE (_ebss = .)
                0x0000000020000778                PROVIDE (_end = _ebss)
                [!provide]                        PROVIDE (end = .)

.stack          0x0000000020007800      0x800
                0x0000000020007800                PROVIDE (_heap_end = .)
                0x0000000020007800                . = ALIGN (0x4)
                [!provide]                        PROVIDE (_susrstack = .)
                0x0000000020008000                . = (. + __stack_size)
 *fill*         0x0000000020007800      0x800 
                0x0000000020008000                PROVIDE (_eusrstack = .)
OUTPUT(Networking.elf elf32-littleriscv)

.debug_info     0x0000000000000000    0x1c223
 .debug_info    0x0000000000000000      0xbc0 ./User/ch32v30x_it.o
 .debug_info    0x0000000000000bc0     0x1087 ./User/main.o
 .debug_info    0x0000000000001c47      0xbb5 ./User/system_ch32v30x.o
 .debug_info    0x00000000000027fc       0x22 ./Startup/startup_ch32v30x_D8C.o
 .debug_info    0x000000000000281e     0x1860 ./Peripheral/src/ch32v30x_can.o
 .debug_info    0x000000000000407e      0xa94 ./Peripheral/src/ch32v30x_dbgmcu.o
 .debug_info    0x0000000000004b12      0xd16 ./Peripheral/src/ch32v30x_dma.o
 .debug_info    0x0000000000005828      0xc0d ./Peripheral/src/ch32v30x_exti.o
 .debug_info    0x0000000000006435     0x12aa ./Peripheral/src/ch32v30x_gpio.o
 .debug_info    0x00000000000076df      0xf5b ./Peripheral/src/ch32v30x_misc.o
 .debug_info    0x000000000000863a     0x158a ./Peripheral/src/ch32v30x_rcc.o
 .debug_info    0x0000000000009bc4     0x2a54 ./Peripheral/src/ch32v30x_tim.o
 .debug_info    0x000000000000c618     0x13cd ./Peripheral/src/ch32v30x_usart.o
 .debug_info    0x000000000000d9e5      0xf6f ./Debug/debug.o
 .debug_info    0x000000000000e954      0xf81 ./Architecture/module/arm/arm.o
 .debug_info    0x000000000000f8d5      0xde4 ./Architecture/module/WT61/wt61.o
 .debug_info    0x00000000000106b9      0xce3 ./Architecture/module/TOF/tof.o
 .debug_info    0x000000000001139c      0xce9 ./Architecture/module/STEP/step.o
 .debug_info    0x0000000000012085      0xef9 ./Architecture/module/LCD/lcd.o
 .debug_info    0x0000000000012f7e      0xc09 ./Architecture/module/IR/ir.o
 .debug_info    0x0000000000013b87      0xb2d ./Architecture/module/BLDC/bldc.o
 .debug_info    0x00000000000146b4     0x1304 ./Architecture/bsp/uart/uart.o
 .debug_info    0x00000000000159b8     0x172d ./Architecture/bsp/uart/uart_dma.o
 .debug_info    0x00000000000170e5     0x10a3 ./Architecture/bsp/tim/tim.o
 .debug_info    0x0000000000018188      0xf80 ./Architecture/bsp/exti/exti.o
 .debug_info    0x0000000000019108     0x1b8f ./Architecture/bsp/can/can.o
 .debug_info    0x000000000001ac97     0x158c ./Architecture/application/RB/rb.o

.debug_abbrev   0x0000000000000000     0x4fcd
 .debug_abbrev  0x0000000000000000      0x22c ./User/ch32v30x_it.o
 .debug_abbrev  0x000000000000022c      0x2a9 ./User/main.o
 .debug_abbrev  0x00000000000004d5      0x2c0 ./User/system_ch32v30x.o
 .debug_abbrev  0x0000000000000795       0x12 ./Startup/startup_ch32v30x_D8C.o
 .debug_abbrev  0x00000000000007a7      0x3fe ./Peripheral/src/ch32v30x_can.o
 .debug_abbrev  0x0000000000000ba5      0x2f7 ./Peripheral/src/ch32v30x_dbgmcu.o
 .debug_abbrev  0x0000000000000e9c      0x2fd ./Peripheral/src/ch32v30x_dma.o
 .debug_abbrev  0x0000000000001199      0x2da ./Peripheral/src/ch32v30x_exti.o
 .debug_abbrev  0x0000000000001473      0x31a ./Peripheral/src/ch32v30x_gpio.o
 .debug_abbrev  0x000000000000178d      0x2da ./Peripheral/src/ch32v30x_misc.o
 .debug_abbrev  0x0000000000001a67      0x351 ./Peripheral/src/ch32v30x_rcc.o
 .debug_abbrev  0x0000000000001db8      0x3ff ./Peripheral/src/ch32v30x_tim.o
 .debug_abbrev  0x00000000000021b7      0x312 ./Peripheral/src/ch32v30x_usart.o
 .debug_abbrev  0x00000000000024c9      0x2f5 ./Debug/debug.o
 .debug_abbrev  0x00000000000027be      0x3b3 ./Architecture/module/arm/arm.o
 .debug_abbrev  0x0000000000002b71      0x38a ./Architecture/module/WT61/wt61.o
 .debug_abbrev  0x0000000000002efb      0x2eb ./Architecture/module/TOF/tof.o
 .debug_abbrev  0x00000000000031e6      0x2d5 ./Architecture/module/STEP/step.o
 .debug_abbrev  0x00000000000034bb      0x306 ./Architecture/module/LCD/lcd.o
 .debug_abbrev  0x00000000000037c1      0x28b ./Architecture/module/IR/ir.o
 .debug_abbrev  0x0000000000003a4c      0x26c ./Architecture/module/BLDC/bldc.o
 .debug_abbrev  0x0000000000003cb8      0x2de ./Architecture/bsp/uart/uart.o
 .debug_abbrev  0x0000000000003f96      0x383 ./Architecture/bsp/uart/uart_dma.o
 .debug_abbrev  0x0000000000004319      0x2ad ./Architecture/bsp/tim/tim.o
 .debug_abbrev  0x00000000000045c6      0x289 ./Architecture/bsp/exti/exti.o
 .debug_abbrev  0x000000000000484f      0x4b2 ./Architecture/bsp/can/can.o
 .debug_abbrev  0x0000000000004d01      0x2cc ./Architecture/application/RB/rb.o

.debug_aranges  0x0000000000000000      0xb88
 .debug_aranges
                0x0000000000000000       0x28 ./User/ch32v30x_it.o
 .debug_aranges
                0x0000000000000028       0x20 ./User/main.o
 .debug_aranges
                0x0000000000000048       0x28 ./User/system_ch32v30x.o
 .debug_aranges
                0x0000000000000070       0x30 ./Startup/startup_ch32v30x_D8C.o
 .debug_aranges
                0x00000000000000a0       0xd8 ./Peripheral/src/ch32v30x_can.o
 .debug_aranges
                0x0000000000000178       0x48 ./Peripheral/src/ch32v30x_dbgmcu.o
 .debug_aranges
                0x00000000000001c0       0x60 ./Peripheral/src/ch32v30x_dma.o
 .debug_aranges
                0x0000000000000220       0x50 ./Peripheral/src/ch32v30x_exti.o
 .debug_aranges
                0x0000000000000270       0xb0 ./Peripheral/src/ch32v30x_gpio.o
 .debug_aranges
                0x0000000000000320       0x28 ./Peripheral/src/ch32v30x_misc.o
 .debug_aranges
                0x0000000000000348      0x1a8 ./Peripheral/src/ch32v30x_rcc.o
 .debug_aranges
                0x00000000000004f0      0x2d0 ./Peripheral/src/ch32v30x_tim.o
 .debug_aranges
                0x00000000000007c0       0xf0 ./Peripheral/src/ch32v30x_usart.o
 .debug_aranges
                0x00000000000008b0       0x50 ./Debug/debug.o
 .debug_aranges
                0x0000000000000900       0x28 ./Architecture/module/arm/arm.o
 .debug_aranges
                0x0000000000000928       0x28 ./Architecture/module/WT61/wt61.o
 .debug_aranges
                0x0000000000000950       0x30 ./Architecture/module/TOF/tof.o
 .debug_aranges
                0x0000000000000980       0x28 ./Architecture/module/STEP/step.o
 .debug_aranges
                0x00000000000009a8       0x28 ./Architecture/module/LCD/lcd.o
 .debug_aranges
                0x00000000000009d0       0x20 ./Architecture/module/IR/ir.o
 .debug_aranges
                0x00000000000009f0       0x30 ./Architecture/module/BLDC/bldc.o
 .debug_aranges
                0x0000000000000a20       0x38 ./Architecture/bsp/uart/uart.o
 .debug_aranges
                0x0000000000000a58       0x50 ./Architecture/bsp/uart/uart_dma.o
 .debug_aranges
                0x0000000000000aa8       0x28 ./Architecture/bsp/tim/tim.o
 .debug_aranges
                0x0000000000000ad0       0x28 ./Architecture/bsp/exti/exti.o
 .debug_aranges
                0x0000000000000af8       0x50 ./Architecture/bsp/can/can.o
 .debug_aranges
                0x0000000000000b48       0x40 ./Architecture/application/RB/rb.o

.debug_ranges   0x0000000000000000      0xd98
 .debug_ranges  0x0000000000000000       0x18 ./User/ch32v30x_it.o
 .debug_ranges  0x0000000000000018       0x10 ./User/main.o
 .debug_ranges  0x0000000000000028       0x38 ./User/system_ch32v30x.o
 .debug_ranges  0x0000000000000060       0x28 ./Startup/startup_ch32v30x_D8C.o
 .debug_ranges  0x0000000000000088       0xf8 ./Peripheral/src/ch32v30x_can.o
 .debug_ranges  0x0000000000000180       0x50 ./Peripheral/src/ch32v30x_dbgmcu.o
 .debug_ranges  0x00000000000001d0       0x50 ./Peripheral/src/ch32v30x_dma.o
 .debug_ranges  0x0000000000000220       0x40 ./Peripheral/src/ch32v30x_exti.o
 .debug_ranges  0x0000000000000260       0xa0 ./Peripheral/src/ch32v30x_gpio.o
 .debug_ranges  0x0000000000000300       0x30 ./Peripheral/src/ch32v30x_misc.o
 .debug_ranges  0x0000000000000330      0x198 ./Peripheral/src/ch32v30x_rcc.o
 .debug_ranges  0x00000000000004c8      0x2c0 ./Peripheral/src/ch32v30x_tim.o
 .debug_ranges  0x0000000000000788       0xe0 ./Peripheral/src/ch32v30x_usart.o
 .debug_ranges  0x0000000000000868       0x40 ./Debug/debug.o
 .debug_ranges  0x00000000000008a8       0xf8 ./Architecture/module/arm/arm.o
 .debug_ranges  0x00000000000009a0       0xa0 ./Architecture/module/WT61/wt61.o
 .debug_ranges  0x0000000000000a40       0x78 ./Architecture/module/TOF/tof.o
 .debug_ranges  0x0000000000000ab8       0x18 ./Architecture/module/STEP/step.o
 .debug_ranges  0x0000000000000ad0       0x50 ./Architecture/module/LCD/lcd.o
 .debug_ranges  0x0000000000000b20       0x40 ./Architecture/module/IR/ir.o
 .debug_ranges  0x0000000000000b60       0x20 ./Architecture/module/BLDC/bldc.o
 .debug_ranges  0x0000000000000b80       0x28 ./Architecture/bsp/uart/uart.o
 .debug_ranges  0x0000000000000ba8       0x40 ./Architecture/bsp/uart/uart_dma.o
 .debug_ranges  0x0000000000000be8       0x18 ./Architecture/bsp/tim/tim.o
 .debug_ranges  0x0000000000000c00       0x18 ./Architecture/bsp/exti/exti.o
 .debug_ranges  0x0000000000000c18       0x58 ./Architecture/bsp/can/can.o
 .debug_ranges  0x0000000000000c70      0x128 ./Architecture/application/RB/rb.o

.debug_line     0x0000000000000000    0x14500
 .debug_line    0x0000000000000000      0x332 ./User/ch32v30x_it.o
 .debug_line    0x0000000000000332      0x7f9 ./User/main.o
 .debug_line    0x0000000000000b2b      0x97b ./User/system_ch32v30x.o
 .debug_line    0x00000000000014a6      0x152 ./Startup/startup_ch32v30x_D8C.o
 .debug_line    0x00000000000015f8     0x1fae ./Peripheral/src/ch32v30x_can.o
 .debug_line    0x00000000000035a6      0x43d ./Peripheral/src/ch32v30x_dbgmcu.o
 .debug_line    0x00000000000039e3      0xa8e ./Peripheral/src/ch32v30x_dma.o
 .debug_line    0x0000000000004471      0x693 ./Peripheral/src/ch32v30x_exti.o
 .debug_line    0x0000000000004b04     0x1314 ./Peripheral/src/ch32v30x_gpio.o
 .debug_line    0x0000000000005e18      0x492 ./Peripheral/src/ch32v30x_misc.o
 .debug_line    0x00000000000062aa     0x1a46 ./Peripheral/src/ch32v30x_rcc.o
 .debug_line    0x0000000000007cf0     0x322c ./Peripheral/src/ch32v30x_tim.o
 .debug_line    0x000000000000af1c      0xfb3 ./Peripheral/src/ch32v30x_usart.o
 .debug_line    0x000000000000becf      0x7f8 ./Debug/debug.o
 .debug_line    0x000000000000c6c7      0xb18 ./Architecture/module/arm/arm.o
 .debug_line    0x000000000000d1df      0x72d ./Architecture/module/WT61/wt61.o
 .debug_line    0x000000000000d90c      0x82d ./Architecture/module/TOF/tof.o
 .debug_line    0x000000000000e139      0x889 ./Architecture/module/STEP/step.o
 .debug_line    0x000000000000e9c2      0x608 ./Architecture/module/LCD/lcd.o
 .debug_line    0x000000000000efca      0x784 ./Architecture/module/IR/ir.o
 .debug_line    0x000000000000f74e      0x618 ./Architecture/module/BLDC/bldc.o
 .debug_line    0x000000000000fd66      0x7d6 ./Architecture/bsp/uart/uart.o
 .debug_line    0x000000000001053c      0xb9d ./Architecture/bsp/uart/uart_dma.o
 .debug_line    0x00000000000110d9      0x4f6 ./Architecture/bsp/tim/tim.o
 .debug_line    0x00000000000115cf      0x57e ./Architecture/bsp/exti/exti.o
 .debug_line    0x0000000000011b4d      0xbf1 ./Architecture/bsp/can/can.o
 .debug_line    0x000000000001273e     0x1dc2 ./Architecture/application/RB/rb.o

.debug_str      0x0000000000000000     0x4080
 .debug_str     0x0000000000000000      0x63d ./User/ch32v30x_it.o
                                        0x6b9 (size before relaxing)
 .debug_str     0x000000000000063d      0x36d ./User/main.o
                                        0x9c0 (size before relaxing)
 .debug_str     0x00000000000009aa      0x109 ./User/system_ch32v30x.o
                                        0x71e (size before relaxing)
 .debug_str     0x0000000000000ab3       0x5e ./Startup/startup_ch32v30x_D8C.o
                                         0xa0 (size before relaxing)
 .debug_str     0x0000000000000b11      0x5b1 ./Peripheral/src/ch32v30x_can.o
                                        0xc42 (size before relaxing)
 .debug_str     0x00000000000010c2       0xae ./Peripheral/src/ch32v30x_dbgmcu.o
                                        0x6aa (size before relaxing)
 .debug_str     0x0000000000001170      0x236 ./Peripheral/src/ch32v30x_dma.o
                                        0x857 (size before relaxing)
 .debug_str     0x00000000000013a6      0x1eb ./Peripheral/src/ch32v30x_exti.o
                                        0x7f1 (size before relaxing)
 .debug_str     0x0000000000001591      0x3f5 ./Peripheral/src/ch32v30x_gpio.o
                                        0xa14 (size before relaxing)
 .debug_str     0x0000000000001986      0x685 ./Peripheral/src/ch32v30x_misc.o
                                        0xd1d (size before relaxing)
 .debug_str     0x000000000000200b      0x5db ./Peripheral/src/ch32v30x_rcc.o
                                        0xd43 (size before relaxing)
 .debug_str     0x00000000000025e6      0xad8 ./Peripheral/src/ch32v30x_tim.o
                                       0x12f2 (size before relaxing)
 .debug_str     0x00000000000030be      0x41f ./Peripheral/src/ch32v30x_usart.o
                                        0xb5e (size before relaxing)
 .debug_str     0x00000000000034dd       0xca ./Debug/debug.o
                                        0x99c (size before relaxing)
 .debug_str     0x00000000000035a7      0x139 ./Architecture/module/arm/arm.o
                                        0x7a4 (size before relaxing)
 .debug_str     0x00000000000036e0       0xd5 ./Architecture/module/WT61/wt61.o
                                        0x810 (size before relaxing)
 .debug_str     0x00000000000037b5       0xd5 ./Architecture/module/TOF/tof.o
                                        0x7b5 (size before relaxing)
 .debug_str     0x000000000000388a      0x182 ./Architecture/module/STEP/step.o
                                        0x7db (size before relaxing)
 .debug_str     0x0000000000003a0c       0xc7 ./Architecture/module/LCD/lcd.o
                                        0x80a (size before relaxing)
 .debug_str     0x0000000000003ad3       0xe6 ./Architecture/module/IR/ir.o
                                        0x730 (size before relaxing)
 .debug_str     0x0000000000003bb9       0x75 ./Architecture/module/BLDC/bldc.o
                                        0x661 (size before relaxing)
 .debug_str     0x0000000000003c2e       0xa1 ./Architecture/bsp/uart/uart.o
                                        0xf8c (size before relaxing)
 .debug_str     0x0000000000003ccf       0xe4 ./Architecture/bsp/uart/uart_dma.o
                                       0x11d5 (size before relaxing)
 .debug_str     0x0000000000003db3       0x4b ./Architecture/bsp/tim/tim.o
                                        0xe45 (size before relaxing)
 .debug_str     0x0000000000003dfe       0x48 ./Architecture/bsp/exti/exti.o
                                        0xea7 (size before relaxing)
 .debug_str     0x0000000000003e46      0x1cd ./Architecture/bsp/can/can.o
                                       0x1297 (size before relaxing)
 .debug_str     0x0000000000004013       0x6d ./Architecture/application/RB/rb.o
                                        0x7d8 (size before relaxing)

.comment        0x0000000000000000       0x33
 .comment       0x0000000000000000       0x33 ./User/ch32v30x_it.o
                                         0x34 (size before relaxing)
 .comment       0x0000000000000033       0x34 ./User/main.o
 .comment       0x0000000000000033       0x34 ./User/system_ch32v30x.o
 .comment       0x0000000000000033       0x34 ./Peripheral/src/ch32v30x_can.o
 .comment       0x0000000000000033       0x34 ./Peripheral/src/ch32v30x_dbgmcu.o
 .comment       0x0000000000000033       0x34 ./Peripheral/src/ch32v30x_dma.o
 .comment       0x0000000000000033       0x34 ./Peripheral/src/ch32v30x_exti.o
 .comment       0x0000000000000033       0x34 ./Peripheral/src/ch32v30x_gpio.o
 .comment       0x0000000000000033       0x34 ./Peripheral/src/ch32v30x_misc.o
 .comment       0x0000000000000033       0x34 ./Peripheral/src/ch32v30x_rcc.o
 .comment       0x0000000000000033       0x34 ./Peripheral/src/ch32v30x_tim.o
 .comment       0x0000000000000033       0x34 ./Peripheral/src/ch32v30x_usart.o
 .comment       0x0000000000000033       0x34 ./Debug/debug.o
 .comment       0x0000000000000033       0x34 ./Architecture/module/arm/arm.o
 .comment       0x0000000000000033       0x34 ./Architecture/module/WT61/wt61.o
 .comment       0x0000000000000033       0x34 ./Architecture/module/TOF/tof.o
 .comment       0x0000000000000033       0x34 ./Architecture/module/STEP/step.o
 .comment       0x0000000000000033       0x34 ./Architecture/module/LCD/lcd.o
 .comment       0x0000000000000033       0x34 ./Architecture/module/IR/ir.o
 .comment       0x0000000000000033       0x34 ./Architecture/module/BLDC/bldc.o
 .comment       0x0000000000000033       0x34 ./Architecture/bsp/uart/uart.o
 .comment       0x0000000000000033       0x34 ./Architecture/bsp/uart/uart_dma.o
 .comment       0x0000000000000033       0x34 ./Architecture/bsp/tim/tim.o
 .comment       0x0000000000000033       0x34 ./Architecture/bsp/exti/exti.o
 .comment       0x0000000000000033       0x34 ./Architecture/bsp/can/can.o
 .comment       0x0000000000000033       0x34 ./Architecture/application/RB/rb.o
 .comment       0x0000000000000033       0x34 e:/ch32_ide/mounriver_studio2/resources/app/resources/win32/components/wch/toolchain/risc-v embedded gcc/bin/../lib/gcc/riscv-none-embed/8.2.0/../../../../riscv-none-embed/lib/rv32imafcxw/ilp32f\libprintfloat.a(printfloat.o)

.debug_frame    0x0000000000000000     0x1f44
 .debug_frame   0x0000000000000000       0x30 ./User/ch32v30x_it.o
 .debug_frame   0x0000000000000030       0x28 ./User/main.o
 .debug_frame   0x0000000000000058       0x3c ./User/system_ch32v30x.o
 .debug_frame   0x0000000000000094      0x1b4 ./Peripheral/src/ch32v30x_can.o
 .debug_frame   0x0000000000000248       0x70 ./Peripheral/src/ch32v30x_dbgmcu.o
 .debug_frame   0x00000000000002b8       0xd8 ./Peripheral/src/ch32v30x_dma.o
 .debug_frame   0x0000000000000390       0x90 ./Peripheral/src/ch32v30x_exti.o
 .debug_frame   0x0000000000000420      0x174 ./Peripheral/src/ch32v30x_gpio.o
 .debug_frame   0x0000000000000594       0x30 ./Peripheral/src/ch32v30x_misc.o
 .debug_frame   0x00000000000005c4      0x344 ./Peripheral/src/ch32v30x_rcc.o
 .debug_frame   0x0000000000000908      0x614 ./Peripheral/src/ch32v30x_tim.o
 .debug_frame   0x0000000000000f1c      0x1e4 ./Peripheral/src/ch32v30x_usart.o
 .debug_frame   0x0000000000001100       0xb8 ./Debug/debug.o
 .debug_frame   0x00000000000011b8       0x94 ./Architecture/module/arm/arm.o
 .debug_frame   0x000000000000124c       0x54 ./Architecture/module/WT61/wt61.o
 .debug_frame   0x00000000000012a0       0x68 ./Architecture/module/TOF/tof.o
 .debug_frame   0x0000000000001308       0x58 ./Architecture/module/STEP/step.o
 .debug_frame   0x0000000000001360       0x6c ./Architecture/module/LCD/lcd.o
 .debug_frame   0x00000000000013cc       0x34 ./Architecture/module/IR/ir.o
 .debug_frame   0x0000000000001400       0x68 ./Architecture/module/BLDC/bldc.o
 .debug_frame   0x0000000000001468      0x138 ./Architecture/bsp/uart/uart.o
 .debug_frame   0x00000000000015a0      0x1c8 ./Architecture/bsp/uart/uart_dma.o
 .debug_frame   0x0000000000001768       0xa0 ./Architecture/bsp/tim/tim.o
 .debug_frame   0x0000000000001808       0xe0 ./Architecture/bsp/exti/exti.o
 .debug_frame   0x00000000000018e8      0x144 ./Architecture/bsp/can/can.o
 .debug_frame   0x0000000000001a2c      0x134 ./Architecture/application/RB/rb.o
 .debug_frame   0x0000000000001b60       0x20 e:/ch32_ide/mounriver_studio2/resources/app/resources/win32/components/wch/toolchain/risc-v embedded gcc/bin/../lib/gcc/riscv-none-embed/8.2.0/../../../../riscv-none-embed/lib/rv32imafcxw/ilp32f\libm.a(lib_a-wf_atan2.o)
 .debug_frame   0x0000000000001b80       0x44 e:/ch32_ide/mounriver_studio2/resources/app/resources/win32/components/wch/toolchain/risc-v embedded gcc/bin/../lib/gcc/riscv-none-embed/8.2.0/../../../../riscv-none-embed/lib/rv32imafcxw/ilp32f\libm.a(lib_a-wf_sqrt.o)
 .debug_frame   0x0000000000001bc4       0x44 e:/ch32_ide/mounriver_studio2/resources/app/resources/win32/components/wch/toolchain/risc-v embedded gcc/bin/../lib/gcc/riscv-none-embed/8.2.0/../../../../riscv-none-embed/lib/rv32imafcxw/ilp32f\libm.a(lib_a-ef_atan2.o)
 .debug_frame   0x0000000000001c08       0x20 e:/ch32_ide/mounriver_studio2/resources/app/resources/win32/components/wch/toolchain/risc-v embedded gcc/bin/../lib/gcc/riscv-none-embed/8.2.0/../../../../riscv-none-embed/lib/rv32imafcxw/ilp32f\libm.a(lib_a-ef_sqrt.o)
 .debug_frame   0x0000000000001c28       0x20 e:/ch32_ide/mounriver_studio2/resources/app/resources/win32/components/wch/toolchain/risc-v embedded gcc/bin/../lib/gcc/riscv-none-embed/8.2.0/../../../../riscv-none-embed/lib/rv32imafcxw/ilp32f\libm.a(lib_a-s_matherr.o)
 .debug_frame   0x0000000000001c48       0x68 e:/ch32_ide/mounriver_studio2/resources/app/resources/win32/components/wch/toolchain/risc-v embedded gcc/bin/../lib/gcc/riscv-none-embed/8.2.0/../../../../riscv-none-embed/lib/rv32imafcxw/ilp32f\libm.a(lib_a-sf_atan.o)
 .debug_frame   0x0000000000001cb0       0x20 e:/ch32_ide/mounriver_studio2/resources/app/resources/win32/components/wch/toolchain/risc-v embedded gcc/bin/../lib/gcc/riscv-none-embed/8.2.0/../../../../riscv-none-embed/lib/rv32imafcxw/ilp32f\libm.a(lib_a-sf_fabs.o)
 .debug_frame   0x0000000000001cd0       0x58 e:/ch32_ide/mounriver_studio2/resources/app/resources/win32/components/wch/toolchain/risc-v embedded gcc/bin/../lib/gcc/riscv-none-embed/8.2.0/rv32imafcxw/ilp32f\libgcc.a(divdf3.o)
 .debug_frame   0x0000000000001d28       0x20 e:/ch32_ide/mounriver_studio2/resources/app/resources/win32/components/wch/toolchain/risc-v embedded gcc/bin/../lib/gcc/riscv-none-embed/8.2.0/rv32imafcxw/ilp32f\libgcc.a(ledf2.o)
 .debug_frame   0x0000000000001d48       0x58 e:/ch32_ide/mounriver_studio2/resources/app/resources/win32/components/wch/toolchain/risc-v embedded gcc/bin/../lib/gcc/riscv-none-embed/8.2.0/rv32imafcxw/ilp32f\libgcc.a(muldf3.o)
 .debug_frame   0x0000000000001da0       0x44 e:/ch32_ide/mounriver_studio2/resources/app/resources/win32/components/wch/toolchain/risc-v embedded gcc/bin/../lib/gcc/riscv-none-embed/8.2.0/rv32imafcxw/ilp32f\libgcc.a(subdf3.o)
 .debug_frame   0x0000000000001de4       0x20 e:/ch32_ide/mounriver_studio2/resources/app/resources/win32/components/wch/toolchain/risc-v embedded gcc/bin/../lib/gcc/riscv-none-embed/8.2.0/rv32imafcxw/ilp32f\libgcc.a(fixdfdi.o)
 .debug_frame   0x0000000000001e04       0x48 e:/ch32_ide/mounriver_studio2/resources/app/resources/win32/components/wch/toolchain/risc-v embedded gcc/bin/../lib/gcc/riscv-none-embed/8.2.0/rv32imafcxw/ilp32f\libgcc.a(floatdidf.o)
 .debug_frame   0x0000000000001e4c       0x38 e:/ch32_ide/mounriver_studio2/resources/app/resources/win32/components/wch/toolchain/risc-v embedded gcc/bin/../lib/gcc/riscv-none-embed/8.2.0/rv32imafcxw/ilp32f\libgcc.a(extendsfdf2.o)
 .debug_frame   0x0000000000001e84       0x20 e:/ch32_ide/mounriver_studio2/resources/app/resources/win32/components/wch/toolchain/risc-v embedded gcc/bin/../lib/gcc/riscv-none-embed/8.2.0/rv32imafcxw/ilp32f\libgcc.a(truncdfsf2.o)
 .debug_frame   0x0000000000001ea4       0x20 e:/ch32_ide/mounriver_studio2/resources/app/resources/win32/components/wch/toolchain/risc-v embedded gcc/bin/../lib/gcc/riscv-none-embed/8.2.0/rv32imafcxw/ilp32f\libgcc.a(_clzsi2.o)
 .debug_frame   0x0000000000001ec4       0x20 e:/ch32_ide/mounriver_studio2/resources/app/resources/win32/components/wch/toolchain/risc-v embedded gcc/bin/../lib/gcc/riscv-none-embed/8.2.0/../../../../riscv-none-embed/lib/rv32imafcxw/ilp32f\libg_nano.a(lib_a-errno.o)
 .debug_frame   0x0000000000001ee4       0x20 e:/ch32_ide/mounriver_studio2/resources/app/resources/win32/components/wch/toolchain/risc-v embedded gcc/bin/../lib/gcc/riscv-none-embed/8.2.0/../../../../riscv-none-embed/lib/rv32imafcxw/ilp32f\libg_nano.a(lib_a-memcpy.o)
 .debug_frame   0x0000000000001f04       0x20 e:/ch32_ide/mounriver_studio2/resources/app/resources/win32/components/wch/toolchain/risc-v embedded gcc/bin/../lib/gcc/riscv-none-embed/8.2.0/../../../../riscv-none-embed/lib/rv32imafcxw/ilp32f\libg_nano.a(lib_a-strlen.o)
 .debug_frame   0x0000000000001f24       0x20 e:/ch32_ide/mounriver_studio2/resources/app/resources/win32/components/wch/toolchain/risc-v embedded gcc/bin/../lib/gcc/riscv-none-embed/8.2.0/../../../../riscv-none-embed/lib/rv32imafcxw/ilp32f\libg_nano.a(lib_a-strstr.o)

.debug_loc      0x0000000000000000     0x5f0b
 .debug_loc     0x0000000000000000      0x163 ./User/system_ch32v30x.o
 .debug_loc     0x0000000000000163      0xa45 ./Peripheral/src/ch32v30x_can.o
 .debug_loc     0x0000000000000ba8       0x7c ./Peripheral/src/ch32v30x_dbgmcu.o
 .debug_loc     0x0000000000000c24      0x19a ./Peripheral/src/ch32v30x_dma.o
 .debug_loc     0x0000000000000dbe      0x181 ./Peripheral/src/ch32v30x_exti.o
 .debug_loc     0x0000000000000f3f      0x72b ./Peripheral/src/ch32v30x_gpio.o
 .debug_loc     0x000000000000166a       0x61 ./Peripheral/src/ch32v30x_misc.o
 .debug_loc     0x00000000000016cb      0xadb ./Peripheral/src/ch32v30x_rcc.o
 .debug_loc     0x00000000000021a6     0x18b7 ./Peripheral/src/ch32v30x_tim.o
 .debug_loc     0x0000000000003a5d      0x779 ./Peripheral/src/ch32v30x_usart.o
 .debug_loc     0x00000000000041d6      0x177 ./Debug/debug.o
 .debug_loc     0x000000000000434d      0x688 ./Architecture/module/arm/arm.o
 .debug_loc     0x00000000000049d5      0x135 ./Architecture/module/WT61/wt61.o
 .debug_loc     0x0000000000004b0a      0x2a1 ./Architecture/module/TOF/tof.o
 .debug_loc     0x0000000000004dab      0x398 ./Architecture/module/STEP/step.o
 .debug_loc     0x0000000000005143       0x86 ./Architecture/module/LCD/lcd.o
 .debug_loc     0x00000000000051c9       0xc7 ./Architecture/module/IR/ir.o
 .debug_loc     0x0000000000005290       0xca ./Architecture/module/BLDC/bldc.o
 .debug_loc     0x000000000000535a       0x43 ./Architecture/bsp/uart/uart.o
 .debug_loc     0x000000000000539d      0x1d4 ./Architecture/bsp/uart/uart_dma.o
 .debug_loc     0x0000000000005571       0x42 ./Architecture/bsp/tim/tim.o
 .debug_loc     0x00000000000055b3      0x3e9 ./Architecture/bsp/can/can.o
 .debug_loc     0x000000000000599c      0x56f ./Architecture/application/RB/rb.o
