Archive member included to satisfy reference by file (symbol)

e:/ch32_ide/mounriver_studio2/resources/app/resources/win32/components/wch/toolchain/risc-v embedded gcc/bin/../lib/gcc/riscv-none-embed/8.2.0/../../../../riscv-none-embed/lib/rv32imafcxw/ilp32f\libm.a(lib_a-wf_atan2.o)
                              ./Architecture/module/arm/arm.o (atan2f)
e:/ch32_ide/mounriver_studio2/resources/app/resources/win32/components/wch/toolchain/risc-v embedded gcc/bin/../lib/gcc/riscv-none-embed/8.2.0/../../../../riscv-none-embed/lib/rv32imafcxw/ilp32f\libm.a(lib_a-wf_sqrt.o)
                              ./Architecture/module/arm/arm.o (sqrtf)
e:/ch32_ide/mounriver_studio2/resources/app/resources/win32/components/wch/toolchain/risc-v embedded gcc/bin/../lib/gcc/riscv-none-embed/8.2.0/../../../../riscv-none-embed/lib/rv32imafcxw/ilp32f\libm.a(lib_a-ef_atan2.o)
                              e:/ch32_ide/mounriver_studio2/resources/app/resources/win32/components/wch/toolchain/risc-v embedded gcc/bin/../lib/gcc/riscv-none-embed/8.2.0/../../../../riscv-none-embed/lib/rv32imafcxw/ilp32f\libm.a(lib_a-wf_atan2.o) (__ieee754_atan2f)
e:/ch32_ide/mounriver_studio2/resources/app/resources/win32/components/wch/toolchain/risc-v embedded gcc/bin/../lib/gcc/riscv-none-embed/8.2.0/../../../../riscv-none-embed/lib/rv32imafcxw/ilp32f\libm.a(lib_a-ef_sqrt.o)
                              e:/ch32_ide/mounriver_studio2/resources/app/resources/win32/components/wch/toolchain/risc-v embedded gcc/bin/../lib/gcc/riscv-none-embed/8.2.0/../../../../riscv-none-embed/lib/rv32imafcxw/ilp32f\libm.a(lib_a-wf_sqrt.o) (__ieee754_sqrtf)
e:/ch32_ide/mounriver_studio2/resources/app/resources/win32/components/wch/toolchain/risc-v embedded gcc/bin/../lib/gcc/riscv-none-embed/8.2.0/../../../../riscv-none-embed/lib/rv32imafcxw/ilp32f\libm.a(lib_a-s_lib_ver.o)
                              e:/ch32_ide/mounriver_studio2/resources/app/resources/win32/components/wch/toolchain/risc-v embedded gcc/bin/../lib/gcc/riscv-none-embed/8.2.0/../../../../riscv-none-embed/lib/rv32imafcxw/ilp32f\libm.a(lib_a-wf_sqrt.o) (__fdlib_version)
e:/ch32_ide/mounriver_studio2/resources/app/resources/win32/components/wch/toolchain/risc-v embedded gcc/bin/../lib/gcc/riscv-none-embed/8.2.0/../../../../riscv-none-embed/lib/rv32imafcxw/ilp32f\libm.a(lib_a-s_matherr.o)
                              e:/ch32_ide/mounriver_studio2/resources/app/resources/win32/components/wch/toolchain/risc-v embedded gcc/bin/../lib/gcc/riscv-none-embed/8.2.0/../../../../riscv-none-embed/lib/rv32imafcxw/ilp32f\libm.a(lib_a-wf_sqrt.o) (matherr)
e:/ch32_ide/mounriver_studio2/resources/app/resources/win32/components/wch/toolchain/risc-v embedded gcc/bin/../lib/gcc/riscv-none-embed/8.2.0/../../../../riscv-none-embed/lib/rv32imafcxw/ilp32f\libm.a(lib_a-sf_atan.o)
                              e:/ch32_ide/mounriver_studio2/resources/app/resources/win32/components/wch/toolchain/risc-v embedded gcc/bin/../lib/gcc/riscv-none-embed/8.2.0/../../../../riscv-none-embed/lib/rv32imafcxw/ilp32f\libm.a(lib_a-ef_atan2.o) (atanf)
e:/ch32_ide/mounriver_studio2/resources/app/resources/win32/components/wch/toolchain/risc-v embedded gcc/bin/../lib/gcc/riscv-none-embed/8.2.0/../../../../riscv-none-embed/lib/rv32imafcxw/ilp32f\libm.a(lib_a-sf_fabs.o)
                              e:/ch32_ide/mounriver_studio2/resources/app/resources/win32/components/wch/toolchain/risc-v embedded gcc/bin/../lib/gcc/riscv-none-embed/8.2.0/../../../../riscv-none-embed/lib/rv32imafcxw/ilp32f\libm.a(lib_a-ef_atan2.o) (fabsf)
e:/ch32_ide/mounriver_studio2/resources/app/resources/win32/components/wch/toolchain/risc-v embedded gcc/bin/../lib/gcc/riscv-none-embed/8.2.0/../../../../riscv-none-embed/lib/rv32imafcxw/ilp32f\libprintfloat.a(printfloat.o)
                              ./User/main.o (printf)
e:/ch32_ide/mounriver_studio2/resources/app/resources/win32/components/wch/toolchain/risc-v embedded gcc/bin/../lib/gcc/riscv-none-embed/8.2.0/rv32imafcxw/ilp32f\libgcc.a(_udivdi3.o)
                              e:/ch32_ide/mounriver_studio2/resources/app/resources/win32/components/wch/toolchain/risc-v embedded gcc/bin/../lib/gcc/riscv-none-embed/8.2.0/../../../../riscv-none-embed/lib/rv32imafcxw/ilp32f\libprintfloat.a(printfloat.o) (__udivdi3)
e:/ch32_ide/mounriver_studio2/resources/app/resources/win32/components/wch/toolchain/risc-v embedded gcc/bin/../lib/gcc/riscv-none-embed/8.2.0/rv32imafcxw/ilp32f\libgcc.a(_umoddi3.o)
                              e:/ch32_ide/mounriver_studio2/resources/app/resources/win32/components/wch/toolchain/risc-v embedded gcc/bin/../lib/gcc/riscv-none-embed/8.2.0/../../../../riscv-none-embed/lib/rv32imafcxw/ilp32f\libprintfloat.a(printfloat.o) (__umoddi3)
e:/ch32_ide/mounriver_studio2/resources/app/resources/win32/components/wch/toolchain/risc-v embedded gcc/bin/../lib/gcc/riscv-none-embed/8.2.0/rv32imafcxw/ilp32f\libgcc.a(divdf3.o)
[...]
Memory Configuration

Name             Origin             Length             Attributes
FLASH            0x0000000000000000 0x0000000000048000 xr
RAM              0x0000000020000000 0x0000000000008000 xrw
*default*        0x0000000000000000 0xffffffffffffffff

Linker script and memory map

LOAD ./User/ch32v30x_it.o
LOAD ./User/main.o
LOAD ./User/system_ch32v30x.o
LOAD ./Startup/startup_ch32v30x_D8C.o
LOAD ./Peripheral/src/ch32v30x_adc.o
LOAD ./Peripheral/src/ch32v30x_bkp.o
LOAD ./Peripheral/src/ch32v30x_can.o
LOAD ./Peripheral/src/ch32v30x_crc.o
LOAD ./Peripheral/src/ch32v30x_dac.o
LOAD ./Peripheral/src/ch32v30x_dbgmcu.o
LOAD ./Peripheral/src/ch32v30x_dma.o
LOAD ./Peripheral/src/ch32v30x_dvp.o
LOAD ./Peripheral/src/ch32v30x_eth.o
LOAD ./Peripheral/src/ch32v30x_exti.o
LOAD ./Peripheral/src/ch32v30x_flash.o
LOAD ./Peripheral/src/ch32v30x_fsmc.o
LOAD ./Peripheral/src/ch32v30x_gpio.o
LOAD ./Peripheral/src/ch32v30x_i2c.o
LOAD ./Peripheral/src/ch32v30x_iwdg.o
LOAD ./Peripheral/src/ch32v30x_misc.o
LOAD ./Peripheral/src/ch32v30x_opa.o
LOAD ./Peripheral/src/ch32v30x_pwr.o
LOAD ./Peripheral/src/ch32v30x_rcc.o
LOAD ./Peripheral/src/ch32v30x_rng.o
LOAD ./Peripheral/src/ch32v30x_rtc.o
LOAD ./Peripheral/src/ch32v30x_sdio.o
LOAD ./Peripheral/src/ch32v30x_spi.o
LOAD ./Peripheral/src/ch32v30x_tim.o
LOAD ./Peripheral/src/ch32v30x_usart.o
LOAD ./Peripheral/src/ch32v30x_wwdg.o
LOAD ./Debug/debug.o
LOAD ./Core/core_riscv.o
LOAD ./Architecture/module/table/table.o
LOAD ./Architecture/module/arm/arm.o
LOAD ./Architecture/module/SW/sw.o
LOAD ./Architecture/module/STEP/step.o
LOAD ./Architecture/module/LCD/lcd.o
LOAD ./Architecture/module/BLDC/bldc.o
LOAD ./Architecture/bsp/uart/uart.o
LOAD ./Architecture/bsp/uart/uart_dma.o
LOAD ./Architecture/bsp/gpio/sw_gpio.o
LOAD ./Architecture/bsp/can/can.o
LOAD ./Architecture/application/RB/rb.o
LOAD e:/ch32_ide/mounriver_studio2/resources/app/resources/win32/components/wch/toolchain/risc-v embedded gcc/bin/../lib/gcc/riscv-none-embed/8.2.0/../../../../riscv-none-embed/lib/rv32imafcxw/ilp32f\libm.a
LOAD e:/ch32_ide/mounriver_studio2/resources/app/resources/win32/components/wch/toolchain/risc-v embedded gcc/bin/../lib/gcc/riscv-none-embed/8.2.0/../../../../riscv-none-embed/lib/rv32imafcxw/ilp32f\libprintfloat.a
LOAD e:/ch32_ide/mounriver_studio2/resources/app/resources/win32/components/wch/toolchain/risc-v embedded gcc/bin/../lib/gcc/riscv-none-embed/8.2.0/rv32imafcxw/ilp32f\libgcc.a
LOAD e:/ch32_ide/mounriver_studio2/resources/app/resources/win32/components/wch/toolchain/risc-v embedded gcc/bin/../lib/gcc/riscv-none-embed/8.2.0/../../../../riscv-none-embed/lib/rv32imafcxw/ilp32f\libg_nano.a
LOAD e:/ch32_ide/mounriver_studio2/resources/app/resources/win32/components/wch/toolchain/risc-v embedded gcc/bin/../lib/gcc/riscv-none-embed/8.2.0/../../../../riscv-none-embed/lib/rv32imafcxw/ilp32f\libc_nano.a
LOAD e:/ch32_ide/mounriver_studio2/resources/app/resources/win32/components/wch/toolchain/risc-v embedded gcc/bin/../lib/gcc/riscv-none-embed/8.2.0/rv32imafcxw/ilp32f\libgcc.a
START GROUP
LOAD e:/ch32_ide/mounriver_studio2/resources/app/resources/win32/components/wch/toolchain/risc-v embedded gcc/bin/../lib/gcc/riscv-none-embed/8.2.0/rv32imafcxw/ilp32f\libgcc.a
LOAD e:/ch32_ide/mounriver_studio2/resources/app/resources/win32/components/wch/toolchain/risc-v embedded gcc/bin/../lib/gcc/riscv-none-embed/8.2.0/../../../../riscv-none-embed/lib/rv32imafcxw/ilp32f\libc_nano.a
LOAD e:/ch32_ide/mounriver_studio2/resources/app/resources/win32/components/wch/toolchain/risc-v embedded gcc/bin/../lib/gcc/riscv-none-embed/8.2.0/../../../../riscv-none-embed/lib/rv32imafcxw/ilp32f\libnosys.a
END GROUP
START GROUP
LOAD e:/ch32_ide/mounriver_studio2/resources/app/resources/win32/components/wch/toolchain/risc-v embedded gcc/bin/../lib/gcc/riscv-none-embed/8.2.0/rv32imafcxw/ilp32f\libgcc.a
LOAD e:/ch32_ide/mounriver_studio2/resources/app/resources/win32/components/wch/toolchain/risc-v embedded gcc/bin/../lib/gcc/riscv-none-embed/8.2.0/../../../../riscv-none-embed/lib/rv32imafcxw/ilp32f\libc_nano.a
LOAD e:/ch32_ide/mounriver_studio2/resources/app/resources/win32/components/wch/toolchain/risc-v embedded gcc/bin/../lib/gcc/riscv-none-embed/8.2.0/../../../../riscv-none-embed/lib/rv32imafcxw/ilp32f\libnosys.a
END GROUP
                0x0000000000000800                __stack_size = 0x800
                [!provide]                        PROVIDE (_stack_size = __stack_size)

.init           0x0000000000000000        0x4
                0x0000000000000000                _sinit = .
                0x0000000000000000                . = ALIGN (0x4)
 *(SORT_NONE(.init))
 .init          0x0000000000000000        0x4 ./Startup/startup_ch32v30x_D8C.o
                0x0000000000000000                _start
                0x0000000000000004                . = ALIGN (0x4)
                0x0000000000000004                _einit = .

.vector         0x0000000000000004      0x1bc
 *(.vector)
 .vector        0x0000000000000004      0x1a0 ./Startup/startup_ch32v30x_D8C.o
                0x00000000000001c0                . = ALIGN (0x40)
 *fill*         0x00000000000001a4       0x1c 

.text           0x00000000000001c0     0x4274
                0x00000000000001c0                . = ALIGN (0x4)
 *(.text)
 .text          0x00000000000001c0       0x60 e:/ch32_ide/mounriver_studio2/resources/app/resources/win32/components/wch/toolchain/risc-v embedded gcc/bin/../lib/gcc/riscv-none-embed/8.2.0/rv32imafcxw/ilp32f\libgcc.a(save-restore.o)
                0x00000000000001c0                __riscv_save_12
                0x00000000000001c8                __riscv_save_9
                0x00000000000001c8                __riscv_save_11
                0x00000000000001c8                __riscv_save_10
                0x00000000000001c8                __riscv_save_8
                0x00000000000001d6                __riscv_save_4
                0x00000000000001d6                __riscv_save_6
                0x00000000000001d6                __riscv_save_5
                0x00000000000001d6                __riscv_save_7
                0x00000000000001f0                __riscv_save_3
                0x00000000000001f0                __riscv_save_2
                0x00000000000001f0                __riscv_save_1
                0x00000000000001f0                __riscv_save_0
                0x00000000000001fc                __riscv_restore_12
                0x0000000000000200                __riscv_restore_11
                0x0000000000000200                __riscv_restore_9
                0x0000000000000200                __riscv_restore_10
                0x0000000000000200                __riscv_restore_8
                0x000000000000020a                __riscv_restore_5
                0x000000000000020a                __riscv_restore_7
                0x000000000000020a                __riscv_restore_6
                0x000000000000020a                __riscv_restore_4
                0x0000000000000214                __riscv_restore_3
                0x0000000000000214                __riscv_restore_0
                0x0000000000000214                __riscv_restore_2
                0x0000000000000214                __riscv_restore_1
 .text          0x0000000000000220       0xa8 e:/ch32_ide/mounriver_studio2/resources/app/resources/win32/components/wch/toolchain/risc-v embedded gcc/bin/../lib/gcc/riscv-none-embed/8.2.0/../../../../riscv-none-embed/lib/rv32imafcxw/ilp32f\libg_nano.a(lib_a-memset.o)
                0x0000000000000220                memset
 *(.text.*)
 .text.NMI_Handler
                0x00000000000002c8        0x2 ./User/ch32v30x_it.o
                0x00000000000002c8                NMI_Handler
 .text.HardFault_Handler
                0x00000000000002ca       0x10 ./User/ch32v30x_it.o
                0x00000000000002ca                HardFault_Handler
 .text.startup.main
                0x00000000000002da       0x82 ./User/main.o
                0x00000000000002da                main
 .text.SystemInit
                0x000000000000035c       0xfa ./User/system_ch32v30x.o
                0x000000000000035c                SystemInit
 .text.SystemCoreClockUpdate
                0x0000000000000456      0x12e ./User/system_ch32v30x.o
                0x0000000000000456                SystemCoreClockUpdate
 .text.vector_handler
                0x0000000000000584        0x2 ./Startup/startup_ch32v30x_D8C.o
                0x0000000000000584                EXTI2_IRQHandler
                0x0000000000000584                TIM8_TRG_COM_IRQHandler
                0x0000000000000584                TIM8_CC_IRQHandler
                0x0000000000000584                UART8_IRQHandler
                0x0000000000000584                TIM1_CC_IRQHandler
                0x0000000000000584                TIM6_IRQHandler
                0x0000000000000584                SysTick_Handler
                0x0000000000000584                PVD_IRQHandler
                0x0000000000000584                SDIO_IRQHandler
                0x0000000000000584                TIM9_BRK_IRQHandler
                0x0000000000000584                DMA2_Channel8_IRQHandler
                0x0000000000000584                CAN2_RX1_IRQHandler
                0x0000000000000584                EXTI3_IRQHandler
                0x0000000000000584                USBHS_IRQHandler
                0x0000000000000584                DMA2_Channel9_IRQHandler
                0x0000000000000584                TIM10_CC_IRQHandler
                0x0000000000000584                USBFS_IRQHandler
                0x0000000000000584                EXTI0_IRQHandler
                0x0000000000000584                I2C2_EV_IRQHandler
                0x0000000000000584                TIM10_TRG_COM_IRQHandler
                0x0000000000000584                CAN2_SCE_IRQHandler
                0x0000000000000584                ADC1_2_IRQHandler
                0x0000000000000584                Break_Point_Handler
                0x0000000000000584                SPI1_IRQHandler
                0x0000000000000584                TAMPER_IRQHandler
                0x0000000000000584                CAN2_RX0_IRQHandler
                0x0000000000000584                TIM8_UP_IRQHandler
                0x0000000000000584                Ecall_M_Mode_Handler
                0x0000000000000584                DMA2_Channel2_IRQHandler
                0x0000000000000584                DMA1_Channel4_IRQHandler
                0x0000000000000584                TIM9_UP_IRQHandler
                0x0000000000000584                RTC_IRQHandler
                0x0000000000000584                DMA1_Channel7_IRQHandler
                0x0000000000000584                CAN1_RX1_IRQHandler
                0x0000000000000584                DVP_IRQHandler
                0x0000000000000584                UART5_IRQHandler
                0x0000000000000584                TIM4_IRQHandler
                0x0000000000000584                DMA2_Channel1_IRQHandler
                0x0000000000000584                I2C1_EV_IRQHandler
                0x0000000000000584                DMA1_Channel6_IRQHandler
                0x0000000000000584                UART4_IRQHandler
                0x0000000000000584                DMA2_Channel4_IRQHandler
                0x0000000000000584                TIM3_IRQHandler
                0x0000000000000584                RCC_IRQHandler
                0x0000000000000584                TIM1_TRG_COM_IRQHandler
                0x0000000000000584                DMA1_Channel1_IRQHandler
                0x0000000000000584                DMA2_Channel7_IRQHandler
                0x0000000000000584                EXTI15_10_IRQHandler
                0x0000000000000584                TIM7_IRQHandler
                0x0000000000000584                CAN2_TX_IRQHandler
                0x0000000000000584                TIM5_IRQHandler
                0x0000000000000584                EXTI9_5_IRQHandler
                0x0000000000000584                ETH_WKUP_IRQHandler
                0x0000000000000584                SPI2_IRQHandler
                0x0000000000000584                TIM10_BRK_IRQHandler
                0x0000000000000584                TIM9_CC_IRQHandler
                0x0000000000000584                DMA2_Channel5_IRQHandler
                0x0000000000000584                EXTI4_IRQHandler
                0x0000000000000584                RNG_IRQHandler
                0x0000000000000584                USB_HP_CAN1_TX_IRQHandler
                0x0000000000000584                DMA1_Channel3_IRQHandler
                0x0000000000000584                ETH_IRQHandler
                0x0000000000000584                TIM1_UP_IRQHandler
                0x0000000000000584                WWDG_IRQHandler
                0x0000000000000584                USBHSWakeup_IRQHandler
                0x0000000000000584                DMA2_Channel11_IRQHandler
                0x0000000000000584                Ecall_U_Mode_Handler
                0x0000000000000584                DMA2_Channel6_IRQHandler
                0x0000000000000584                TIM2_IRQHandler
                0x0000000000000584                SW_Handler
                0x0000000000000584                TIM1_BRK_IRQHandler
                0x0000000000000584                DMA2_Channel10_IRQHandler
                0x0000000000000584                EXTI1_IRQHandler
                0x0000000000000584                RTCAlarm_IRQHandler
                0x0000000000000584                TIM10_UP_IRQHandler
                0x0000000000000584                TIM9_TRG_COM_IRQHandler
                0x0000000000000584                UART7_IRQHandler
                0x0000000000000584                USART2_IRQHandler
                0x0000000000000584                UART6_IRQHandler
                0x0000000000000584                I2C2_ER_IRQHandler
                0x0000000000000584                DMA1_Channel2_IRQHandler
                0x0000000000000584                TIM8_BRK_IRQHandler
                0x0000000000000584                CAN1_SCE_IRQHandler
                0x0000000000000584                FLASH_IRQHandler
                0x0000000000000584                SPI3_IRQHandler
                0x0000000000000584                I2C1_ER_IRQHandler
                0x0000000000000584                USBWakeUp_IRQHandler
                0x0000000000000584                DMA2_Channel3_IRQHandler
 .text.handle_reset
                0x0000000000000586       0x8a ./Startup/startup_ch32v30x_D8C.o
                0x0000000000000586                handle_reset
 .text.CAN_SlaveStartBank
                0x0000000000000610       0x38 ./Peripheral/src/ch32v30x_can.o
                0x0000000000000610                CAN_SlaveStartBank
 .text.CAN_Init
                0x0000000000000648      0x2c8 ./Peripheral/src/ch32v30x_can.o
                0x0000000000000648                CAN_Init
 .text.CAN_Transmit
                0x0000000000000910       0xbc ./Peripheral/src/ch32v30x_can.o
                0x0000000000000910                CAN_Transmit
 .text.CAN_TransmitStatus
                0x00000000000009cc       0x62 ./Peripheral/src/ch32v30x_can.o
                0x00000000000009cc                CAN_TransmitStatus
 .text.CAN_Receive
                0x0000000000000a2e       0x8c ./Peripheral/src/ch32v30x_can.o
                0x0000000000000a2e                CAN_Receive
 .text.CAN_FIFORelease
                0x0000000000000aba       0x16 ./Peripheral/src/ch32v30x_can.o
                0x0000000000000aba                CAN_FIFORelease
 .text.CAN_MessagePending
                0x0000000000000ad0       0x16 ./Peripheral/src/ch32v30x_can.o
                0x0000000000000ad0                CAN_MessagePending
 .text.CAN_ITConfig
                0x0000000000000ae6       0x12 ./Peripheral/src/ch32v30x_can.o
                0x0000000000000ae6                CAN_ITConfig
 .text.CAN_GetITStatus
                0x0000000000000af8       0xd0 ./Peripheral/src/ch32v30x_can.o
                0x0000000000000af8                CAN_GetITStatus
 .text.CAN_ClearITPendingBit
                0x0000000000000bc8       0x94 ./Peripheral/src/ch32v30x_can.o
                0x0000000000000bc8                CAN_ClearITPendingBit
 .text.DBGMCU_GetCHIPID
                0x0000000000000c5c        0xa ./Peripheral/src/ch32v30x_dbgmcu.o
                0x0000000000000c5c                DBGMCU_GetCHIPID
 .text.DMA_DeInit
                0x0000000000000c66      0x16c ./Peripheral/src/ch32v30x_dma.o
                0x0000000000000c66                DMA_DeInit
 .text.DMA_Init
                0x0000000000000dd2       0x38 ./Peripheral/src/ch32v30x_dma.o
                0x0000000000000dd2                DMA_Init
 .text.DMA_Cmd  0x0000000000000e0a       0x14 ./Peripheral/src/ch32v30x_dma.o
                0x0000000000000e0a                DMA_Cmd
 .text.DMA_ITConfig
                0x0000000000000e1e       0x12 ./Peripheral/src/ch32v30x_dma.o
                0x0000000000000e1e                DMA_ITConfig
 .text.DMA_SetCurrDataCounter
                0x0000000000000e30        0x4 ./Peripheral/src/ch32v30x_dma.o
                0x0000000000000e30                DMA_SetCurrDataCounter
 .text.DMA_ClearFlag
                0x0000000000000e34       0x2c ./Peripheral/src/ch32v30x_dma.o
                0x0000000000000e34                DMA_ClearFlag
 .text.DMA_ClearITPendingBit
                0x0000000000000e60        0xa ./Peripheral/src/ch32v30x_dma.o
                0x0000000000000e60                DMA_ClearITPendingBit
 .text.GPIO_Init
                0x0000000000000e6a       0xc0 ./Peripheral/src/ch32v30x_gpio.o
                0x0000000000000e6a                GPIO_Init
 .text.GPIO_PinRemapConfig
                0x0000000000000f2a       0xd6 ./Peripheral/src/ch32v30x_gpio.o
                0x0000000000000f2a                GPIO_PinRemapConfig
 .text.NVIC_Init
                0x0000000000001000       0x5c ./Peripheral/src/ch32v30x_misc.o
                0x0000000000001000                NVIC_Init
 .text.RCC_GetClocksFreq
                0x000000000000105c      0x176 ./Peripheral/src/ch32v30x_rcc.o
                0x000000000000105c                RCC_GetClocksFreq
 .text.RCC_AHBPeriphClockCmd
                0x00000000000011d2       0x1e ./Peripheral/src/ch32v30x_rcc.o
                0x00000000000011d2                RCC_AHBPeriphClockCmd
 .text.RCC_APB2PeriphClockCmd
                0x00000000000011f0       0x1e ./Peripheral/src/ch32v30x_rcc.o
                0x00000000000011f0                RCC_APB2PeriphClockCmd
 .text.RCC_APB1PeriphClockCmd
                0x000000000000120e       0x1e ./Peripheral/src/ch32v30x_rcc.o
                0x000000000000120e                RCC_APB1PeriphClockCmd
 .text.USART_Init
                0x000000000000122c       0x8e ./Peripheral/src/ch32v30x_usart.o
                0x000000000000122c                USART_Init
 .text.USART_Cmd
                0x00000000000012ba       0x16 ./Peripheral/src/ch32v30x_usart.o
                0x00000000000012ba                USART_Cmd
 .text.USART_ITConfig
                0x00000000000012d0       0x36 ./Peripheral/src/ch32v30x_usart.o
                0x00000000000012d0                USART_ITConfig
 .text.USART_DMACmd
                0x0000000000001306       0x12 ./Peripheral/src/ch32v30x_usart.o
                0x0000000000001306                USART_DMACmd
 .text.USART_SendData
                0x0000000000001318        0x8 ./Peripheral/src/ch32v30x_usart.o
                0x0000000000001318                USART_SendData
 .text.USART_ReceiveData
                0x0000000000001320        0x8 ./Peripheral/src/ch32v30x_usart.o
                0x0000000000001320                USART_ReceiveData
 .text.USART_GetFlagStatus
                0x0000000000001328        0xa ./Peripheral/src/ch32v30x_usart.o
                0x0000000000001328                USART_GetFlagStatus
 .text.USART_GetITStatus
                0x0000000000001332       0x3c ./Peripheral/src/ch32v30x_usart.o
                0x0000000000001332                USART_GetITStatus
 .text.Delay_Init
                0x000000000000136e       0x2a ./Debug/debug.o
                0x000000000000136e                Delay_Init
 .text.USART_Printf_Init
                0x0000000000001398       0x56 ./Debug/debug.o
                0x0000000000001398                USART_Printf_Init
 .text._write   0x00000000000013ee       0x3a ./Debug/debug.o
                0x00000000000013ee                _write
 .text.CAN_Send_Position_Mode
                0x0000000000001428       0xb2 ./Architecture/module/STEP/step.o
                0x0000000000001428                CAN_Send_Position_Mode
 .text.Control_Motor
                0x00000000000014da       0xbc ./Architecture/module/STEP/step.o
                0x00000000000014da                Control_Motor
 .text.float_to_bytes
                0x0000000000001596       0x1a ./Architecture/module/BLDC/bldc.o
                0x0000000000001596                float_to_bytes
 .text.CAN_BLDC_POS_CONTROL
                0x00000000000015b0       0x6c ./Architecture/module/BLDC/bldc.o
                0x00000000000015b0                CAN_BLDC_POS_CONTROL
 .text.USART3_CFG
                0x000000000000161c       0xa4 ./Architecture/bsp/uart/uart.o
                0x000000000000161c                USART3_CFG
 .text.USART3_IRQHandler
                0x00000000000016c0       0x7a ./Architecture/bsp/uart/uart.o
                0x00000000000016c0                USART3_IRQHandler
 .text.USARTx_CFG
                0x000000000000173a       0x9a ./Architecture/bsp/uart/uart_dma.o
                0x000000000000173a                USARTx_CFG
 .text.DMA_INIT
                0x00000000000017d4       0x96 ./Architecture/bsp/uart/uart_dma.o
                0x00000000000017d4                DMA_INIT
 .text.ring_buffer_push_huge
                0x000000000000186a       0x9c ./Architecture/bsp/uart/uart_dma.o
                0x000000000000186a                ring_buffer_push_huge
 .text.USART1_IRQHandler
                0x0000000000001906       0xdc ./Architecture/bsp/uart/uart_dma.o
                0x0000000000001906                USART1_IRQHandler
 .text.DMA1_Channel5_IRQHandler
                0x00000000000019e2       0xb8 ./Architecture/bsp/uart/uart_dma.o
                0x00000000000019e2                DMA1_Channel5_IRQHandler
 .text.CAN_SoftFilterInit
                0x0000000000001a9a       0x62 ./Architecture/bsp/can/can.o
                0x0000000000001a9a                CAN_SoftFilterInit
 .text.CAN_ReceiveViaSoftFilter
                0x0000000000001afc       0x94 ./Architecture/bsp/can/can.o
                0x0000000000001afc                CAN_ReceiveViaSoftFilter
 .text.CAN_Mode_Init
                0x0000000000001b90      0x110 ./Architecture/bsp/can/can.o
                0x0000000000001b90                CAN_Mode_Init
 .text.CAN_Send_Msg
                0x0000000000001ca0       0x8e ./Architecture/bsp/can/can.o
                0x0000000000001ca0                CAN_Send_Msg
 .text.CAN_Receive_Msg
                0x0000000000001d2e       0x46 ./Architecture/bsp/can/can.o
                0x0000000000001d2e                CAN_Receive_Msg
 .text.USB_LP_CAN1_RX0_IRQHandler
                0x0000000000001d74       0x9c ./Architecture/bsp/can/can.o
                0x0000000000001d74                USB_LP_CAN1_RX0_IRQHandler
 .text.printchar
                0x0000000000001e10       0x4a e:/ch32_ide/mounriver_studio2/resources/app/resources/win32/components/wch/toolchain/risc-v embedded gcc/bin/../lib/gcc/riscv-none-embed/8.2.0/../../../../riscv-none-embed/lib/rv32imafcxw/ilp32f\libprintfloat.a(printfloat.o)
                0x0000000000001e10                printchar
 .text.prints   0x0000000000001e5a       0xd8 e:/ch32_ide/mounriver_studio2/resources/app/resources/win32/components/wch/toolchain/risc-v embedded gcc/bin/../lib/gcc/riscv-none-embed/8.2.0/../../../../riscv-none-embed/lib/rv32imafcxw/ilp32f\libprintfloat.a(printfloat.o)
                0x0000000000001e5a                prints
 .text.printInt
                0x0000000000001f32       0xe6 e:/ch32_ide/mounriver_studio2/resources/app/resources/win32/components/wch/toolchain/risc-v embedded gcc/bin/../lib/gcc/riscv-none-embed/8.2.0/../../../../riscv-none-embed/lib/rv32imafcxw/ilp32f\libprintfloat.a(printfloat.o)
                0x0000000000001f32                printInt
 .text.printLongLongInt
                0x0000000000002018      0x11a e:/ch32_ide/mounriver_studio2/resources/app/resources/win32/components/wch/toolchain/risc-v embedded gcc/bin/../lib/gcc/riscv-none-embed/8.2.0/../../../../riscv-none-embed/lib/rv32imafcxw/ilp32f\libprintfloat.a(printfloat.o)
                0x0000000000002018                printLongLongInt
 .text.printDouble
                0x0000000000002132       0xfa e:/ch32_ide/mounriver_studio2/resources/app/resources/win32/components/wch/toolchain/risc-v embedded gcc/bin/../lib/gcc/riscv-none-embed/8.2.0/../../../../riscv-none-embed/lib/rv32imafcxw/ilp32f\libprintfloat.a(printfloat.o)
                0x0000000000002132                printDouble
 .text.print    0x000000000000222c      0x34e e:/ch32_ide/mounriver_studio2/resources/app/resources/win32/components/wch/toolchain/risc-v embedded gcc/bin/../lib/gcc/riscv-none-embed/8.2.0/../../../../riscv-none-embed/lib/rv32imafcxw/ilp32f\libprintfloat.a(printfloat.o)
                0x000000000000222c                print
 .text.printf   0x000000000000257a       0x22 e:/ch32_ide/mounriver_studio2/resources/app/resources/win32/components/wch/toolchain/risc-v embedded gcc/bin/../lib/gcc/riscv-none-embed/8.2.0/../../../../riscv-none-embed/lib/rv32imafcxw/ilp32f\libprintfloat.a(printfloat.o)
                0x000000000000257a                printf
 .text.__udivdi3
                0x000000000000259c      0x392 e:/ch32_ide/mounriver_studio2/resources/app/resources/win32/components/wch/toolchain/risc-v embedded gcc/bin/../lib/gcc/riscv-none-embed/8.2.0/rv32imafcxw/ilp32f\libgcc.a(_udivdi3.o)
                0x000000000000259c                __udivdi3
 .text.__umoddi3
                0x000000000000292e      0x38a e:/ch32_ide/mounriver_studio2/resources/app/resources/win32/components/wch/toolchain/risc-v embedded gcc/bin/../lib/gcc/riscv-none-embed/8.2.0/rv32imafcxw/ilp32f\libgcc.a(_umoddi3.o)
                0x000000000000292e                __umoddi3
 .text.__ledf2  0x0000000000002cb8       0xb6 e:/ch32_ide/mounriver_studio2/resources/app/resources/win32/components/wch/toolchain/risc-v embedded gcc/bin/../lib/gcc/riscv-none-embed/8.2.0/rv32imafcxw/ilp32f\libgcc.a(ledf2.o)
                0x0000000000002cb8                __ledf2
                0x0000000000002cb8                __ltdf2
 .text.__muldf3
                0x0000000000002d6e      0x656 e:/ch32_ide/mounriver_studio2/resources/app/resources/win32/components/wch/toolchain/risc-v embedded gcc/bin/../lib/gcc/riscv-none-embed/8.2.0/rv32imafcxw/ilp32f\libgcc.a(muldf3.o)
                0x0000000000002d6e                __muldf3
 .text.__subdf3
                0x00000000000033c4      0xa8c e:/ch32_ide/mounriver_studio2/resources/app/resources/win32/components/wch/toolchain/risc-v embedded gcc/bin/../lib/gcc/riscv-none-embed/8.2.0/rv32imafcxw/ilp32f\libgcc.a(subdf3.o)
                0x00000000000033c4                __subdf3
 .text.__fixdfdi
                0x0000000000003e50      0x130 e:/ch32_ide/mounriver_studio2/resources/app/resources/win32/components/wch/toolchain/risc-v embedded gcc/bin/../lib/gcc/riscv-none-embed/8.2.0/rv32imafcxw/ilp32f\libgcc.a(fixdfdi.o)
                0x0000000000003e50                __fixdfdi
 .text.__floatdidf
                0x0000000000003f80      0x21c e:/ch32_ide/mounriver_studio2/resources/app/resources/win32/components/wch/toolchain/risc-v embedded gcc/bin/../lib/gcc/riscv-none-embed/8.2.0/rv32imafcxw/ilp32f\libgcc.a(floatdidf.o)
                0x0000000000003f80                __floatdidf
 .text.__clzsi2
                0x000000000000419c       0x6e e:/ch32_ide/mounriver_studio2/resources/app/resources/win32/components/wch/toolchain/risc-v embedded gcc/bin/../lib/gcc/riscv-none-embed/8.2.0/rv32imafcxw/ilp32f\libgcc.a(_clzsi2.o)
                0x000000000000419c                __clzsi2
 .text.memcpy   0x000000000000420a       0xb2 e:/ch32_ide/mounriver_studio2/resources/app/resources/win32/components/wch/toolchain/risc-v embedded gcc/bin/../lib/gcc/riscv-none-embed/8.2.0/../../../../riscv-none-embed/lib/rv32imafcxw/ilp32f\libg_nano.a(lib_a-memcpy.o)
                0x000000000000420a                memcpy
 *(.rodata)
 *(.rodata*)
 .rodata.main.str1.4
                0x00000000000042bc       0x1e ./User/main.o
 *fill*         0x00000000000042da        0x2 
 .rodata.Control_Motor.cst4
                0x00000000000042dc        0x4 ./Architecture/module/STEP/step.o
 .rodata.CAN_BLDC_POS_CONTROL.cst4
                0x00000000000042e0        0xc ./Architecture/module/BLDC/bldc.o
 .rodata.print.str1.4
                0x00000000000042ec        0x8 e:/ch32_ide/mounriver_studio2/resources/app/resources/win32/components/wch/toolchain/risc-v embedded gcc/bin/../lib/gcc/riscv-none-embed/8.2.0/../../../../riscv-none-embed/lib/rv32imafcxw/ilp32f\libprintfloat.a(printfloat.o)
                                          0x7 (size before relaxing)
 .rodata.__muldf3
                0x00000000000042f4       0x40 e:/ch32_ide/mounriver_studio2/resources/app/resources/win32/components/wch/toolchain/risc-v embedded gcc/bin/../lib/gcc/riscv-none-embed/8.2.0/rv32imafcxw/ilp32f\libgcc.a(muldf3.o)
 .rodata.__clz_tab
                0x0000000000004334      0x100 e:/ch32_ide/mounriver_studio2/resources/app/resources/win32/components/wch/toolchain/risc-v embedded gcc/bin/../lib/gcc/riscv-none-embed/8.2.0/rv32imafcxw/ilp32f\libgcc.a(_clz.o)
                0x0000000000004334                __clz_tab
 *(.gnu.linkonce.t.*)
                0x0000000000004434                . = ALIGN (0x4)

.rela.dyn       0x0000000000004434        0x0
 .rela.text.startup.main
                0x0000000000004434        0x0 ./User/ch32v30x_it.o
 .rela.init     0x0000000000004434        0x0 ./User/ch32v30x_it.o
 .rela.vector   0x0000000000004434        0x0 ./User/ch32v30x_it.o
 .rela.text.handle_reset
                0x0000000000004434        0x0 ./User/ch32v30x_it.o
 .rela.text.prints
                0x0000000000004434        0x0 ./User/ch32v30x_it.o
 .rela.text.printInt
                0x0000000000004434        0x0 ./User/ch32v30x_it.o
 .rela.text.printLongLongInt
                0x0000000000004434        0x0 ./User/ch32v30x_it.o
 .rela.text.printDouble
                0x0000000000004434        0x0 ./User/ch32v30x_it.o
 .rela.text.print
                0x0000000000004434        0x0 ./User/ch32v30x_it.o
 .rela.text.printf
                0x0000000000004434        0x0 ./User/ch32v30x_it.o

.fini           0x0000000000004434        0x0
 *(SORT_NONE(.fini))
                0x0000000000004434                . = ALIGN (0x4)
                [!provide]                        PROVIDE (_etext = .)
                [!provide]                        PROVIDE (_eitcm = .)

.preinit_array  0x0000000000004434        0x0
                [!provide]                        PROVIDE (__preinit_array_start = .)
 *(.preinit_array)
                [!provide]                        PROVIDE (__preinit_array_end = .)

.init_array     0x0000000000004434        0x0
                [!provide]                        PROVIDE (__init_array_start = .)
 *(SORT_BY_INIT_PRIORITY(.init_array.*) SORT_BY_INIT_PRIORITY(.ctors.*))
 *(.init_array EXCLUDE_FILE(*crtend?.o *crtend.o *crtbegin?.o *crtbegin.o) .ctors)
                [!provide]                        PROVIDE (__init_array_end = .)

.fini_array     0x0000000000004434        0x0
                [!provide]                        PROVIDE (__fini_array_start = .)
 *(SORT_BY_INIT_PRIORITY(.fini_array.*) SORT_BY_INIT_PRIORITY(.dtors.*))
 *(.fini_array EXCLUDE_FILE(*crtend?.o *crtend.o *crtbegin?.o *crtbegin.o) .dtors)
                [!provide]                        PROVIDE (__fini_array_end = .)

.ctors
 *crtbegin.o(.ctors)
 *crtbegin?.o(.ctors)
 *(EXCLUDE_FILE(*crtend?.o *crtend.o) .ctors)
 *(SORT_BY_NAME(.ctors.*))
 *(.ctors)

.dtors
 *crtbegin.o(.dtors)
 *crtbegin?.o(.dtors)
 *(EXCLUDE_FILE(*crtend?.o *crtend.o) .dtors)
 *(SORT_BY_NAME(.dtors.*))
 *(.dtors)

.dalign         0x0000000020000000        0x0 load address 0x0000000000004434
                0x0000000020000000                . = ALIGN (0x4)
                0x0000000020000000                PROVIDE (_data_vma = .)

.dlalign        0x0000000000004434        0x0
                0x0000000000004434                . = ALIGN (0x4)
                0x0000000000004434                PROVIDE (_data_lma = .)

.data           0x0000000020000000       0x40 load address 0x0000000000004434
 *(.gnu.linkonce.r.*)
 *(.data .data.*)
 .data.AHBPrescTable
                0x0000000020000000       0x10 ./User/system_ch32v30x.o
                0x0000000020000000                AHBPrescTable
 .data.APBAHBPrescTable
                0x0000000020000010       0x10 ./Peripheral/src/ch32v30x_rcc.o
 *(.gnu.linkonce.d.*)
                0x0000000020000020                . = ALIGN (0x8)
                0x0000000020000820                PROVIDE (__global_pointer$ = (. + 0x800))
 *(.sdata .sdata.*)
 .sdata.SystemCoreClock
                0x0000000020000020        0x4 ./User/system_ch32v30x.o
                0x0000000020000020                SystemCoreClock
 .sdata.ADCPrescTable
                0x0000000020000024        0x4 ./Peripheral/src/ch32v30x_rcc.o
 .sdata.angle_to_pulse_1
                0x0000000020000028        0x4 ./Architecture/module/STEP/step.o
                0x0000000020000028                angle_to_pulse_1
 .sdata.angle_to_pulse_4
                0x000000002000002c        0x4 ./Architecture/module/STEP/step.o
                0x000000002000002c                angle_to_pulse_4
 .sdata.angle_to_pulse_5
                0x0000000020000030        0x4 ./Architecture/module/STEP/step.o
                0x0000000020000030                angle_to_pulse_5
 .sdata.angle_to_pulse_6
                0x0000000020000034        0x4 ./Architecture/module/STEP/step.o
                0x0000000020000034                angle_to_pulse_6
 .sdata.direction_1
                0x0000000020000038        0x1 ./Architecture/module/STEP/step.o
                0x0000000020000038                direction_1
 .sdata.direction_4
                0x0000000020000039        0x1 ./Architecture/module/STEP/step.o
                0x0000000020000039                direction_4
 .sdata.direction_5
                0x000000002000003a        0x1 ./Architecture/module/STEP/step.o
                0x000000002000003a                direction_5
 *fill*         0x000000002000003b        0x1 
 .sdata.CAN2FilterStartBank
                0x000000002000003c        0x4 ./Architecture/bsp/can/can.o
                0x000000002000003c                CAN2FilterStartBank
 *(.sdata2.*)
 *(.gnu.linkonce.s.*)
                0x0000000020000040                . = ALIGN (0x8)
 *(.srodata.cst16)
 *(.srodata.cst8)
 *(.srodata.cst4)
 *(.srodata.cst2)
 *(.srodata .srodata.*)
                0x0000000020000040                . = ALIGN (0x4)
                0x0000000020000040                PROVIDE (_edata = .)

.bss            0x0000000020000040      0x53c load address 0x0000000000004474
                0x0000000020000040                . = ALIGN (0x4)
                0x0000000020000040                PROVIDE (_sbss = .)
 *(.sbss*)
 .sbss.NVIC_Priority_Group
                0x0000000020000040        0x4 ./Peripheral/src/ch32v30x_misc.o
                0x0000000020000040                NVIC_Priority_Group
 .sbss.p_ms     0x0000000020000044        0x2 ./Debug/debug.o
 .sbss.p_us     0x0000000020000046        0x1 ./Debug/debug.o
 .sbss.direction_6
                0x0000000020000047        0x1 ./Architecture/module/STEP/step.o
                0x0000000020000047                direction_6
 .sbss.lcd_cmd  0x0000000020000048        0x1 ./Architecture/bsp/uart/uart.o
                0x0000000020000048                lcd_cmd
 *fill*         0x0000000020000049        0x3 
 .sbss.canexbuf_interrupt
                0x000000002000004c        0x8 ./Architecture/bsp/can/can.o
                0x000000002000004c                canexbuf_interrupt
 .sbss.interrupt_rx_flag
                0x0000000020000054        0x1 ./Architecture/bsp/can/can.o
                0x0000000020000054                interrupt_rx_flag
 *(.gnu.linkonce.sb.*)
 *(.bss*)
 *fill*         0x0000000020000055        0x3 
 .bss.USART_DMA_CTRL
                0x0000000020000058      0x101 ./Architecture/bsp/uart/uart_dma.o
                0x0000000020000058                USART_DMA_CTRL
 *fill*         0x0000000020000159        0x3 
 .bss.ring_buffer
                0x000000002000015c      0x406 ./Architecture/bsp/uart/uart_dma.o
                0x000000002000015c                ring_buffer
 *fill*         0x0000000020000562        0x2 
 .bss.CANFilterStruct
                0x0000000020000564       0x18 ./Architecture/bsp/can/can.o
                0x0000000020000564                CANFilterStruct
 *(.gnu.linkonce.b.*)
 *(COMMON*)
                0x000000002000057c                . = ALIGN (0x4)
                0x000000002000057c                PROVIDE (_ebss = .)
                0x000000002000057c                PROVIDE (_end = _ebss)
                [!provide]                        PROVIDE (end = .)

.stack          0x0000000020007800      0x800
                0x0000000020007800                PROVIDE (_heap_end = .)
                0x0000000020007800                . = ALIGN (0x4)
                [!provide]                        PROVIDE (_susrstack = .)
                0x0000000020008000                . = (. + __stack_size)
 *fill*         0x0000000020007800      0x800 
                0x0000000020008000                PROVIDE (_eusrstack = .)
OUTPUT(Networking.elf elf32-littleriscv)

.debug_info     0x0000000000000000    0x10ae7
 .debug_info    0x0000000000000000      0xbc0 ./User/ch32v30x_it.o
 .debug_info    0x0000000000000bc0      0xce3 ./User/main.o
 .debug_info    0x00000000000018a3      0xbb5 ./User/system_ch32v30x.o
 .debug_info    0x0000000000002458       0x22 ./Startup/startup_ch32v30x_D8C.o
 .debug_info    0x000000000000247a     0x1860 ./Peripheral/src/ch32v30x_can.o
 .debug_info    0x0000000000003cda      0xa94 ./Peripheral/src/ch32v30x_dbgmcu.o
 .debug_info    0x000000000000476e      0xd16 ./Peripheral/src/ch32v30x_dma.o
 .debug_info    0x0000000000005484     0x12aa ./Peripheral/src/ch32v30x_gpio.o
 .debug_info    0x000000000000672e      0xf5b ./Peripheral/src/ch32v30x_misc.o
 .debug_info    0x0000000000007689     0x158a ./Peripheral/src/ch32v30x_rcc.o
 .debug_info    0x0000000000008c13     0x13cd ./Peripheral/src/ch32v30x_usart.o
 .debug_info    0x0000000000009fe0      0xf6f ./Debug/debug.o
 .debug_info    0x000000000000af4f      0xbf6 ./Architecture/module/STEP/step.o
 .debug_info    0x000000000000bb45      0xb4f ./Architecture/module/BLDC/bldc.o
 .debug_info    0x000000000000c694     0x1196 ./Architecture/bsp/uart/uart.o
 .debug_info    0x000000000000d82a     0x172d ./Architecture/bsp/uart/uart_dma.o
 .debug_info    0x000000000000ef57     0x1b90 ./Architecture/bsp/can/can.o

.debug_abbrev   0x0000000000000000     0x3094
 .debug_abbrev  0x0000000000000000      0x22c ./User/ch32v30x_it.o
 .debug_abbrev  0x000000000000022c      0x247 ./User/main.o
 .debug_abbrev  0x0000000000000473      0x2c0 ./User/system_ch32v30x.o
 .debug_abbrev  0x0000000000000733       0x12 ./Startup/startup_ch32v30x_D8C.o
 .debug_abbrev  0x0000000000000745      0x3fe ./Peripheral/src/ch32v30x_can.o
 .debug_abbrev  0x0000000000000b43      0x2f7 ./Peripheral/src/ch32v30x_dbgmcu.o
 .debug_abbrev  0x0000000000000e3a      0x2fd ./Peripheral/src/ch32v30x_dma.o
 .debug_abbrev  0x0000000000001137      0x31a ./Peripheral/src/ch32v30x_gpio.o
 .debug_abbrev  0x0000000000001451      0x2da ./Peripheral/src/ch32v30x_misc.o
 .debug_abbrev  0x000000000000172b      0x351 ./Peripheral/src/ch32v30x_rcc.o
 .debug_abbrev  0x0000000000001a7c      0x312 ./Peripheral/src/ch32v30x_usart.o
 .debug_abbrev  0x0000000000001d8e      0x2f5 ./Debug/debug.o
 .debug_abbrev  0x0000000000002083      0x2ae ./Architecture/module/STEP/step.o
 .debug_abbrev  0x0000000000002331      0x26c ./Architecture/module/BLDC/bldc.o
 .debug_abbrev  0x000000000000259d      0x2c2 ./Architecture/bsp/uart/uart.o
 .debug_abbrev  0x000000000000285f      0x383 ./Architecture/bsp/uart/uart_dma.o
 .debug_abbrev  0x0000000000002be2      0x4b2 ./Architecture/bsp/can/can.o

.debug_aranges  0x0000000000000000      0x708
 .debug_aranges
                0x0000000000000000       0x28 ./User/ch32v30x_it.o
 .debug_aranges
                0x0000000000000028       0x20 ./User/main.o
 .debug_aranges
                0x0000000000000048       0x28 ./User/system_ch32v30x.o
 .debug_aranges
                0x0000000000000070       0x30 ./Startup/startup_ch32v30x_D8C.o
 .debug_aranges
                0x00000000000000a0       0xd8 ./Peripheral/src/ch32v30x_can.o
 .debug_aranges
                0x0000000000000178       0x48 ./Peripheral/src/ch32v30x_dbgmcu.o
 .debug_aranges
                0x00000000000001c0       0x60 ./Peripheral/src/ch32v30x_dma.o
 .debug_aranges
                0x0000000000000220       0xb0 ./Peripheral/src/ch32v30x_gpio.o
 .debug_aranges
                0x00000000000002d0       0x28 ./Peripheral/src/ch32v30x_misc.o
 .debug_aranges
                0x00000000000002f8      0x1a8 ./Peripheral/src/ch32v30x_rcc.o
 .debug_aranges
                0x00000000000004a0       0xf0 ./Peripheral/src/ch32v30x_usart.o
 .debug_aranges
                0x0000000000000590       0x50 ./Debug/debug.o
 .debug_aranges
                0x00000000000005e0       0x28 ./Architecture/module/STEP/step.o
 .debug_aranges
                0x0000000000000608       0x30 ./Architecture/module/BLDC/bldc.o
 .debug_aranges
                0x0000000000000638       0x30 ./Architecture/bsp/uart/uart.o
 .debug_aranges
                0x0000000000000668       0x50 ./Architecture/bsp/uart/uart_dma.o
 .debug_aranges
                0x00000000000006b8       0x50 ./Architecture/bsp/can/can.o

.debug_ranges   0x0000000000000000      0x698
 .debug_ranges  0x0000000000000000       0x18 ./User/ch32v30x_it.o
 .debug_ranges  0x0000000000000018       0x10 ./User/main.o
 .debug_ranges  0x0000000000000028       0x38 ./User/system_ch32v30x.o
 .debug_ranges  0x0000000000000060       0x28 ./Startup/startup_ch32v30x_D8C.o
 .debug_ranges  0x0000000000000088       0xf8 ./Peripheral/src/ch32v30x_can.o
 .debug_ranges  0x0000000000000180       0x50 ./Peripheral/src/ch32v30x_dbgmcu.o
 .debug_ranges  0x00000000000001d0       0x50 ./Peripheral/src/ch32v30x_dma.o
 .debug_ranges  0x0000000000000220       0xa0 ./Peripheral/src/ch32v30x_gpio.o
 .debug_ranges  0x00000000000002c0       0x30 ./Peripheral/src/ch32v30x_misc.o
 .debug_ranges  0x00000000000002f0      0x198 ./Peripheral/src/ch32v30x_rcc.o
 .debug_ranges  0x0000000000000488       0xe0 ./Peripheral/src/ch32v30x_usart.o
 .debug_ranges  0x0000000000000568       0x40 ./Debug/debug.o
 .debug_ranges  0x00000000000005a8       0x18 ./Architecture/module/STEP/step.o
 .debug_ranges  0x00000000000005c0       0x20 ./Architecture/module/BLDC/bldc.o
 .debug_ranges  0x00000000000005e0       0x20 ./Architecture/bsp/uart/uart.o
 .debug_ranges  0x0000000000000600       0x40 ./Architecture/bsp/uart/uart_dma.o
 .debug_ranges  0x0000000000000640       0x58 ./Architecture/bsp/can/can.o

.debug_line     0x0000000000000000     0xb6d0
 .debug_line    0x0000000000000000      0x332 ./User/ch32v30x_it.o
 .debug_line    0x0000000000000332      0x66d ./User/main.o
 .debug_line    0x000000000000099f      0x97b ./User/system_ch32v30x.o
 .debug_line    0x000000000000131a      0x152 ./Startup/startup_ch32v30x_D8C.o
 .debug_line    0x000000000000146c     0x1fae ./Peripheral/src/ch32v30x_can.o
 .debug_line    0x000000000000341a      0x43d ./Peripheral/src/ch32v30x_dbgmcu.o
 .debug_line    0x0000000000003857      0xa8e ./Peripheral/src/ch32v30x_dma.o
 .debug_line    0x00000000000042e5     0x1314 ./Peripheral/src/ch32v30x_gpio.o
 .debug_line    0x00000000000055f9      0x492 ./Peripheral/src/ch32v30x_misc.o
 .debug_line    0x0000000000005a8b     0x1a46 ./Peripheral/src/ch32v30x_rcc.o
 .debug_line    0x00000000000074d1      0xfb3 ./Peripheral/src/ch32v30x_usart.o
 .debug_line    0x0000000000008484      0x7f8 ./Debug/debug.o
 .debug_line    0x0000000000008c7c      0x728 ./Architecture/module/STEP/step.o
 .debug_line    0x00000000000093a4      0x5ba ./Architecture/module/BLDC/bldc.o
 .debug_line    0x000000000000995e      0x5ea ./Architecture/bsp/uart/uart.o
 .debug_line    0x0000000000009f48      0xb9d ./Architecture/bsp/uart/uart_dma.o
 .debug_line    0x000000000000aae5      0xbeb ./Architecture/bsp/can/can.o

.debug_str      0x0000000000000000     0x2c52
 .debug_str     0x0000000000000000      0x645 ./User/ch32v30x_it.o
                                        0x6b9 (size before relaxing)
 .debug_str     0x0000000000000645      0x17a ./User/main.o
                                        0x75e (size before relaxing)
 .debug_str     0x00000000000007bf      0x109 ./User/system_ch32v30x.o
                                        0x71e (size before relaxing)
 .debug_str     0x00000000000008c8       0x5e ./Startup/startup_ch32v30x_D8C.o
                                         0xa0 (size before relaxing)
 .debug_str     0x0000000000000926      0x5c7 ./Peripheral/src/ch32v30x_can.o
                                        0xc42 (size before relaxing)
 .debug_str     0x0000000000000eed       0xae ./Peripheral/src/ch32v30x_dbgmcu.o
                                        0x6aa (size before relaxing)
 .debug_str     0x0000000000000f9b      0x23c ./Peripheral/src/ch32v30x_dma.o
                                        0x857 (size before relaxing)
 .debug_str     0x00000000000011d7      0x3f5 ./Peripheral/src/ch32v30x_gpio.o
                                        0xa14 (size before relaxing)
 .debug_str     0x00000000000015cc      0x685 ./Peripheral/src/ch32v30x_misc.o
                                        0xd1d (size before relaxing)
 .debug_str     0x0000000000001c51      0x5db ./Peripheral/src/ch32v30x_rcc.o
                                        0xd43 (size before relaxing)
 .debug_str     0x000000000000222c      0x42b ./Peripheral/src/ch32v30x_usart.o
                                        0xb5e (size before relaxing)
 .debug_str     0x0000000000002657       0xca ./Debug/debug.o
                                        0x99c (size before relaxing)
 .debug_str     0x0000000000002721      0x11c ./Architecture/module/STEP/step.o
                                        0x713 (size before relaxing)
 .debug_str     0x000000000000283d       0x65 ./Architecture/module/BLDC/bldc.o
                                        0x661 (size before relaxing)
 .debug_str     0x00000000000028a2       0x90 ./Architecture/bsp/uart/uart.o
                                        0xf42 (size before relaxing)
 .debug_str     0x0000000000002932      0x153 ./Architecture/bsp/uart/uart_dma.o
                                       0x11d5 (size before relaxing)
 .debug_str     0x0000000000002a85      0x1cd ./Architecture/bsp/can/can.o
                                       0x1297 (size before relaxing)

.comment        0x0000000000000000       0x33
 .comment       0x0000000000000000       0x33 ./User/ch32v30x_it.o
                                         0x34 (size before relaxing)
 .comment       0x0000000000000033       0x34 ./User/main.o
 .comment       0x0000000000000033       0x34 ./User/system_ch32v30x.o
 .comment       0x0000000000000033       0x34 ./Peripheral/src/ch32v30x_can.o
 .comment       0x0000000000000033       0x34 ./Peripheral/src/ch32v30x_dbgmcu.o
 .comment       0x0000000000000033       0x34 ./Peripheral/src/ch32v30x_dma.o
 .comment       0x0000000000000033       0x34 ./Peripheral/src/ch32v30x_gpio.o
 .comment       0x0000000000000033       0x34 ./Peripheral/src/ch32v30x_misc.o
 .comment       0x0000000000000033       0x34 ./Peripheral/src/ch32v30x_rcc.o
 .comment       0x0000000000000033       0x34 ./Peripheral/src/ch32v30x_usart.o
 .comment       0x0000000000000033       0x34 ./Debug/debug.o
 .comment       0x0000000000000033       0x34 ./Architecture/module/STEP/step.o
 .comment       0x0000000000000033       0x34 ./Architecture/module/BLDC/bldc.o
 .comment       0x0000000000000033       0x34 ./Architecture/bsp/uart/uart.o
 .comment       0x0000000000000033       0x34 ./Architecture/bsp/uart/uart_dma.o
 .comment       0x0000000000000033       0x34 ./Architecture/bsp/can/can.o
 .comment       0x0000000000000033       0x34 e:/ch32_ide/mounriver_studio2/resources/app/resources/win32/components/wch/toolchain/risc-v embedded gcc/bin/../lib/gcc/riscv-none-embed/8.2.0/../../../../riscv-none-embed/lib/rv32imafcxw/ilp32f\libprintfloat.a(printfloat.o)

.debug_frame    0x0000000000000000     0x10fc
 .debug_frame   0x0000000000000000       0x30 ./User/ch32v30x_it.o
 .debug_frame   0x0000000000000030       0x28 ./User/main.o
 .debug_frame   0x0000000000000058       0x3c ./User/system_ch32v30x.o
 .debug_frame   0x0000000000000094      0x1b4 ./Peripheral/src/ch32v30x_can.o
 .debug_frame   0x0000000000000248       0x70 ./Peripheral/src/ch32v30x_dbgmcu.o
 .debug_frame   0x00000000000002b8       0xd8 ./Peripheral/src/ch32v30x_dma.o
 .debug_frame   0x0000000000000390      0x174 ./Peripheral/src/ch32v30x_gpio.o
 .debug_frame   0x0000000000000504       0x30 ./Peripheral/src/ch32v30x_misc.o
 .debug_frame   0x0000000000000534      0x344 ./Peripheral/src/ch32v30x_rcc.o
 .debug_frame   0x0000000000000878      0x1e4 ./Peripheral/src/ch32v30x_usart.o
 .debug_frame   0x0000000000000a5c       0xb8 ./Debug/debug.o
 .debug_frame   0x0000000000000b14       0x58 ./Architecture/module/STEP/step.o
 .debug_frame   0x0000000000000b6c       0x64 ./Architecture/module/BLDC/bldc.o
 .debug_frame   0x0000000000000bd0       0xbc ./Architecture/bsp/uart/uart.o
 .debug_frame   0x0000000000000c8c      0x1c8 ./Architecture/bsp/uart/uart_dma.o
 .debug_frame   0x0000000000000e54      0x144 ./Architecture/bsp/can/can.o
 .debug_frame   0x0000000000000f98       0x20 e:/ch32_ide/mounriver_studio2/resources/app/resources/win32/components/wch/toolchain/risc-v embedded gcc/bin/../lib/gcc/riscv-none-embed/8.2.0/rv32imafcxw/ilp32f\libgcc.a(ledf2.o)
 .debug_frame   0x0000000000000fb8       0x58 e:/ch32_ide/mounriver_studio2/resources/app/resources/win32/components/wch/toolchain/risc-v embedded gcc/bin/../lib/gcc/riscv-none-embed/8.2.0/rv32imafcxw/ilp32f\libgcc.a(muldf3.o)
 .debug_frame   0x0000000000001010       0x44 e:/ch32_ide/mounriver_studio2/resources/app/resources/win32/components/wch/toolchain/risc-v embedded gcc/bin/../lib/gcc/riscv-none-embed/8.2.0/rv32imafcxw/ilp32f\libgcc.a(subdf3.o)
 .debug_frame   0x0000000000001054       0x20 e:/ch32_ide/mounriver_studio2/resources/app/resources/win32/components/wch/toolchain/risc-v embedded gcc/bin/../lib/gcc/riscv-none-embed/8.2.0/rv32imafcxw/ilp32f\libgcc.a(fixdfdi.o)
 .debug_frame   0x0000000000001074       0x48 e:/ch32_ide/mounriver_studio2/resources/app/resources/win32/components/wch/toolchain/risc-v embedded gcc/bin/../lib/gcc/riscv-none-embed/8.2.0/rv32imafcxw/ilp32f\libgcc.a(floatdidf.o)
 .debug_frame   0x00000000000010bc       0x20 e:/ch32_ide/mounriver_studio2/resources/app/resources/win32/components/wch/toolchain/risc-v embedded gcc/bin/../lib/gcc/riscv-none-embed/8.2.0/rv32imafcxw/ilp32f\libgcc.a(_clzsi2.o)
 .debug_frame   0x00000000000010dc       0x20 e:/ch32_ide/mounriver_studio2/resources/app/resources/win32/components/wch/toolchain/risc-v embedded gcc/bin/../lib/gcc/riscv-none-embed/8.2.0/../../../../riscv-none-embed/lib/rv32imafcxw/ilp32f\libg_nano.a(lib_a-memcpy.o)

.debug_loc      0x0000000000000000     0x3305
 .debug_loc     0x0000000000000000      0x163 ./User/system_ch32v30x.o
 .debug_loc     0x0000000000000163      0xa45 ./Peripheral/src/ch32v30x_can.o
 .debug_loc     0x0000000000000ba8       0x7c ./Peripheral/src/ch32v30x_dbgmcu.o
 .debug_loc     0x0000000000000c24      0x19a ./Peripheral/src/ch32v30x_dma.o
 .debug_loc     0x0000000000000dbe      0x72b ./Peripheral/src/ch32v30x_gpio.o
 .debug_loc     0x00000000000014e9       0x61 ./Peripheral/src/ch32v30x_misc.o
 .debug_loc     0x000000000000154a      0xadb ./Peripheral/src/ch32v30x_rcc.o
 .debug_loc     0x0000000000002025      0x779 ./Peripheral/src/ch32v30x_usart.o
 .debug_loc     0x000000000000279e      0x177 ./Debug/debug.o
 .debug_loc     0x0000000000002915      0x334 ./Architecture/module/STEP/step.o
 .debug_loc     0x0000000000002c49       0xcf ./Architecture/module/BLDC/bldc.o
 .debug_loc     0x0000000000002d18       0x30 ./Architecture/bsp/uart/uart.o
 .debug_loc     0x0000000000002d48      0x1d4 ./Architecture/bsp/uart/uart_dma.o
 .debug_loc     0x0000000000002f1c      0x3e9 ./Architecture/bsp/can/can.o
